Archive member included to satisfy reference by file (symbol)

d:/stm32/programs/stm32_cube_ide/stm32cubeide_1.5.0/stm32cubeide/plugins/com.st.stm32cube.ide.mcu.externaltools.gnu-tools-for-stm32.9-2020-q2-update.win32_2.0.0.202105311346/tools/bin/../lib/gcc/arm-none-eabi/9.3.1/../../../../arm-none-eabi/lib/thumb/v7e-m+fp/hard\libc_nano.a(lib_a-atof.o)
                              ./Core/Src/parser.o (atof)
d:/stm32/programs/stm32_cube_ide/stm32cubeide_1.5.0/stm32cubeide/plugins/com.st.stm32cube.ide.mcu.externaltools.gnu-tools-for-stm32.9-2020-q2-update.win32_2.0.0.202105311346/tools/bin/../lib/gcc/arm-none-eabi/9.3.1/../../../../arm-none-eabi/lib/thumb/v7e-m+fp/hard\libc_nano.a(lib_a-atoi.o)
                              ./Core/Src/parser.o (atoi)
d:/stm32/programs/stm32_cube_ide/stm32cubeide_1.5.0/stm32cubeide/plugins/com.st.stm32cube.ide.mcu.externaltools.gnu-tools-for-stm32.9-2020-q2-update.win32_2.0.0.202105311346/tools/bin/../lib/gcc/arm-none-eabi/9.3.1/../../../../arm-none-eabi/lib/thumb/v7e-m+fp/hard\libc_nano.a(lib_a-errno.o)
                              ./Core/Src/syscalls.o (__errno)
d:/stm32/programs/stm32_cube_ide/stm32cubeide_1.5.0/stm32cubeide/plugins/com.st.stm32cube.ide.mcu.externaltools.gnu-tools-for-stm32.9-2020-q2-update.win32_2.0.0.202105311346/tools/bin/../lib/gcc/arm-none-eabi/9.3.1/../../../../arm-none-eabi/lib/thumb/v7e-m+fp/hard\libc_nano.a(lib_a-exit.o)
                              d:/stm32/programs/stm32_cube_ide/stm32cubeide_1.5.0/stm32cubeide/plugins/com.st.stm32cube.ide.mcu.externaltools.gnu-tools-for-stm32.9-2020-q2-update.win32_2.0.0.202105311346/tools/bin/../lib/gcc/arm-none-eabi/9.3.1/../../../../arm-none-eabi/lib/thumb/v7e-m+fp/hard/crt0.o (exit)
d:/stm32/programs/stm32_cube_ide/stm32cubeide_1.5.0/stm32cubeide/plugins/com.st.stm32cube.ide.mcu.externaltools.gnu-tools-for-stm32.9-2020-q2-update.win32_2.0.0.202105311346/tools/bin/../lib/gcc/arm-none-eabi/9.3.1/../../../../arm-none-eabi/lib/thumb/v7e-m+fp/hard\libc_nano.a(lib_a-impure.o)
                              d:/stm32/programs/stm32_cube_ide/stm32cubeide_1.5.0/stm32cubeide/plugins/com.st.stm32cube.ide.mcu.externaltools.gnu-tools-for-stm32.9-2020-q2-update.win32_2.0.0.202105311346/tools/bin/../lib/gcc/arm-none-eabi/9.3.1/../../../../arm-none-eabi/lib/thumb/v7e-m+fp/hard\libc_nano.a(lib_a-exit.o) (_global_impure_ptr)
d:/stm32/programs/stm32_cube_ide/stm32cubeide_1.5.0/stm32cubeide/plugins/com.st.stm32cube.ide.mcu.externaltools.gnu-tools-for-stm32.9-2020-q2-update.win32_2.0.0.202105311346/tools/bin/../lib/gcc/arm-none-eabi/9.3.1/../../../../arm-none-eabi/lib/thumb/v7e-m+fp/hard\libc_nano.a(lib_a-init.o)
                              d:/stm32/programs/stm32_cube_ide/stm32cubeide_1.5.0/stm32cubeide/plugins/com.st.stm32cube.ide.mcu.externaltools.gnu-tools-for-stm32.9-2020-q2-update.win32_2.0.0.202105311346/tools/bin/../lib/gcc/arm-none-eabi/9.3.1/../../../../arm-none-eabi/lib/thumb/v7e-m+fp/hard/crt0.o (__libc_init_array)
d:/stm32/programs/stm32_cube_ide/stm32cubeide_1.5.0/stm32cubeide/plugins/com.st.stm32cube.ide.mcu.externaltools.gnu-tools-for-stm32.9-2020-q2-update.win32_2.0.0.202105311346/tools/bin/../lib/gcc/arm-none-eabi/9.3.1/../../../../arm-none-eabi/lib/thumb/v7e-m+fp/hard\libc_nano.a(lib_a-memset.o)
                              d:/stm32/programs/stm32_cube_ide/stm32cubeide_1.5.0/stm32cubeide/plugins/com.st.stm32cube.ide.mcu.externaltools.gnu-tools-for-stm32.9-2020-q2-update.win32_2.0.0.202105311346/tools/bin/../lib/gcc/arm-none-eabi/9.3.1/../../../../arm-none-eabi/lib/thumb/v7e-m+fp/hard/crt0.o (memset)
d:/stm32/programs/stm32_cube_ide/stm32cubeide_1.5.0/stm32cubeide/plugins/com.st.stm32cube.ide.mcu.externaltools.gnu-tools-for-stm32.9-2020-q2-update.win32_2.0.0.202105311346/tools/bin/../lib/gcc/arm-none-eabi/9.3.1/../../../../arm-none-eabi/lib/thumb/v7e-m+fp/hard\libc_nano.a(lib_a-nano-vfprintf_float.o)
                              (_printf_float)
d:/stm32/programs/stm32_cube_ide/stm32cubeide_1.5.0/stm32cubeide/plugins/com.st.stm32cube.ide.mcu.externaltools.gnu-tools-for-stm32.9-2020-q2-update.win32_2.0.0.202105311346/tools/bin/../lib/gcc/arm-none-eabi/9.3.1/../../../../arm-none-eabi/lib/thumb/v7e-m+fp/hard\libc_nano.a(lib_a-nano-vfprintf_i.o)
                              d:/stm32/programs/stm32_cube_ide/stm32cubeide_1.5.0/stm32cubeide/plugins/com.st.stm32cube.ide.mcu.externaltools.gnu-tools-for-stm32.9-2020-q2-update.win32_2.0.0.202105311346/tools/bin/../lib/gcc/arm-none-eabi/9.3.1/../../../../arm-none-eabi/lib/thumb/v7e-m+fp/hard\libc_nano.a(lib_a-nano-vfprintf_float.o) (_printf_common)
d:/stm32/programs/stm32_cube_ide/stm32cubeide_1.5.0/stm32cubeide/plugins/com.st.stm32cube.ide.mcu.externaltools.gnu-tools-for-stm32.9-2020-q2-update.win32_2.0.0.202105311346/tools/bin/../lib/gcc/arm-none-eabi/9.3.1/../../../../arm-none-eabi/lib/thumb/v7e-m+fp/hard\libc_nano.a(lib_a-nano-vfscanf_float.o)
                              (_scanf_float)
[...]
Memory Configuration

Name             Origin             Length             Attributes
RAM              0x0000000020000000 0x0000000000020000 xrw
FLASH            0x0000000008000000 0x0000000000080000 xr
*default*        0x0000000000000000 0xffffffffffffffff

Linker script and memory map

LOAD d:/stm32/programs/stm32_cube_ide/stm32cubeide_1.5.0/stm32cubeide/plugins/com.st.stm32cube.ide.mcu.externaltools.gnu-tools-for-stm32.9-2020-q2-update.win32_2.0.0.202105311346/tools/bin/../lib/gcc/arm-none-eabi/9.3.1/thumb/v7e-m+fp/hard/crti.o
LOAD d:/stm32/programs/stm32_cube_ide/stm32cubeide_1.5.0/stm32cubeide/plugins/com.st.stm32cube.ide.mcu.externaltools.gnu-tools-for-stm32.9-2020-q2-update.win32_2.0.0.202105311346/tools/bin/../lib/gcc/arm-none-eabi/9.3.1/thumb/v7e-m+fp/hard/crtbegin.o
LOAD d:/stm32/programs/stm32_cube_ide/stm32cubeide_1.5.0/stm32cubeide/plugins/com.st.stm32cube.ide.mcu.externaltools.gnu-tools-for-stm32.9-2020-q2-update.win32_2.0.0.202105311346/tools/bin/../lib/gcc/arm-none-eabi/9.3.1/../../../../arm-none-eabi/lib/thumb/v7e-m+fp/hard/crt0.o
LOAD ./Core/Src/ESP_parse.o
LOAD ./Core/Src/GFX_Color.o
LOAD ./Core/Src/GFX_EnhancedFonts.o
LOAD ./Core/Src/TFT_ILI9341.o
LOAD ./Core/Src/XPT2064.o
LOAD ./Core/Src/dma.o
LOAD ./Core/Src/ds3231_for_stm32_hal.o
LOAD ./Core/Src/eeprom.o
LOAD ./Core/Src/functions.o
LOAD ./Core/Src/gpio.o
LOAD ./Core/Src/i2c.o
LOAD ./Core/Src/main.o
LOAD ./Core/Src/menuTFT.o
LOAD ./Core/Src/parser.o
LOAD ./Core/Src/ring_buffer.o
LOAD ./Core/Src/spi.o
LOAD ./Core/Src/stm32f4xx_hal_msp.o
LOAD ./Core/Src/stm32f4xx_it.o
LOAD ./Core/Src/syscalls.o
LOAD ./Core/Src/sysmem.o
LOAD ./Core/Src/system_stm32f4xx.o
LOAD ./Core/Src/tim.o
LOAD ./Core/Src/uartdma.o
LOAD ./Core/Src/usart.o
LOAD ./Core/Src/EnhancedFonts/ArialBlack_28pts_bold.o
LOAD ./Core/Src/EnhancedFonts/arialBlack_11ptFontInfo.o
LOAD ./Core/Src/EnhancedFonts/arialBlack_20ptFontInfo.o
LOAD ./Core/Startup/startup_stm32f411ceux.o
LOAD ./Drivers/STM32F4xx_HAL_Driver/Src/stm32f4xx_hal.o
LOAD ./Drivers/STM32F4xx_HAL_Driver/Src/stm32f4xx_hal_cortex.o
LOAD ./Drivers/STM32F4xx_HAL_Driver/Src/stm32f4xx_hal_dma.o
LOAD ./Drivers/STM32F4xx_HAL_Driver/Src/stm32f4xx_hal_dma_ex.o
LOAD ./Drivers/STM32F4xx_HAL_Driver/Src/stm32f4xx_hal_exti.o
LOAD ./Drivers/STM32F4xx_HAL_Driver/Src/stm32f4xx_hal_flash.o
LOAD ./Drivers/STM32F4xx_HAL_Driver/Src/stm32f4xx_hal_flash_ex.o
LOAD ./Drivers/STM32F4xx_HAL_Driver/Src/stm32f4xx_hal_flash_ramfunc.o
LOAD ./Drivers/STM32F4xx_HAL_Driver/Src/stm32f4xx_hal_gpio.o
LOAD ./Drivers/STM32F4xx_HAL_Driver/Src/stm32f4xx_hal_i2c.o
LOAD ./Drivers/STM32F4xx_HAL_Driver/Src/stm32f4xx_hal_i2c_ex.o
LOAD ./Drivers/STM32F4xx_HAL_Driver/Src/stm32f4xx_hal_pwr.o
LOAD ./Drivers/STM32F4xx_HAL_Driver/Src/stm32f4xx_hal_pwr_ex.o
LOAD ./Drivers/STM32F4xx_HAL_Driver/Src/stm32f4xx_hal_rcc.o
LOAD ./Drivers/STM32F4xx_HAL_Driver/Src/stm32f4xx_hal_rcc_ex.o
LOAD ./Drivers/STM32F4xx_HAL_Driver/Src/stm32f4xx_hal_spi.o
LOAD ./Drivers/STM32F4xx_HAL_Driver/Src/stm32f4xx_hal_tim.o
LOAD ./Drivers/STM32F4xx_HAL_Driver/Src/stm32f4xx_hal_tim_ex.o
LOAD ./Drivers/STM32F4xx_HAL_Driver/Src/stm32f4xx_hal_uart.o
START GROUP
LOAD d:/stm32/programs/stm32_cube_ide/stm32cubeide_1.5.0/stm32cubeide/plugins/com.st.stm32cube.ide.mcu.externaltools.gnu-tools-for-stm32.9-2020-q2-update.win32_2.0.0.202105311346/tools/bin/../lib/gcc/arm-none-eabi/9.3.1/../../../../arm-none-eabi/lib/thumb/v7e-m+fp/hard\libc_nano.a
LOAD d:/stm32/programs/stm32_cube_ide/stm32cubeide_1.5.0/stm32cubeide/plugins/com.st.stm32cube.ide.mcu.externaltools.gnu-tools-for-stm32.9-2020-q2-update.win32_2.0.0.202105311346/tools/bin/../lib/gcc/arm-none-eabi/9.3.1/../../../../arm-none-eabi/lib/thumb/v7e-m+fp/hard\libm.a
END GROUP
START GROUP
LOAD d:/stm32/programs/stm32_cube_ide/stm32cubeide_1.5.0/stm32cubeide/plugins/com.st.stm32cube.ide.mcu.externaltools.gnu-tools-for-stm32.9-2020-q2-update.win32_2.0.0.202105311346/tools/bin/../lib/gcc/arm-none-eabi/9.3.1/thumb/v7e-m+fp/hard\libgcc.a
LOAD d:/stm32/programs/stm32_cube_ide/stm32cubeide_1.5.0/stm32cubeide/plugins/com.st.stm32cube.ide.mcu.externaltools.gnu-tools-for-stm32.9-2020-q2-update.win32_2.0.0.202105311346/tools/bin/../lib/gcc/arm-none-eabi/9.3.1/../../../../arm-none-eabi/lib/thumb/v7e-m+fp/hard\libc_nano.a
END GROUP
START GROUP
LOAD d:/stm32/programs/stm32_cube_ide/stm32cubeide_1.5.0/stm32cubeide/plugins/com.st.stm32cube.ide.mcu.externaltools.gnu-tools-for-stm32.9-2020-q2-update.win32_2.0.0.202105311346/tools/bin/../lib/gcc/arm-none-eabi/9.3.1/thumb/v7e-m+fp/hard\libgcc.a
LOAD d:/stm32/programs/stm32_cube_ide/stm32cubeide_1.5.0/stm32cubeide/plugins/com.st.stm32cube.ide.mcu.externaltools.gnu-tools-for-stm32.9-2020-q2-update.win32_2.0.0.202105311346/tools/bin/../lib/gcc/arm-none-eabi/9.3.1/../../../../arm-none-eabi/lib/thumb/v7e-m+fp/hard\libc_nano.a
LOAD d:/stm32/programs/stm32_cube_ide/stm32cubeide_1.5.0/stm32cubeide/plugins/com.st.stm32cube.ide.mcu.externaltools.gnu-tools-for-stm32.9-2020-q2-update.win32_2.0.0.202105311346/tools/bin/../lib/gcc/arm-none-eabi/9.3.1/../../../../arm-none-eabi/lib/thumb/v7e-m+fp/hard\libnosys.a
END GROUP
START GROUP
LOAD d:/stm32/programs/stm32_cube_ide/stm32cubeide_1.5.0/stm32cubeide/plugins/com.st.stm32cube.ide.mcu.externaltools.gnu-tools-for-stm32.9-2020-q2-update.win32_2.0.0.202105311346/tools/bin/../lib/gcc/arm-none-eabi/9.3.1/thumb/v7e-m+fp/hard\libgcc.a
LOAD d:/stm32/programs/stm32_cube_ide/stm32cubeide_1.5.0/stm32cubeide/plugins/com.st.stm32cube.ide.mcu.externaltools.gnu-tools-for-stm32.9-2020-q2-update.win32_2.0.0.202105311346/tools/bin/../lib/gcc/arm-none-eabi/9.3.1/../../../../arm-none-eabi/lib/thumb/v7e-m+fp/hard\libc_nano.a
LOAD d:/stm32/programs/stm32_cube_ide/stm32cubeide_1.5.0/stm32cubeide/plugins/com.st.stm32cube.ide.mcu.externaltools.gnu-tools-for-stm32.9-2020-q2-update.win32_2.0.0.202105311346/tools/bin/../lib/gcc/arm-none-eabi/9.3.1/../../../../arm-none-eabi/lib/thumb/v7e-m+fp/hard\libnosys.a
END GROUP
LOAD d:/stm32/programs/stm32_cube_ide/stm32cubeide_1.5.0/stm32cubeide/plugins/com.st.stm32cube.ide.mcu.externaltools.gnu-tools-for-stm32.9-2020-q2-update.win32_2.0.0.202105311346/tools/bin/../lib/gcc/arm-none-eabi/9.3.1/thumb/v7e-m+fp/hard/crtend.o
LOAD d:/stm32/programs/stm32_cube_ide/stm32cubeide_1.5.0/stm32cubeide/plugins/com.st.stm32cube.ide.mcu.externaltools.gnu-tools-for-stm32.9-2020-q2-update.win32_2.0.0.202105311346/tools/bin/../lib/gcc/arm-none-eabi/9.3.1/thumb/v7e-m+fp/hard/crtn.o
                0x0000000020020000                _estack = (ORIGIN (RAM) + LENGTH (RAM))
                0x0000000000000200                _Min_Heap_Size = 0x200
                0x0000000000000400                _Min_Stack_Size = 0x400

.isr_vector     0x0000000008000000      0x198
                0x0000000008000000                . = ALIGN (0x4)
 *(.isr_vector)
 .isr_vector    0x0000000008000000      0x198 ./Core/Startup/startup_stm32f411ceux.o
                0x0000000008000000                g_pfnVectors
                0x0000000008000198                . = ALIGN (0x4)

.text           0x00000000080001a0    0x15374
                0x00000000080001a0                . = ALIGN (0x4)
 *(.text)
 .text          0x00000000080001a0       0x40 d:/stm32/programs/stm32_cube_ide/stm32cubeide_1.5.0/stm32cubeide/plugins/com.st.stm32cube.ide.mcu.externaltools.gnu-tools-for-stm32.9-2020-q2-update.win32_2.0.0.202105311346/tools/bin/../lib/gcc/arm-none-eabi/9.3.1/thumb/v7e-m+fp/hard/crtbegin.o
 .text          0x00000000080001e0       0x14 d:/stm32/programs/stm32_cube_ide/stm32cubeide_1.5.0/stm32cubeide/plugins/com.st.stm32cube.ide.mcu.externaltools.gnu-tools-for-stm32.9-2020-q2-update.win32_2.0.0.202105311346/tools/bin/../lib/gcc/arm-none-eabi/9.3.1/../../../../arm-none-eabi/lib/thumb/v7e-m+fp/hard\libc_nano.a(lib_a-strcmp.o)
                0x00000000080001e0                strcmp
 .text          0x00000000080001f4       0x10 d:/stm32/programs/stm32_cube_ide/stm32cubeide_1.5.0/stm32cubeide/plugins/com.st.stm32cube.ide.mcu.externaltools.gnu-tools-for-stm32.9-2020-q2-update.win32_2.0.0.202105311346/tools/bin/../lib/gcc/arm-none-eabi/9.3.1/../../../../arm-none-eabi/lib/thumb/v7e-m+fp/hard\libc_nano.a(lib_a-strlen.o)
                0x00000000080001f4                strlen
 *fill*         0x0000000008000204        0xc 
 .text          0x0000000008000210       0xa0 d:/stm32/programs/stm32_cube_ide/stm32cubeide_1.5.0/stm32cubeide/plugins/com.st.stm32cube.ide.mcu.externaltools.gnu-tools-for-stm32.9-2020-q2-update.win32_2.0.0.202105311346/tools/bin/../lib/gcc/arm-none-eabi/9.3.1/../../../../arm-none-eabi/lib/thumb/v7e-m+fp/hard\libc_nano.a(lib_a-memchr.o)
                0x0000000008000210                memchr
 .text          0x00000000080002b0      0x378 d:/stm32/programs/stm32_cube_ide/stm32cubeide_1.5.0/stm32cubeide/plugins/com.st.stm32cube.ide.mcu.externaltools.gnu-tools-for-stm32.9-2020-q2-update.win32_2.0.0.202105311346/tools/bin/../lib/gcc/arm-none-eabi/9.3.1/thumb/v7e-m+fp/hard\libgcc.a(_arm_addsubdf3.o)
                0x00000000080002b0                __aeabi_drsub
                0x00000000080002b8                __aeabi_dsub
                0x00000000080002b8                __subdf3
                0x00000000080002bc                __aeabi_dadd
                0x00000000080002bc                __adddf3
                0x0000000008000534                __floatunsidf
                0x0000000008000534                __aeabi_ui2d
                0x0000000008000554                __floatsidf
                0x0000000008000554                __aeabi_i2d
                0x0000000008000578                __aeabi_f2d
                0x0000000008000578                __extendsfdf2
                0x00000000080005bc                __floatundidf
                0x00000000080005bc                __aeabi_ul2d
                0x00000000080005cc                __floatdidf
                0x00000000080005cc                __aeabi_l2d
 .text          0x0000000008000628      0x424 d:/stm32/programs/stm32_cube_ide/stm32cubeide_1.5.0/stm32cubeide/plugins/com.st.stm32cube.ide.mcu.externaltools.gnu-tools-for-stm32.9-2020-q2-update.win32_2.0.0.202105311346/tools/bin/../lib/gcc/arm-none-eabi/9.3.1/thumb/v7e-m+fp/hard\libgcc.a(_arm_muldivdf3.o)
                0x0000000008000628                __aeabi_dmul
                0x0000000008000628                __muldf3
                0x000000000800087c                __divdf3
                0x000000000800087c                __aeabi_ddiv
 .text          0x0000000008000a4c      0x110 d:/stm32/programs/stm32_cube_ide/stm32cubeide_1.5.0/stm32cubeide/plugins/com.st.stm32cube.ide.mcu.externaltools.gnu-tools-for-stm32.9-2020-q2-update.win32_2.0.0.202105311346/tools/bin/../lib/gcc/arm-none-eabi/9.3.1/thumb/v7e-m+fp/hard\libgcc.a(_arm_cmpdf2.o)
                0x0000000008000a4c                __gtdf2
                0x0000000008000a4c                __gedf2
                0x0000000008000a54                __ltdf2
                0x0000000008000a54                __ledf2
                0x0000000008000a5c                __nedf2
                0x0000000008000a5c                __eqdf2
                0x0000000008000a5c                __cmpdf2
                0x0000000008000ad8                __aeabi_cdrcmple
                0x0000000008000ae8                __aeabi_cdcmpeq
                0x0000000008000ae8                __aeabi_cdcmple
                0x0000000008000af8                __aeabi_dcmpeq
                0x0000000008000b0c                __aeabi_dcmplt
                0x0000000008000b20                __aeabi_dcmple
                0x0000000008000b34                __aeabi_dcmpge
                0x0000000008000b48                __aeabi_dcmpgt
 .text          0x0000000008000b5c       0x2c d:/stm32/programs/stm32_cube_ide/stm32cubeide_1.5.0/stm32cubeide/plugins/com.st.stm32cube.ide.mcu.externaltools.gnu-tools-for-stm32.9-2020-q2-update.win32_2.0.0.202105311346/tools/bin/../lib/gcc/arm-none-eabi/9.3.1/thumb/v7e-m+fp/hard\libgcc.a(_arm_unorddf2.o)
                0x0000000008000b5c                __unorddf2
                0x0000000008000b5c                __aeabi_dcmpun
 .text          0x0000000008000b88       0x50 d:/stm32/programs/stm32_cube_ide/stm32cubeide_1.5.0/stm32cubeide/plugins/com.st.stm32cube.ide.mcu.externaltools.gnu-tools-for-stm32.9-2020-q2-update.win32_2.0.0.202105311346/tools/bin/../lib/gcc/arm-none-eabi/9.3.1/thumb/v7e-m+fp/hard\libgcc.a(_arm_fixdfsi.o)
                0x0000000008000b88                __aeabi_d2iz
                0x0000000008000b88                __fixdfsi
 .text          0x0000000008000bd8       0x40 d:/stm32/programs/stm32_cube_ide/stm32cubeide_1.5.0/stm32cubeide/plugins/com.st.stm32cube.ide.mcu.externaltools.gnu-tools-for-stm32.9-2020-q2-update.win32_2.0.0.202105311346/tools/bin/../lib/gcc/arm-none-eabi/9.3.1/thumb/v7e-m+fp/hard\libgcc.a(_arm_fixunsdfsi.o)
                0x0000000008000bd8                __aeabi_d2uiz
                0x0000000008000bd8                __fixunsdfsi
 .text          0x0000000008000c18       0xa0 d:/stm32/programs/stm32_cube_ide/stm32cubeide_1.5.0/stm32cubeide/plugins/com.st.stm32cube.ide.mcu.externaltools.gnu-tools-for-stm32.9-2020-q2-update.win32_2.0.0.202105311346/tools/bin/../lib/gcc/arm-none-eabi/9.3.1/thumb/v7e-m+fp/hard\libgcc.a(_arm_truncdfsf2.o)
                0x0000000008000c18                __truncdfsf2
                0x0000000008000c18                __aeabi_d2f
 .text          0x0000000008000cb8       0x30 d:/stm32/programs/stm32_cube_ide/stm32cubeide_1.5.0/stm32cubeide/plugins/com.st.stm32cube.ide.mcu.externaltools.gnu-tools-for-stm32.9-2020-q2-update.win32_2.0.0.202105311346/tools/bin/../lib/gcc/arm-none-eabi/9.3.1/thumb/v7e-m+fp/hard\libgcc.a(_aeabi_uldivmod.o)
                0x0000000008000cb8                __aeabi_uldivmod
 .text          0x0000000008000ce8       0x30 d:/stm32/programs/stm32_cube_ide/stm32cubeide_1.5.0/stm32cubeide/plugins/com.st.stm32cube.ide.mcu.externaltools.gnu-tools-for-stm32.9-2020-q2-update.win32_2.0.0.202105311346/tools/bin/../lib/gcc/arm-none-eabi/9.3.1/thumb/v7e-m+fp/hard\libgcc.a(_fixdfdi.o)
                0x0000000008000ce8                __fixdfdi
                0x0000000008000ce8                __aeabi_d2lz
 .text          0x0000000008000d18       0x3c d:/stm32/programs/stm32_cube_ide/stm32cubeide_1.5.0/stm32cubeide/plugins/com.st.stm32cube.ide.mcu.externaltools.gnu-tools-for-stm32.9-2020-q2-update.win32_2.0.0.202105311346/tools/bin/../lib/gcc/arm-none-eabi/9.3.1/thumb/v7e-m+fp/hard\libgcc.a(_fixunsdfdi.o)
                0x0000000008000d18                __fixunsdfdi
                0x0000000008000d18                __aeabi_d2ulz
 .text          0x0000000008000d54      0x2c4 d:/stm32/programs/stm32_cube_ide/stm32cubeide_1.5.0/stm32cubeide/plugins/com.st.stm32cube.ide.mcu.externaltools.gnu-tools-for-stm32.9-2020-q2-update.win32_2.0.0.202105311346/tools/bin/../lib/gcc/arm-none-eabi/9.3.1/thumb/v7e-m+fp/hard\libgcc.a(_udivmoddi4.o)
                0x0000000008000d54                __udivmoddi4
 .text          0x0000000008001018        0x4 d:/stm32/programs/stm32_cube_ide/stm32cubeide_1.5.0/stm32cubeide/plugins/com.st.stm32cube.ide.mcu.externaltools.gnu-tools-for-stm32.9-2020-q2-update.win32_2.0.0.202105311346/tools/bin/../lib/gcc/arm-none-eabi/9.3.1/thumb/v7e-m+fp/hard\libgcc.a(_dvmd_tls.o)
                0x0000000008001018                __aeabi_idiv0
                0x0000000008001018                __aeabi_ldiv0
 *(.text*)
 .text.GFX_WriteLine
                0x000000000800101c      0x11a ./Core/Src/GFX_Color.o
                0x000000000800101c                GFX_WriteLine
 .text.GFX_DrawFastVLine
                0x0000000008001136       0x2e ./Core/Src/GFX_Color.o
                0x0000000008001136                GFX_DrawFastVLine
 .text.GFX_DrawFastHLine
                0x0000000008001164       0x2c ./Core/Src/GFX_Color.o
                0x0000000008001164                GFX_DrawFastHLine
 .text.GFX_DrawLine
                0x0000000008001190       0x86 ./Core/Src/GFX_Color.o
                0x0000000008001190                GFX_DrawLine
 .text.GFX_DrawFillRectangle
                0x0000000008001216       0x44 ./Core/Src/GFX_Color.o
                0x0000000008001216                GFX_DrawFillRectangle
 .text.GFX_DrawCircleHelper
                0x000000000800125a      0x1c0 ./Core/Src/GFX_Color.o
                0x000000000800125a                GFX_DrawCircleHelper
 .text.GFX_DrawFillCircleHelper
                0x000000000800141a      0x13a ./Core/Src/GFX_Color.o
                0x000000000800141a                GFX_DrawFillCircleHelper
 .text.GFX_DrawRoundRectangle
                0x0000000008001554       0xfa ./Core/Src/GFX_Color.o
                0x0000000008001554                GFX_DrawRoundRectangle
 .text.GFX_DrawFillRoundRectangle
                0x000000000800164e       0xa0 ./Core/Src/GFX_Color.o
                0x000000000800164e                GFX_DrawFillRoundRectangle
 *fill*         0x00000000080016ee        0x2 
 .text.EF_SetFont
                0x00000000080016f0       0x20 ./Core/Src/GFX_EnhancedFonts.o
                0x00000000080016f0                EF_SetFont
 .text.EF_GetFontHeight
                0x0000000008001710       0x18 ./Core/Src/GFX_EnhancedFonts.o
                0x0000000008001710                EF_GetFontHeight
 .text.EF_GetFontStartChar
                0x0000000008001728       0x18 ./Core/Src/GFX_EnhancedFonts.o
                0x0000000008001728                EF_GetFontStartChar
 .text.EF_GetFontEndChar
                0x0000000008001740       0x18 ./Core/Src/GFX_EnhancedFonts.o
                0x0000000008001740                EF_GetFontEndChar
 .text.EF_GetFontSpaceWidth
                0x0000000008001758       0x18 ./Core/Src/GFX_EnhancedFonts.o
                0x0000000008001758                EF_GetFontSpaceWidth
 .text.EF_DecodePolish
                0x0000000008001770      0x1f8 ./Core/Src/GFX_EnhancedFonts.o
                0x0000000008001770                EF_DecodePolish
 .text.EF_PutChar
                0x0000000008001968      0x1bc ./Core/Src/GFX_EnhancedFonts.o
                0x0000000008001968                EF_PutChar
 .text.EF_PutString
                0x0000000008001b24      0x102 ./Core/Src/GFX_EnhancedFonts.o
                0x0000000008001b24                EF_PutString
 .text.ILI9341_Delay
                0x0000000008001c26       0x16 ./Core/Src/TFT_ILI9341.o
 .text.ILI9341_SendToTFT
                0x0000000008001c3c       0x60 ./Core/Src/TFT_ILI9341.o
 .text.ILI9341_SendComand
                0x0000000008001c9c       0x44 ./Core/Src/TFT_ILI9341.o
 .text.ILI9341_SendCommandAndData
                0x0000000008001ce0       0x60 ./Core/Src/TFT_ILI9341.o
 .text.ILI9341_SetRotation
                0x0000000008001d40       0x5c ./Core/Src/TFT_ILI9341.o
                0x0000000008001d40                ILI9341_SetRotation
 .text.ILI9341_SetAddrWindow
                0x0000000008001d9c       0xa0 ./Core/Src/TFT_ILI9341.o
                0x0000000008001d9c                ILI9341_SetAddrWindow
 .text.ILI9341_WritePixel
                0x0000000008001e3c       0x66 ./Core/Src/TFT_ILI9341.o
                0x0000000008001e3c                ILI9341_WritePixel
 .text.ILI9341_DrawImage
                0x0000000008001ea2       0x54 ./Core/Src/TFT_ILI9341.o
                0x0000000008001ea2                ILI9341_DrawImage
 *fill*         0x0000000008001ef6        0x2 
 .text.ILI9341_ClearDisplay
                0x0000000008001ef8       0xbc ./Core/Src/TFT_ILI9341.o
                0x0000000008001ef8                ILI9341_ClearDisplay
 .text.ILI9341_Init
                0x0000000008001fb4       0xa8 ./Core/Src/TFT_ILI9341.o
                0x0000000008001fb4                ILI9341_Init
 .text.XPT2046_GetRawData
                0x000000000800205c       0x48 ./Core/Src/XPT2064.o
                0x000000000800205c                XPT2046_GetRawData
 .text.XPT2046_ReadRawData
                0x00000000080020a4       0x4c ./Core/Src/XPT2064.o
                0x00000000080020a4                XPT2046_ReadRawData
 .text.XPT2046_ReadTouchPoint
                0x00000000080020f0      0x120 ./Core/Src/XPT2064.o
                0x00000000080020f0                XPT2046_ReadTouchPoint
 .text.XPT2046_GetTouchPoint
                0x0000000008002210       0x7c ./Core/Src/XPT2064.o
                0x0000000008002210                XPT2046_GetTouchPoint
 .text.XPT2046_IsTouched
                0x000000000800228c       0x24 ./Core/Src/XPT2064.o
                0x000000000800228c                XPT2046_IsTouched
 .text.XPT2046_Task
                0x00000000080022b0      0x18c ./Core/Src/XPT2064.o
                0x00000000080022b0                XPT2046_Task
 .text.XPT2046_IRQ
                0x000000000800243c       0x18 ./Core/Src/XPT2064.o
                0x000000000800243c                XPT2046_IRQ
 .text.XPT2046_Init
                0x0000000008002454       0xa0 ./Core/Src/XPT2064.o
                0x0000000008002454                XPT2046_Init
 .text.MX_DMA_Init
                0x00000000080024f4       0xac ./Core/Src/dma.o
                0x00000000080024f4                MX_DMA_Init
 .text.DS3231_Init
                0x00000000080025a0       0x34 ./Core/Src/ds3231_for_stm32_hal.o
                0x00000000080025a0                DS3231_Init
 .text.DS3231_SetRegByte
                0x00000000080025d4       0x3c ./Core/Src/ds3231_for_stm32_hal.o
                0x00000000080025d4                DS3231_SetRegByte
 .text.DS3231_GetRegByte
                0x0000000008002610       0x44 ./Core/Src/ds3231_for_stm32_hal.o
                0x0000000008002610                DS3231_GetRegByte
 .text.DS3231_SetInterruptMode
                0x0000000008002654       0x40 ./Core/Src/ds3231_for_stm32_hal.o
                0x0000000008002654                DS3231_SetInterruptMode
 .text.DS3231_EnableOscillator
                0x0000000008002694       0x42 ./Core/Src/ds3231_for_stm32_hal.o
                0x0000000008002694                DS3231_EnableOscillator
 .text.DS3231_EnableAlarm2
                0x00000000080026d6       0x46 ./Core/Src/ds3231_for_stm32_hal.o
                0x00000000080026d6                DS3231_EnableAlarm2
 .text.DS3231_ClearAlarm2Flag
                0x000000000800271c       0x2c ./Core/Src/ds3231_for_stm32_hal.o
                0x000000000800271c                DS3231_ClearAlarm2Flag
 .text.DS3231_EnableAlarm1
                0x0000000008002748       0x44 ./Core/Src/ds3231_for_stm32_hal.o
                0x0000000008002748                DS3231_EnableAlarm1
 .text.DS3231_ClearAlarm1Flag
                0x000000000800278c       0x2c ./Core/Src/ds3231_for_stm32_hal.o
                0x000000000800278c                DS3231_ClearAlarm1Flag
 .text.DS3231_GetDayOfWeek
                0x00000000080027b8       0x18 ./Core/Src/ds3231_for_stm32_hal.o
                0x00000000080027b8                DS3231_GetDayOfWeek
 .text.DS3231_GetHour
                0x00000000080027d0       0x18 ./Core/Src/ds3231_for_stm32_hal.o
                0x00000000080027d0                DS3231_GetHour
 .text.DS3231_GetMinute
                0x00000000080027e8       0x18 ./Core/Src/ds3231_for_stm32_hal.o
                0x00000000080027e8                DS3231_GetMinute
 .text.DS3231_SetDayOfWeek
                0x0000000008002800       0x24 ./Core/Src/ds3231_for_stm32_hal.o
                0x0000000008002800                DS3231_SetDayOfWeek
 .text.DS3231_SetHour
                0x0000000008002824       0x2a ./Core/Src/ds3231_for_stm32_hal.o
                0x0000000008002824                DS3231_SetHour
 .text.DS3231_SetMinute
                0x000000000800284e       0x24 ./Core/Src/ds3231_for_stm32_hal.o
                0x000000000800284e                DS3231_SetMinute
 .text.DS3231_SetSecond
                0x0000000008002872       0x24 ./Core/Src/ds3231_for_stm32_hal.o
                0x0000000008002872                DS3231_SetSecond
 .text.DS3231_DecodeBCD
                0x0000000008002896       0x32 ./Core/Src/ds3231_for_stm32_hal.o
                0x0000000008002896                DS3231_DecodeBCD
 .text.DS3231_EncodeBCD
                0x00000000080028c8       0x44 ./Core/Src/ds3231_for_stm32_hal.o
                0x00000000080028c8                DS3231_EncodeBCD
 .text.eeprom_wait
                0x000000000800290c       0x20 ./Core/Src/eeprom.o
                0x000000000800290c                eeprom_wait
 .text.eeprom_read
                0x000000000800292c       0x3c ./Core/Src/eeprom.o
                0x000000000800292c                eeprom_read
 .text.eeprom_write
                0x0000000008002968       0x50 ./Core/Src/eeprom.o
                0x0000000008002968                eeprom_write
 .text.EEPROM_RelayStateUpdate
                0x00000000080029b8       0x72 ./Core/Src/eeprom.o
                0x00000000080029b8                EEPROM_RelayStateUpdate
 .text.EEPROM_LightStateUpdate
                0x0000000008002a2a       0x72 ./Core/Src/eeprom.o
                0x0000000008002a2a                EEPROM_LightStateUpdate
 .text.EEPROM_RelayStateRead
                0x0000000008002a9c       0x6e ./Core/Src/eeprom.o
                0x0000000008002a9c                EEPROM_RelayStateRead
 .text.EEPROM_LightStateRead
                0x0000000008002b0a       0x6e ./Core/Src/eeprom.o
                0x0000000008002b0a                EEPROM_LightStateRead
 .text.EEPROM_RelayStateRestore
                0x0000000008002b78       0x70 ./Core/Src/eeprom.o
                0x0000000008002b78                EEPROM_RelayStateRestore
 .text.EEPROM_LightStateRestore
                0x0000000008002be8       0x70 ./Core/Src/eeprom.o
                0x0000000008002be8                EEPROM_LightStateRestore
 .text.EEPROM_ScheduleDayInWeekRead
                0x0000000008002c58       0x82 ./Core/Src/eeprom.o
                0x0000000008002c58                EEPROM_ScheduleDayInWeekRead
 .text.EEPROM_ScheduleDayInWeekUpdate
                0x0000000008002cda       0x76 ./Core/Src/eeprom.o
                0x0000000008002cda                EEPROM_ScheduleDayInWeekUpdate
 .text.EEPROM_ScheduleRelayAndSwitchTabRead
                0x0000000008002d50       0xe0 ./Core/Src/eeprom.o
                0x0000000008002d50                EEPROM_ScheduleRelayAndSwitchTabRead
 .text.EEPROM_ScheduleRelayAndSwitchTabUpdate
                0x0000000008002e30       0xca ./Core/Src/eeprom.o
                0x0000000008002e30                EEPROM_ScheduleRelayAndSwitchTabUpdate
 .text.EEPROM_ScheduleHourOnRead
                0x0000000008002efa       0x48 ./Core/Src/eeprom.o
                0x0000000008002efa                EEPROM_ScheduleHourOnRead
 .text.EEPROM_ScheduleMinuteOnRead
                0x0000000008002f42       0x48 ./Core/Src/eeprom.o
                0x0000000008002f42                EEPROM_ScheduleMinuteOnRead
 .text.EEPROM_ScheduleHourOffRead
                0x0000000008002f8a       0x48 ./Core/Src/eeprom.o
                0x0000000008002f8a                EEPROM_ScheduleHourOffRead
 .text.EEPROM_ScheduleMinuteOffRead
                0x0000000008002fd2       0x48 ./Core/Src/eeprom.o
                0x0000000008002fd2                EEPROM_ScheduleMinuteOffRead
 .text.EEPROM_ScheduleHourOnUpdate
                0x000000000800301a       0x46 ./Core/Src/eeprom.o
                0x000000000800301a                EEPROM_ScheduleHourOnUpdate
 .text.EEPROM_ScheduleMinuteOnUpdate
                0x0000000008003060       0x46 ./Core/Src/eeprom.o
                0x0000000008003060                EEPROM_ScheduleMinuteOnUpdate
 .text.EEPROM_ScheduleHourOffUpdate
                0x00000000080030a6       0x46 ./Core/Src/eeprom.o
                0x00000000080030a6                EEPROM_ScheduleHourOffUpdate
 .text.EEPROM_ScheduleMinuteOffUpdate
                0x00000000080030ec       0x46 ./Core/Src/eeprom.o
                0x00000000080030ec                EEPROM_ScheduleMinuteOffUpdate
 *fill*         0x0000000008003132        0x2 
 .text.system_init
                0x0000000008003134      0x2fc ./Core/Src/functions.o
                0x0000000008003134                system_init
 .text.showCurrentParameters
                0x0000000008003430      0x294 ./Core/Src/functions.o
                0x0000000008003430                showCurrentParameters
 .text.showControlPanel
                0x00000000080036c4      0x1b4 ./Core/Src/functions.o
                0x00000000080036c4                showControlPanel
 .text.showLightsControlPanel
                0x0000000008003878      0x1b0 ./Core/Src/functions.o
                0x0000000008003878                showLightsControlPanel
 .text.showClockSetPanel
                0x0000000008003a28      0x2d0 ./Core/Src/functions.o
                0x0000000008003a28                showClockSetPanel
 .text.showPreparedActivitiesPanel
                0x0000000008003cf8      0x220 ./Core/Src/functions.o
                0x0000000008003cf8                showPreparedActivitiesPanel
 .text.showWSLedPanel
                0x0000000008003f18      0x434 ./Core/Src/functions.o
                0x0000000008003f18                showWSLedPanel
 .text.drawschedulePanel
                0x000000000800434c      0x704 ./Core/Src/functions.o
                0x000000000800434c                drawschedulePanel
 .text.showSchedule1Panel
                0x0000000008004a50      0x128 ./Core/Src/functions.o
                0x0000000008004a50                showSchedule1Panel
 .text.showSchedule2Panel
                0x0000000008004b78       0xf0 ./Core/Src/functions.o
                0x0000000008004b78                showSchedule2Panel
 .text.ChangeHourOnScreen
                0x0000000008004c68       0xe4 ./Core/Src/functions.o
                0x0000000008004c68                ChangeHourOnScreen
 .text.predefinedActivityCzyszczenie
                0x0000000008004d4c       0x32 ./Core/Src/functions.o
                0x0000000008004d4c                predefinedActivityCzyszczenie
 *fill*         0x0000000008004d7e        0x2 
 .text.predefinedActivityKarmienie
                0x0000000008004d80       0x9c ./Core/Src/functions.o
                0x0000000008004d80                predefinedActivityKarmienie
 .text.drawCurrentStateOfSwitches
                0x0000000008004e1c      0x210 ./Core/Src/functions.o
                0x0000000008004e1c                drawCurrentStateOfSwitches
 .text.drawCurrentStateOfLights
                0x000000000800502c      0x1f0 ./Core/Src/functions.o
                0x000000000800502c                drawCurrentStateOfLights
 .text.restoreTFTScheduleDayOfWeek
                0x000000000800521c       0xda ./Core/Src/functions.o
                0x000000000800521c                restoreTFTScheduleDayOfWeek
 .text.restoreTFTScheduleRelayLights
                0x00000000080052f6      0x106 ./Core/Src/functions.o
                0x00000000080052f6                restoreTFTScheduleRelayLights
 .text.initWait
                0x00000000080053fc       0x2c ./Core/Src/functions.o
                0x00000000080053fc                initWait
 .text.MX_GPIO_Init
                0x0000000008005428      0x1a8 ./Core/Src/gpio.o
                0x0000000008005428                MX_GPIO_Init
 .text.MX_I2C1_Init
                0x00000000080055d0       0x5c ./Core/Src/i2c.o
                0x00000000080055d0                MX_I2C1_Init
 .text.MX_I2C3_Init
                0x000000000800562c       0x5c ./Core/Src/i2c.o
                0x000000000800562c                MX_I2C3_Init
 .text.HAL_I2C_MspInit
                0x0000000008005688      0x214 ./Core/Src/i2c.o
                0x0000000008005688                HAL_I2C_MspInit
 .text.main     0x000000000800589c       0xcc ./Core/Src/main.o
                0x000000000800589c                main
 .text.SystemClock_Config
                0x0000000008005968       0xd0 ./Core/Src/main.o
                0x0000000008005968                SystemClock_Config
 .text.MX_NVIC_Init
                0x0000000008005a38       0x48 ./Core/Src/main.o
 .text.HAL_TIM_PeriodElapsedCallback
                0x0000000008005a80       0x6c ./Core/Src/main.o
                0x0000000008005a80                HAL_TIM_PeriodElapsedCallback
 .text.HAL_GPIO_EXTI_Callback
                0x0000000008005aec       0x28 ./Core/Src/main.o
                0x0000000008005aec                HAL_GPIO_EXTI_Callback
 .text.Error_Handler
                0x0000000008005b14       0x78 ./Core/Src/main.o
                0x0000000008005b14                Error_Handler
 .text.MenuTFT  0x0000000008005b8c      0x164 ./Core/Src/menuTFT.o
                0x0000000008005b8c                MenuTFT
 .text.TouchParametersActivity
                0x0000000008005cf0       0xc0 ./Core/Src/menuTFT.o
                0x0000000008005cf0                TouchParametersActivity
 .text.TouchSwitchActivity
                0x0000000008005db0       0xe4 ./Core/Src/menuTFT.o
                0x0000000008005db0                TouchSwitchActivity
 .text.TouchLightsActivity
                0x0000000008005e94       0xe0 ./Core/Src/menuTFT.o
                0x0000000008005e94                TouchLightsActivity
 .text.TouchClockActivity
                0x0000000008005f74      0x188 ./Core/Src/menuTFT.o
                0x0000000008005f74                TouchClockActivity
 .text.TouchPredefinedActivityActivity
                0x00000000080060fc       0x94 ./Core/Src/menuTFT.o
                0x00000000080060fc                TouchPredefinedActivityActivity
 .text.TouchWSLedActivity
                0x0000000008006190       0xd8 ./Core/Src/menuTFT.o
                0x0000000008006190                TouchWSLedActivity
 .text.Schedule1Activity
                0x0000000008006268      0x204 ./Core/Src/menuTFT.o
                0x0000000008006268                Schedule1Activity
 .text.Schedule2Activity
                0x000000000800646c      0x1dc ./Core/Src/menuTFT.o
                0x000000000800646c                Schedule2Activity
 .text.MenuTFTSchedule1ActivityDayOfWeekRow
                0x0000000008006648      0x1c4 ./Core/Src/menuTFT.o
                0x0000000008006648                MenuTFTSchedule1ActivityDayOfWeekRow
 .text.changeTFTScheduleDayOfWeek
                0x000000000800680c      0x1ba ./Core/Src/menuTFT.o
                0x000000000800680c                changeTFTScheduleDayOfWeek
 .text.changeTFTScheduleRelayLights
                0x00000000080069c6      0x236 ./Core/Src/menuTFT.o
                0x00000000080069c6                changeTFTScheduleRelayLights
 .text.MenuTFTSchedule1ActivityHourMinuteONAdd
                0x0000000008006bfc      0x194 ./Core/Src/menuTFT.o
                0x0000000008006bfc                MenuTFTSchedule1ActivityHourMinuteONAdd
 .text.MenuTFTSchedule1ActivityHourMinuteOFFAdd
                0x0000000008006d90      0x194 ./Core/Src/menuTFT.o
                0x0000000008006d90                MenuTFTSchedule1ActivityHourMinuteOFFAdd
 .text.MenuTFTSchedule2ActivityDayOfWeekRow
                0x0000000008006f24      0x1c4 ./Core/Src/menuTFT.o
                0x0000000008006f24                MenuTFTSchedule2ActivityDayOfWeekRow
 .text.MenuTFTSchedule2ActivityHourMinuteONAdd
                0x00000000080070e8      0x194 ./Core/Src/menuTFT.o
                0x00000000080070e8                MenuTFTSchedule2ActivityHourMinuteONAdd
 .text.MenuTFTSchedule2ActivityHourMinuteOFFAdd
                0x000000000800727c      0x194 ./Core/Src/menuTFT.o
                0x000000000800727c                MenuTFTSchedule2ActivityHourMinuteOFFAdd
 .text.MenuTFTSchedule1ActivityRelaysAndLightsRow
                0x0000000008007410      0x22c ./Core/Src/menuTFT.o
                0x0000000008007410                MenuTFTSchedule1ActivityRelaysAndLightsRow
 .text.MenuTFTSchedule2ActivityRelaysAndLightsRow
                0x000000000800763c      0x22c ./Core/Src/menuTFT.o
                0x000000000800763c                MenuTFTSchedule2ActivityRelaysAndLightsRow
 .text.updateAllSchedulesInfo
                0x0000000008007868       0xa8 ./Core/Src/menuTFT.o
                0x0000000008007868                updateAllSchedulesInfo
 .text.clockIncreaseOneHourAndMinute
                0x0000000008007910      0x11c ./Core/Src/menuTFT.o
                0x0000000008007910                clockIncreaseOneHourAndMinute
 .text.clockIncreaseSixHoursTenMinutes
                0x0000000008007a2c       0xf0 ./Core/Src/menuTFT.o
                0x0000000008007a2c                clockIncreaseSixHoursTenMinutes
 .text.changeSwitchStatusTouch
                0x0000000008007b1c      0x2ec ./Core/Src/menuTFT.o
                0x0000000008007b1c                changeSwitchStatusTouch
 .text.changeLightsStatusTouch
                0x0000000008007e08      0x2cc ./Core/Src/menuTFT.o
                0x0000000008007e08                changeLightsStatusTouch
 .text.predefinedActivityTouchAction
                0x00000000080080d4      0x1d4 ./Core/Src/menuTFT.o
                0x00000000080080d4                predefinedActivityTouchAction
 .text.increaseNumberOfWSLedOnTFT
                0x00000000080082a8      0x114 ./Core/Src/menuTFT.o
                0x00000000080082a8                increaseNumberOfWSLedOnTFT
 .text.changeTypeOfWSLights
                0x00000000080083bc      0x122 ./Core/Src/menuTFT.o
                0x00000000080083bc                changeTypeOfWSLights
 *fill*         0x00000000080084de        0x2 
 .text.UART_ParseLine
                0x00000000080084e0      0x10c ./Core/Src/parser.o
                0x00000000080084e0                UART_ParseLine
 .text.UART_ParseLED
                0x00000000080085ec       0x9c ./Core/Src/parser.o
                0x00000000080085ec                UART_ParseLED
 .text.UART_ParseAnswStatus
                0x0000000008008688        0xe ./Core/Src/parser.o
                0x0000000008008688                UART_ParseAnswStatus
 *fill*         0x0000000008008696        0x2 
 .text.UART_ParseAnswTemp
                0x0000000008008698      0x148 ./Core/Src/parser.o
                0x0000000008008698                UART_ParseAnswTemp
 .text.UART_ParseAnswPres
                0x00000000080087e0       0x8c ./Core/Src/parser.o
                0x00000000080087e0                UART_ParseAnswPres
 .text.UART_ParseAnswDist
                0x000000000800886c       0x78 ./Core/Src/parser.o
                0x000000000800886c                UART_ParseAnswDist
 .text.UART_ParseAnswChangeRelayState
                0x00000000080088e4        0xe ./Core/Src/parser.o
                0x00000000080088e4                UART_ParseAnswChangeRelayState
 .text.UART_ParseAnswChangeLightState
                0x00000000080088f2        0xe ./Core/Src/parser.o
                0x00000000080088f2                UART_ParseAnswChangeLightState
 .text.UART_ParseAnswRelayStateStatus
                0x0000000008008900       0xcc ./Core/Src/parser.o
                0x0000000008008900                UART_ParseAnswRelayStateStatus
 .text.UART_ParseAnswLightsStateStatus
                0x00000000080089cc       0xcc ./Core/Src/parser.o
                0x00000000080089cc                UART_ParseAnswLightsStateStatus
 .text.SendComand
                0x0000000008008a98      0x320 ./Core/Src/parser.o
                0x0000000008008a98                SendComand
 .text.RB_Read  0x0000000008008db8       0x52 ./Core/Src/ring_buffer.o
                0x0000000008008db8                RB_Read
 .text.RB_Write
                0x0000000008008e0a       0x52 ./Core/Src/ring_buffer.o
                0x0000000008008e0a                RB_Write
 .text.MX_SPI1_Init
                0x0000000008008e5c       0x6c ./Core/Src/spi.o
                0x0000000008008e5c                MX_SPI1_Init
 .text.MX_SPI3_Init
                0x0000000008008ec8       0x6c ./Core/Src/spi.o
                0x0000000008008ec8                MX_SPI3_Init
 .text.MX_SPI5_Init
                0x0000000008008f34       0x6c ./Core/Src/spi.o
                0x0000000008008f34                MX_SPI5_Init
 .text.HAL_SPI_MspInit
                0x0000000008008fa0      0x1a0 ./Core/Src/spi.o
                0x0000000008008fa0                HAL_SPI_MspInit
 .text.HAL_MspInit
                0x0000000008009140       0x50 ./Core/Src/stm32f4xx_hal_msp.o
                0x0000000008009140                HAL_MspInit
 .text.NMI_Handler
                0x0000000008009190        0x6 ./Core/Src/stm32f4xx_it.o
                0x0000000008009190                NMI_Handler
 .text.HardFault_Handler
                0x0000000008009196        0x6 ./Core/Src/stm32f4xx_it.o
                0x0000000008009196                HardFault_Handler
 .text.MemManage_Handler
                0x000000000800919c        0x6 ./Core/Src/stm32f4xx_it.o
                0x000000000800919c                MemManage_Handler
 .text.BusFault_Handler
                0x00000000080091a2        0x6 ./Core/Src/stm32f4xx_it.o
                0x00000000080091a2                BusFault_Handler
 .text.UsageFault_Handler
                0x00000000080091a8        0x6 ./Core/Src/stm32f4xx_it.o
                0x00000000080091a8                UsageFault_Handler
 .text.SVC_Handler
                0x00000000080091ae        0xe ./Core/Src/stm32f4xx_it.o
                0x00000000080091ae                SVC_Handler
 .text.DebugMon_Handler
                0x00000000080091bc        0xe ./Core/Src/stm32f4xx_it.o
                0x00000000080091bc                DebugMon_Handler
 .text.PendSV_Handler
                0x00000000080091ca        0xe ./Core/Src/stm32f4xx_it.o
                0x00000000080091ca                PendSV_Handler
 .text.SysTick_Handler
                0x00000000080091d8        0xc ./Core/Src/stm32f4xx_it.o
                0x00000000080091d8                SysTick_Handler
 .text.EXTI2_IRQHandler
                0x00000000080091e4        0xe ./Core/Src/stm32f4xx_it.o
                0x00000000080091e4                EXTI2_IRQHandler
 .text.EXTI4_IRQHandler
                0x00000000080091f2        0xe ./Core/Src/stm32f4xx_it.o
                0x00000000080091f2                EXTI4_IRQHandler
 .text.DMA1_Stream0_IRQHandler
                0x0000000008009200       0x14 ./Core/Src/stm32f4xx_it.o
                0x0000000008009200                DMA1_Stream0_IRQHandler
 .text.DMA1_Stream1_IRQHandler
                0x0000000008009214       0x14 ./Core/Src/stm32f4xx_it.o
                0x0000000008009214                DMA1_Stream1_IRQHandler
 .text.DMA1_Stream5_IRQHandler
                0x0000000008009228       0x14 ./Core/Src/stm32f4xx_it.o
                0x0000000008009228                DMA1_Stream5_IRQHandler
 .text.DMA1_Stream6_IRQHandler
                0x000000000800923c       0x14 ./Core/Src/stm32f4xx_it.o
                0x000000000800923c                DMA1_Stream6_IRQHandler
 .text.EXTI9_5_IRQHandler
                0x0000000008009250       0x10 ./Core/Src/stm32f4xx_it.o
                0x0000000008009250                EXTI9_5_IRQHandler
 .text.TIM1_UP_TIM10_IRQHandler
                0x0000000008009260       0x14 ./Core/Src/stm32f4xx_it.o
                0x0000000008009260                TIM1_UP_TIM10_IRQHandler
 .text.TIM1_TRG_COM_TIM11_IRQHandler
                0x0000000008009274       0x14 ./Core/Src/stm32f4xx_it.o
                0x0000000008009274                TIM1_TRG_COM_TIM11_IRQHandler
 .text.I2C1_EV_IRQHandler
                0x0000000008009288       0x14 ./Core/Src/stm32f4xx_it.o
                0x0000000008009288                I2C1_EV_IRQHandler
 .text.I2C1_ER_IRQHandler
                0x000000000800929c       0x14 ./Core/Src/stm32f4xx_it.o
                0x000000000800929c                I2C1_ER_IRQHandler
 .text.USART1_IRQHandler
                0x00000000080092b0       0x1c ./Core/Src/stm32f4xx_it.o
                0x00000000080092b0                USART1_IRQHandler
 .text.USART2_IRQHandler
                0x00000000080092cc       0x1c ./Core/Src/stm32f4xx_it.o
                0x00000000080092cc                USART2_IRQHandler
 .text.SPI3_IRQHandler
                0x00000000080092e8       0x14 ./Core/Src/stm32f4xx_it.o
                0x00000000080092e8                SPI3_IRQHandler
 .text.DMA2_Stream2_IRQHandler
                0x00000000080092fc       0x14 ./Core/Src/stm32f4xx_it.o
                0x00000000080092fc                DMA2_Stream2_IRQHandler
 .text.DMA2_Stream7_IRQHandler
                0x0000000008009310       0x14 ./Core/Src/stm32f4xx_it.o
                0x0000000008009310                DMA2_Stream7_IRQHandler
 .text._getpid  0x0000000008009324       0x10 ./Core/Src/syscalls.o
                0x0000000008009324                _getpid
 .text._kill    0x0000000008009334       0x20 ./Core/Src/syscalls.o
                0x0000000008009334                _kill
 .text._exit    0x0000000008009354       0x14 ./Core/Src/syscalls.o
                0x0000000008009354                _exit
 .text._read    0x0000000008009368       0x3a ./Core/Src/syscalls.o
                0x0000000008009368                _read
 .text._write   0x00000000080093a2       0x38 ./Core/Src/syscalls.o
                0x00000000080093a2                _write
 .text._close   0x00000000080093da       0x18 ./Core/Src/syscalls.o
                0x00000000080093da                _close
 .text._fstat   0x00000000080093f2       0x20 ./Core/Src/syscalls.o
                0x00000000080093f2                _fstat
 .text._isatty  0x0000000008009412       0x16 ./Core/Src/syscalls.o
                0x0000000008009412                _isatty
 .text._lseek   0x0000000008009428       0x1a ./Core/Src/syscalls.o
                0x0000000008009428                _lseek
 *fill*         0x0000000008009442        0x2 
 .text._sbrk    0x0000000008009444       0x6c ./Core/Src/sysmem.o
                0x0000000008009444                _sbrk
 .text.SystemInit
                0x00000000080094b0       0x24 ./Core/Src/system_stm32f4xx.o
                0x00000000080094b0                SystemInit
 .text.MX_TIM2_Init
                0x00000000080094d4       0xa8 ./Core/Src/tim.o
                0x00000000080094d4                MX_TIM2_Init
 .text.MX_TIM10_Init
                0x000000000800957c       0x48 ./Core/Src/tim.o
                0x000000000800957c                MX_TIM10_Init
 .text.MX_TIM11_Init
                0x00000000080095c4       0x4c ./Core/Src/tim.o
                0x00000000080095c4                MX_TIM11_Init
 .text.HAL_TIM_Encoder_MspInit
                0x0000000008009610       0x8c ./Core/Src/tim.o
                0x0000000008009610                HAL_TIM_Encoder_MspInit
 .text.HAL_TIM_Base_MspInit
                0x000000000800969c       0x8c ./Core/Src/tim.o
                0x000000000800969c                HAL_TIM_Base_MspInit
 .text.UARTDMA_UartIrqHandler
                0x0000000008009728       0x54 ./Core/Src/uartdma.o
                0x0000000008009728                UARTDMA_UartIrqHandler
 .text.UARTDMA_DmaReceiveIrqHandler
                0x000000000800977c       0xda ./Core/Src/uartdma.o
                0x000000000800977c                UARTDMA_DmaReceiveIrqHandler
 .text.UARTDMA_PutCharToTxBuffer
                0x0000000008009856       0x30 ./Core/Src/uartdma.o
                0x0000000008009856                UARTDMA_PutCharToTxBuffer
 .text.UARTDMA_GetLineFromReceiveBuffer
                0x0000000008009886       0x62 ./Core/Src/uartdma.o
                0x0000000008009886                UARTDMA_GetLineFromReceiveBuffer
 .text.UARTDMA_Print
                0x00000000080098e8       0x4c ./Core/Src/uartdma.o
                0x00000000080098e8                UARTDMA_Print
 .text.UARTDMA_IsDataReceivedReady
                0x0000000008009934       0x24 ./Core/Src/uartdma.o
                0x0000000008009934                UARTDMA_IsDataReceivedReady
 .text.UARTDMA_TransmitEvent
                0x0000000008009958       0x76 ./Core/Src/uartdma.o
                0x0000000008009958                UARTDMA_TransmitEvent
 .text.UARTDMA_Init
                0x00000000080099ce       0x9c ./Core/Src/uartdma.o
                0x00000000080099ce                UARTDMA_Init
 *fill*         0x0000000008009a6a        0x2 
 .text.MX_USART1_UART_Init
                0x0000000008009a6c       0x54 ./Core/Src/usart.o
                0x0000000008009a6c                MX_USART1_UART_Init
 .text.MX_USART2_UART_Init
                0x0000000008009ac0       0x54 ./Core/Src/usart.o
                0x0000000008009ac0                MX_USART2_UART_Init
 .text.HAL_UART_MspInit
                0x0000000008009b14      0x2e4 ./Core/Src/usart.o
                0x0000000008009b14                HAL_UART_MspInit
 .text.Reset_Handler
                0x0000000008009df8       0x50 ./Core/Startup/startup_stm32f411ceux.o
                0x0000000008009df8                Reset_Handler
 .text.Default_Handler
                0x0000000008009e48        0x2 ./Core/Startup/startup_stm32f411ceux.o
                0x0000000008009e48                RTC_Alarm_IRQHandler
                0x0000000008009e48                SPI4_IRQHandler
                0x0000000008009e48                TIM1_CC_IRQHandler
                0x0000000008009e48                DMA2_Stream5_IRQHandler
                0x0000000008009e48                PVD_IRQHandler
                0x0000000008009e48                SDIO_IRQHandler
                0x0000000008009e48                TAMP_STAMP_IRQHandler
                0x0000000008009e48                EXTI3_IRQHandler
                0x0000000008009e48                I2C3_ER_IRQHandler
                0x0000000008009e48                EXTI0_IRQHandler
                0x0000000008009e48                I2C2_EV_IRQHandler
                0x0000000008009e48                DMA1_Stream2_IRQHandler
                0x0000000008009e48                FPU_IRQHandler
                0x0000000008009e48                SPI1_IRQHandler
                0x0000000008009e48                TIM1_BRK_TIM9_IRQHandler
                0x0000000008009e48                DMA2_Stream3_IRQHandler
                0x0000000008009e48                USART6_IRQHandler
                0x0000000008009e48                DMA2_Stream0_IRQHandler
                0x0000000008009e48                TIM4_IRQHandler
                0x0000000008009e48                TIM3_IRQHandler
                0x0000000008009e48                RCC_IRQHandler
                0x0000000008009e48                Default_Handler
                0x0000000008009e48                EXTI15_10_IRQHandler
                0x0000000008009e48                ADC_IRQHandler
                0x0000000008009e48                DMA1_Stream7_IRQHandler
                0x0000000008009e48                SPI5_IRQHandler
                0x0000000008009e48                TIM5_IRQHandler
                0x0000000008009e48                I2C3_EV_IRQHandler
                0x0000000008009e48                RTC_WKUP_IRQHandler
                0x0000000008009e48                SPI2_IRQHandler
                0x0000000008009e48                WWDG_IRQHandler
                0x0000000008009e48                TIM2_IRQHandler
                0x0000000008009e48                OTG_FS_WKUP_IRQHandler
                0x0000000008009e48                EXTI1_IRQHandler
                0x0000000008009e48                I2C2_ER_IRQHandler
                0x0000000008009e48                DMA2_Stream1_IRQHandler
                0x0000000008009e48                FLASH_IRQHandler
                0x0000000008009e48                DMA2_Stream4_IRQHandler
                0x0000000008009e48                OTG_FS_IRQHandler
                0x0000000008009e48                DMA1_Stream4_IRQHandler
                0x0000000008009e48                DMA2_Stream6_IRQHandler
                0x0000000008009e48                DMA1_Stream3_IRQHandler
 *fill*         0x0000000008009e4a        0x2 
 .text.HAL_Init
                0x0000000008009e4c       0x44 ./Drivers/STM32F4xx_HAL_Driver/Src/stm32f4xx_hal.o
                0x0000000008009e4c                HAL_Init
 .text.HAL_InitTick
                0x0000000008009e90       0x60 ./Drivers/STM32F4xx_HAL_Driver/Src/stm32f4xx_hal.o
                0x0000000008009e90                HAL_InitTick
 .text.HAL_IncTick
                0x0000000008009ef0       0x28 ./Drivers/STM32F4xx_HAL_Driver/Src/stm32f4xx_hal.o
                0x0000000008009ef0                HAL_IncTick
 .text.HAL_GetTick
                0x0000000008009f18       0x18 ./Drivers/STM32F4xx_HAL_Driver/Src/stm32f4xx_hal.o
                0x0000000008009f18                HAL_GetTick
 .text.HAL_Delay
                0x0000000008009f30       0x48 ./Drivers/STM32F4xx_HAL_Driver/Src/stm32f4xx_hal.o
                0x0000000008009f30                HAL_Delay
 .text.__NVIC_SetPriorityGrouping
                0x0000000008009f78       0x48 ./Drivers/STM32F4xx_HAL_Driver/Src/stm32f4xx_hal_cortex.o
 .text.__NVIC_GetPriorityGrouping
                0x0000000008009fc0       0x1c ./Drivers/STM32F4xx_HAL_Driver/Src/stm32f4xx_hal_cortex.o
 .text.__NVIC_EnableIRQ
                0x0000000008009fdc       0x3c ./Drivers/STM32F4xx_HAL_Driver/Src/stm32f4xx_hal_cortex.o
 .text.__NVIC_DisableIRQ
                0x000000000800a018       0x48 ./Drivers/STM32F4xx_HAL_Driver/Src/stm32f4xx_hal_cortex.o
 .text.__NVIC_GetPendingIRQ
                0x000000000800a060       0x44 ./Drivers/STM32F4xx_HAL_Driver/Src/stm32f4xx_hal_cortex.o
 .text.__NVIC_ClearPendingIRQ
                0x000000000800a0a4       0x3c ./Drivers/STM32F4xx_HAL_Driver/Src/stm32f4xx_hal_cortex.o
 .text.__NVIC_SetPriority
                0x000000000800a0e0       0x54 ./Drivers/STM32F4xx_HAL_Driver/Src/stm32f4xx_hal_cortex.o
 .text.NVIC_EncodePriority
                0x000000000800a134       0x66 ./Drivers/STM32F4xx_HAL_Driver/Src/stm32f4xx_hal_cortex.o
 *fill*         0x000000000800a19a        0x2 
 .text.SysTick_Config
                0x000000000800a19c       0x44 ./Drivers/STM32F4xx_HAL_Driver/Src/stm32f4xx_hal_cortex.o
 .text.HAL_NVIC_SetPriorityGrouping
                0x000000000800a1e0       0x16 ./Drivers/STM32F4xx_HAL_Driver/Src/stm32f4xx_hal_cortex.o
                0x000000000800a1e0                HAL_NVIC_SetPriorityGrouping
 .text.HAL_NVIC_SetPriority
                0x000000000800a1f6       0x38 ./Drivers/STM32F4xx_HAL_Driver/Src/stm32f4xx_hal_cortex.o
                0x000000000800a1f6                HAL_NVIC_SetPriority
 .text.HAL_NVIC_EnableIRQ
                0x000000000800a22e       0x1c ./Drivers/STM32F4xx_HAL_Driver/Src/stm32f4xx_hal_cortex.o
                0x000000000800a22e                HAL_NVIC_EnableIRQ
 .text.HAL_NVIC_DisableIRQ
                0x000000000800a24a       0x1c ./Drivers/STM32F4xx_HAL_Driver/Src/stm32f4xx_hal_cortex.o
                0x000000000800a24a                HAL_NVIC_DisableIRQ
 .text.HAL_SYSTICK_Config
                0x000000000800a266       0x18 ./Drivers/STM32F4xx_HAL_Driver/Src/stm32f4xx_hal_cortex.o
                0x000000000800a266                HAL_SYSTICK_Config
 .text.HAL_NVIC_GetPendingIRQ
                0x000000000800a27e       0x1e ./Drivers/STM32F4xx_HAL_Driver/Src/stm32f4xx_hal_cortex.o
                0x000000000800a27e                HAL_NVIC_GetPendingIRQ
 .text.HAL_NVIC_ClearPendingIRQ
                0x000000000800a29c       0x1c ./Drivers/STM32F4xx_HAL_Driver/Src/stm32f4xx_hal_cortex.o
                0x000000000800a29c                HAL_NVIC_ClearPendingIRQ
 .text.HAL_DMA_Init
                0x000000000800a2b8      0x15c ./Drivers/STM32F4xx_HAL_Driver/Src/stm32f4xx_hal_dma.o
                0x000000000800a2b8                HAL_DMA_Init
 .text.HAL_DMA_Start_IT
                0x000000000800a414       0xb0 ./Drivers/STM32F4xx_HAL_Driver/Src/stm32f4xx_hal_dma.o
                0x000000000800a414                HAL_DMA_Start_IT
 .text.HAL_DMA_Abort
                0x000000000800a4c4       0xe0 ./Drivers/STM32F4xx_HAL_Driver/Src/stm32f4xx_hal_dma.o
                0x000000000800a4c4                HAL_DMA_Abort
 .text.HAL_DMA_Abort_IT
                0x000000000800a5a4       0x44 ./Drivers/STM32F4xx_HAL_Driver/Src/stm32f4xx_hal_dma.o
                0x000000000800a5a4                HAL_DMA_Abort_IT
 .text.HAL_DMA_IRQHandler
                0x000000000800a5e8      0x314 ./Drivers/STM32F4xx_HAL_Driver/Src/stm32f4xx_hal_dma.o
                0x000000000800a5e8                HAL_DMA_IRQHandler
 .text.HAL_DMA_GetState
                0x000000000800a8fc       0x1c ./Drivers/STM32F4xx_HAL_Driver/Src/stm32f4xx_hal_dma.o
                0x000000000800a8fc                HAL_DMA_GetState
 .text.DMA_SetConfig
                0x000000000800a918       0x5c ./Drivers/STM32F4xx_HAL_Driver/Src/stm32f4xx_hal_dma.o
 .text.DMA_CalcBaseAndBitshift
                0x000000000800a974       0x6c ./Drivers/STM32F4xx_HAL_Driver/Src/stm32f4xx_hal_dma.o
 .text.DMA_CheckFifoParam
                0x000000000800a9e0       0xf8 ./Drivers/STM32F4xx_HAL_Driver/Src/stm32f4xx_hal_dma.o
 .text.HAL_GPIO_Init
                0x000000000800aad8      0x308 ./Drivers/STM32F4xx_HAL_Driver/Src/stm32f4xx_hal_gpio.o
                0x000000000800aad8                HAL_GPIO_Init
 .text.HAL_GPIO_ReadPin
                0x000000000800ade0       0x30 ./Drivers/STM32F4xx_HAL_Driver/Src/stm32f4xx_hal_gpio.o
                0x000000000800ade0                HAL_GPIO_ReadPin
 .text.HAL_GPIO_WritePin
                0x000000000800ae10       0x32 ./Drivers/STM32F4xx_HAL_Driver/Src/stm32f4xx_hal_gpio.o
                0x000000000800ae10                HAL_GPIO_WritePin
 .text.HAL_GPIO_TogglePin
                0x000000000800ae42       0x34 ./Drivers/STM32F4xx_HAL_Driver/Src/stm32f4xx_hal_gpio.o
                0x000000000800ae42                HAL_GPIO_TogglePin
 *fill*         0x000000000800ae76        0x2 
 .text.HAL_GPIO_EXTI_IRQHandler
                0x000000000800ae78       0x30 ./Drivers/STM32F4xx_HAL_Driver/Src/stm32f4xx_hal_gpio.o
                0x000000000800ae78                HAL_GPIO_EXTI_IRQHandler
 .text.HAL_I2C_Init
                0x000000000800aea8      0x288 ./Drivers/STM32F4xx_HAL_Driver/Src/stm32f4xx_hal_i2c.o
                0x000000000800aea8                HAL_I2C_Init
 .text.HAL_I2C_Master_Transmit
                0x000000000800b130      0x1fc ./Drivers/STM32F4xx_HAL_Driver/Src/stm32f4xx_hal_i2c.o
                0x000000000800b130                HAL_I2C_Master_Transmit
 .text.HAL_I2C_Master_Receive
                0x000000000800b32c      0x44c ./Drivers/STM32F4xx_HAL_Driver/Src/stm32f4xx_hal_i2c.o
                0x000000000800b32c                HAL_I2C_Master_Receive
 .text.HAL_I2C_Mem_Write
                0x000000000800b778      0x1f4 ./Drivers/STM32F4xx_HAL_Driver/Src/stm32f4xx_hal_i2c.o
                0x000000000800b778                HAL_I2C_Mem_Write
 .text.HAL_I2C_Mem_Read
                0x000000000800b96c      0x44c ./Drivers/STM32F4xx_HAL_Driver/Src/stm32f4xx_hal_i2c.o
                0x000000000800b96c                HAL_I2C_Mem_Read
 .text.HAL_I2C_EV_IRQHandler
                0x000000000800bdb8      0x2e2 ./Drivers/STM32F4xx_HAL_Driver/Src/stm32f4xx_hal_i2c.o
                0x000000000800bdb8                HAL_I2C_EV_IRQHandler
 .text.HAL_I2C_ER_IRQHandler
                0x000000000800c09a      0x14e ./Drivers/STM32F4xx_HAL_Driver/Src/stm32f4xx_hal_i2c.o
                0x000000000800c09a                HAL_I2C_ER_IRQHandler
 .text.HAL_I2C_MasterTxCpltCallback
                0x000000000800c1e8       0x14 ./Drivers/STM32F4xx_HAL_Driver/Src/stm32f4xx_hal_i2c.o
                0x000000000800c1e8                HAL_I2C_MasterTxCpltCallback
 .text.HAL_I2C_MasterRxCpltCallback
                0x000000000800c1fc       0x14 ./Drivers/STM32F4xx_HAL_Driver/Src/stm32f4xx_hal_i2c.o
                0x000000000800c1fc                HAL_I2C_MasterRxCpltCallback
 .text.HAL_I2C_SlaveTxCpltCallback
                0x000000000800c210       0x14 ./Drivers/STM32F4xx_HAL_Driver/Src/stm32f4xx_hal_i2c.o
                0x000000000800c210                HAL_I2C_SlaveTxCpltCallback
 .text.HAL_I2C_SlaveRxCpltCallback
                0x000000000800c224       0x14 ./Drivers/STM32F4xx_HAL_Driver/Src/stm32f4xx_hal_i2c.o
                0x000000000800c224                HAL_I2C_SlaveRxCpltCallback
 .text.HAL_I2C_AddrCallback
                0x000000000800c238       0x1c ./Drivers/STM32F4xx_HAL_Driver/Src/stm32f4xx_hal_i2c.o
                0x000000000800c238                HAL_I2C_AddrCallback
 .text.HAL_I2C_ListenCpltCallback
                0x000000000800c254       0x14 ./Drivers/STM32F4xx_HAL_Driver/Src/stm32f4xx_hal_i2c.o
                0x000000000800c254                HAL_I2C_ListenCpltCallback
 .text.HAL_I2C_MemTxCpltCallback
                0x000000000800c268       0x14 ./Drivers/STM32F4xx_HAL_Driver/Src/stm32f4xx_hal_i2c.o
                0x000000000800c268                HAL_I2C_MemTxCpltCallback
 .text.HAL_I2C_MemRxCpltCallback
                0x000000000800c27c       0x14 ./Drivers/STM32F4xx_HAL_Driver/Src/stm32f4xx_hal_i2c.o
                0x000000000800c27c                HAL_I2C_MemRxCpltCallback
 .text.HAL_I2C_ErrorCallback
                0x000000000800c290       0x14 ./Drivers/STM32F4xx_HAL_Driver/Src/stm32f4xx_hal_i2c.o
                0x000000000800c290                HAL_I2C_ErrorCallback
 .text.HAL_I2C_AbortCpltCallback
                0x000000000800c2a4       0x14 ./Drivers/STM32F4xx_HAL_Driver/Src/stm32f4xx_hal_i2c.o
                0x000000000800c2a4                HAL_I2C_AbortCpltCallback
 .text.I2C_MasterTransmit_TXE
                0x000000000800c2b8      0x138 ./Drivers/STM32F4xx_HAL_Driver/Src/stm32f4xx_hal_i2c.o
 .text.I2C_MasterTransmit_BTF
                0x000000000800c3f0       0xec ./Drivers/STM32F4xx_HAL_Driver/Src/stm32f4xx_hal_i2c.o
 .text.I2C_MemoryTransmit_TXE_BTF
                0x000000000800c4dc      0x128 ./Drivers/STM32F4xx_HAL_Driver/Src/stm32f4xx_hal_i2c.o
 .text.I2C_MasterReceive_RXNE
                0x000000000800c604      0x162 ./Drivers/STM32F4xx_HAL_Driver/Src/stm32f4xx_hal_i2c.o
 .text.I2C_MasterReceive_BTF
                0x000000000800c766      0x1d4 ./Drivers/STM32F4xx_HAL_Driver/Src/stm32f4xx_hal_i2c.o
 .text.I2C_Master_SB
                0x000000000800c93a      0x10c ./Drivers/STM32F4xx_HAL_Driver/Src/stm32f4xx_hal_i2c.o
 .text.I2C_Master_ADD10
                0x000000000800ca46       0x54 ./Drivers/STM32F4xx_HAL_Driver/Src/stm32f4xx_hal_i2c.o
 .text.I2C_Master_ADDR
                0x000000000800ca9a      0x322 ./Drivers/STM32F4xx_HAL_Driver/Src/stm32f4xx_hal_i2c.o
 .text.I2C_SlaveTransmit_TXE
                0x000000000800cdbc       0x7a ./Drivers/STM32F4xx_HAL_Driver/Src/stm32f4xx_hal_i2c.o
 .text.I2C_SlaveTransmit_BTF
                0x000000000800ce36       0x42 ./Drivers/STM32F4xx_HAL_Driver/Src/stm32f4xx_hal_i2c.o
 .text.I2C_SlaveReceive_RXNE
                0x000000000800ce78       0x7c ./Drivers/STM32F4xx_HAL_Driver/Src/stm32f4xx_hal_i2c.o
 .text.I2C_SlaveReceive_BTF
                0x000000000800cef4       0x44 ./Drivers/STM32F4xx_HAL_Driver/Src/stm32f4xx_hal_i2c.o
 .text.I2C_Slave_ADDR
                0x000000000800cf38       0x94 ./Drivers/STM32F4xx_HAL_Driver/Src/stm32f4xx_hal_i2c.o
 .text.I2C_Slave_STOPF
                0x000000000800cfcc      0x260 ./Drivers/STM32F4xx_HAL_Driver/Src/stm32f4xx_hal_i2c.o
 .text.I2C_Slave_AF
                0x000000000800d22c       0xe0 ./Drivers/STM32F4xx_HAL_Driver/Src/stm32f4xx_hal_i2c.o
 .text.I2C_ITError
                0x000000000800d30c      0x264 ./Drivers/STM32F4xx_HAL_Driver/Src/stm32f4xx_hal_i2c.o
 .text.I2C_MasterRequestWrite
                0x000000000800d570      0x104 ./Drivers/STM32F4xx_HAL_Driver/Src/stm32f4xx_hal_i2c.o
 .text.I2C_MasterRequestRead
                0x000000000800d674      0x19c ./Drivers/STM32F4xx_HAL_Driver/Src/stm32f4xx_hal_i2c.o
 .text.I2C_RequestMemoryWrite
                0x000000000800d810      0x12c ./Drivers/STM32F4xx_HAL_Driver/Src/stm32f4xx_hal_i2c.o
 .text.I2C_RequestMemoryRead
                0x000000000800d93c      0x1d0 ./Drivers/STM32F4xx_HAL_Driver/Src/stm32f4xx_hal_i2c.o
 .text.I2C_DMAAbort
                0x000000000800db0c      0x150 ./Drivers/STM32F4xx_HAL_Driver/Src/stm32f4xx_hal_i2c.o
 .text.I2C_WaitOnFlagUntilTimeout
                0x000000000800dc5c       0xae ./Drivers/STM32F4xx_HAL_Driver/Src/stm32f4xx_hal_i2c.o
 .text.I2C_WaitOnMasterAddressFlagUntilTimeout
                0x000000000800dd0a       0xfe ./Drivers/STM32F4xx_HAL_Driver/Src/stm32f4xx_hal_i2c.o
 .text.I2C_WaitOnTXEFlagUntilTimeout
                0x000000000800de08       0x82 ./Drivers/STM32F4xx_HAL_Driver/Src/stm32f4xx_hal_i2c.o
 .text.I2C_WaitOnBTFFlagUntilTimeout
                0x000000000800de8a       0x82 ./Drivers/STM32F4xx_HAL_Driver/Src/stm32f4xx_hal_i2c.o
 .text.I2C_WaitOnSTOPRequestThroughIT
                0x000000000800df0c       0x64 ./Drivers/STM32F4xx_HAL_Driver/Src/stm32f4xx_hal_i2c.o
 .text.I2C_WaitOnRXNEFlagUntilTimeout
                0x000000000800df70       0xac ./Drivers/STM32F4xx_HAL_Driver/Src/stm32f4xx_hal_i2c.o
 .text.I2C_IsAcknowledgeFailed
                0x000000000800e01c       0x5e ./Drivers/STM32F4xx_HAL_Driver/Src/stm32f4xx_hal_i2c.o
 .text.I2C_ConvertOtherXferOptions
                0x000000000800e07a       0x36 ./Drivers/STM32F4xx_HAL_Driver/Src/stm32f4xx_hal_i2c.o
 .text.HAL_RCC_OscConfig
                0x000000000800e0b0      0x4f0 ./Drivers/STM32F4xx_HAL_Driver/Src/stm32f4xx_hal_rcc.o
                0x000000000800e0b0                HAL_RCC_OscConfig
 .text.HAL_RCC_ClockConfig
                0x000000000800e5a0      0x1cc ./Drivers/STM32F4xx_HAL_Driver/Src/stm32f4xx_hal_rcc.o
                0x000000000800e5a0                HAL_RCC_ClockConfig
 .text.HAL_RCC_GetSysClockFreq
                0x000000000800e76c      0x16c ./Drivers/STM32F4xx_HAL_Driver/Src/stm32f4xx_hal_rcc.o
                0x000000000800e76c                HAL_RCC_GetSysClockFreq
 .text.HAL_RCC_GetHCLKFreq
                0x000000000800e8d8       0x18 ./Drivers/STM32F4xx_HAL_Driver/Src/stm32f4xx_hal_rcc.o
                0x000000000800e8d8                HAL_RCC_GetHCLKFreq
 .text.HAL_RCC_GetPCLK1Freq
                0x000000000800e8f0       0x28 ./Drivers/STM32F4xx_HAL_Driver/Src/stm32f4xx_hal_rcc.o
                0x000000000800e8f0                HAL_RCC_GetPCLK1Freq
 .text.HAL_RCC_GetPCLK2Freq
                0x000000000800e918       0x28 ./Drivers/STM32F4xx_HAL_Driver/Src/stm32f4xx_hal_rcc.o
                0x000000000800e918                HAL_RCC_GetPCLK2Freq
 .text.HAL_SPI_Init
                0x000000000800e940      0x112 ./Drivers/STM32F4xx_HAL_Driver/Src/stm32f4xx_hal_spi.o
                0x000000000800e940                HAL_SPI_Init
 .text.HAL_SPI_TransmitReceive
                0x000000000800ea52      0x344 ./Drivers/STM32F4xx_HAL_Driver/Src/stm32f4xx_hal_spi.o
                0x000000000800ea52                HAL_SPI_TransmitReceive
 *fill*         0x000000000800ed96        0x2 
 .text.HAL_SPI_IRQHandler
                0x000000000800ed98      0x200 ./Drivers/STM32F4xx_HAL_Driver/Src/stm32f4xx_hal_spi.o
                0x000000000800ed98                HAL_SPI_IRQHandler
 .text.HAL_SPI_ErrorCallback
                0x000000000800ef98       0x14 ./Drivers/STM32F4xx_HAL_Driver/Src/stm32f4xx_hal_spi.o
                0x000000000800ef98                HAL_SPI_ErrorCallback
 .text.SPI_DMAAbortOnError
                0x000000000800efac       0x28 ./Drivers/STM32F4xx_HAL_Driver/Src/stm32f4xx_hal_spi.o
 .text.SPI_WaitFlagStateUntilTimeout
                0x000000000800efd4      0x110 ./Drivers/STM32F4xx_HAL_Driver/Src/stm32f4xx_hal_spi.o
 .text.SPI_EndRxTxTransaction
                0x000000000800f0e4       0x84 ./Drivers/STM32F4xx_HAL_Driver/Src/stm32f4xx_hal_spi.o
 .text.HAL_TIM_Base_Init
                0x000000000800f168       0x9e ./Drivers/STM32F4xx_HAL_Driver/Src/stm32f4xx_hal_tim.o
                0x000000000800f168                HAL_TIM_Base_Init
 *fill*         0x000000000800f206        0x2 
 .text.HAL_TIM_Base_Start_IT
                0x000000000800f208       0xc4 ./Drivers/STM32F4xx_HAL_Driver/Src/stm32f4xx_hal_tim.o
                0x000000000800f208                HAL_TIM_Base_Start_IT
 .text.HAL_TIM_Base_Stop_IT
                0x000000000800f2cc       0x5e ./Drivers/STM32F4xx_HAL_Driver/Src/stm32f4xx_hal_tim.o
                0x000000000800f2cc                HAL_TIM_Base_Stop_IT
 .text.HAL_TIM_Encoder_Init
                0x000000000800f32a      0x14c ./Drivers/STM32F4xx_HAL_Driver/Src/stm32f4xx_hal_tim.o
                0x000000000800f32a                HAL_TIM_Encoder_Init
 .text.HAL_TIM_IRQHandler
                0x000000000800f476      0x210 ./Drivers/STM32F4xx_HAL_Driver/Src/stm32f4xx_hal_tim.o
                0x000000000800f476                HAL_TIM_IRQHandler
 .text.HAL_TIM_OC_DelayElapsedCallback
                0x000000000800f686       0x14 ./Drivers/STM32F4xx_HAL_Driver/Src/stm32f4xx_hal_tim.o
                0x000000000800f686                HAL_TIM_OC_DelayElapsedCallback
 .text.HAL_TIM_IC_CaptureCallback
                0x000000000800f69a       0x14 ./Drivers/STM32F4xx_HAL_Driver/Src/stm32f4xx_hal_tim.o
                0x000000000800f69a                HAL_TIM_IC_CaptureCallback
 .text.HAL_TIM_PWM_PulseFinishedCallback
                0x000000000800f6ae       0x14 ./Drivers/STM32F4xx_HAL_Driver/Src/stm32f4xx_hal_tim.o
                0x000000000800f6ae                HAL_TIM_PWM_PulseFinishedCallback
 .text.HAL_TIM_TriggerCallback
                0x000000000800f6c2       0x14 ./Drivers/STM32F4xx_HAL_Driver/Src/stm32f4xx_hal_tim.o
                0x000000000800f6c2                HAL_TIM_TriggerCallback
 *fill*         0x000000000800f6d6        0x2 
 .text.TIM_Base_SetConfig
                0x000000000800f6d8      0x100 ./Drivers/STM32F4xx_HAL_Driver/Src/stm32f4xx_hal_tim.o
                0x000000000800f6d8                TIM_Base_SetConfig
 .text.HAL_TIMEx_MasterConfigSynchronization
                0x000000000800f7d8       0xdc ./Drivers/STM32F4xx_HAL_Driver/Src/stm32f4xx_hal_tim_ex.o
                0x000000000800f7d8                HAL_TIMEx_MasterConfigSynchronization
 .text.HAL_TIMEx_CommutCallback
                0x000000000800f8b4       0x14 ./Drivers/STM32F4xx_HAL_Driver/Src/stm32f4xx_hal_tim_ex.o
                0x000000000800f8b4                HAL_TIMEx_CommutCallback
 .text.HAL_TIMEx_BreakCallback
                0x000000000800f8c8       0x14 ./Drivers/STM32F4xx_HAL_Driver/Src/stm32f4xx_hal_tim_ex.o
                0x000000000800f8c8                HAL_TIMEx_BreakCallback
 .text.HAL_UART_Init
                0x000000000800f8dc       0x9a ./Drivers/STM32F4xx_HAL_Driver/Src/stm32f4xx_hal_uart.o
                0x000000000800f8dc                HAL_UART_Init
 *fill*         0x000000000800f976        0x2 
 .text.HAL_UART_Transmit_DMA
                0x000000000800f978       0xfc ./Drivers/STM32F4xx_HAL_Driver/Src/stm32f4xx_hal_uart.o
                0x000000000800f978                HAL_UART_Transmit_DMA
 .text.HAL_UART_Receive_DMA
                0x000000000800fa74       0x60 ./Drivers/STM32F4xx_HAL_Driver/Src/stm32f4xx_hal_uart.o
                0x000000000800fa74                HAL_UART_Receive_DMA
 .text.HAL_UART_IRQHandler
                0x000000000800fad4      0x51c ./Drivers/STM32F4xx_HAL_Driver/Src/stm32f4xx_hal_uart.o
                0x000000000800fad4                HAL_UART_IRQHandler
 .text.HAL_UART_TxCpltCallback
                0x000000000800fff0       0x14 ./Drivers/STM32F4xx_HAL_Driver/Src/stm32f4xx_hal_uart.o
                0x000000000800fff0                HAL_UART_TxCpltCallback
 .text.HAL_UART_TxHalfCpltCallback
                0x0000000008010004       0x14 ./Drivers/STM32F4xx_HAL_Driver/Src/stm32f4xx_hal_uart.o
                0x0000000008010004                HAL_UART_TxHalfCpltCallback
 .text.HAL_UART_RxCpltCallback
                0x0000000008010018       0x14 ./Drivers/STM32F4xx_HAL_Driver/Src/stm32f4xx_hal_uart.o
                0x0000000008010018                HAL_UART_RxCpltCallback
 .text.HAL_UART_RxHalfCpltCallback
                0x000000000801002c       0x14 ./Drivers/STM32F4xx_HAL_Driver/Src/stm32f4xx_hal_uart.o
                0x000000000801002c                HAL_UART_RxHalfCpltCallback
 .text.HAL_UART_ErrorCallback
                0x0000000008010040       0x14 ./Drivers/STM32F4xx_HAL_Driver/Src/stm32f4xx_hal_uart.o
                0x0000000008010040                HAL_UART_ErrorCallback
 .text.HAL_UARTEx_RxEventCallback
                0x0000000008010054       0x18 ./Drivers/STM32F4xx_HAL_Driver/Src/stm32f4xx_hal_uart.o
                0x0000000008010054                HAL_UARTEx_RxEventCallback
 .text.UART_DMATransmitCplt
                0x000000000801006c       0x9a ./Drivers/STM32F4xx_HAL_Driver/Src/stm32f4xx_hal_uart.o
 .text.UART_DMATxHalfCplt
                0x0000000008010106       0x1c ./Drivers/STM32F4xx_HAL_Driver/Src/stm32f4xx_hal_uart.o
 .text.UART_DMAReceiveCplt
                0x0000000008010122      0x126 ./Drivers/STM32F4xx_HAL_Driver/Src/stm32f4xx_hal_uart.o
 .text.UART_DMARxHalfCplt
                0x0000000008010248       0x36 ./Drivers/STM32F4xx_HAL_Driver/Src/stm32f4xx_hal_uart.o
 .text.UART_DMAError
                0x000000000801027e       0x94 ./Drivers/STM32F4xx_HAL_Driver/Src/stm32f4xx_hal_uart.o
 *fill*         0x0000000008010312        0x2 
 .text.UART_Start_Receive_DMA
                0x0000000008010314      0x134 ./Drivers/STM32F4xx_HAL_Driver/Src/stm32f4xx_hal_uart.o
                0x0000000008010314                UART_Start_Receive_DMA
 .text.UART_EndTxTransfer
                0x0000000008010448       0x50 ./Drivers/STM32F4xx_HAL_Driver/Src/stm32f4xx_hal_uart.o
 .text.UART_EndRxTransfer
                0x0000000008010498       0xc6 ./Drivers/STM32F4xx_HAL_Driver/Src/stm32f4xx_hal_uart.o
 .text.UART_DMAAbortOnError
                0x000000000801055e       0x28 ./Drivers/STM32F4xx_HAL_Driver/Src/stm32f4xx_hal_uart.o
 .text.UART_Transmit_IT
                0x0000000008010586       0xa0 ./Drivers/STM32F4xx_HAL_Driver/Src/stm32f4xx_hal_uart.o
 .text.UART_EndTransmit_IT
                0x0000000008010626       0x30 ./Drivers/STM32F4xx_HAL_Driver/Src/stm32f4xx_hal_uart.o
 .text.UART_Receive_IT
                0x0000000008010656      0x176 ./Drivers/STM32F4xx_HAL_Driver/Src/stm32f4xx_hal_uart.o
 .text.UART_SetConfig
                0x00000000080107cc      0x390 ./Drivers/STM32F4xx_HAL_Driver/Src/stm32f4xx_hal_uart.o
 .text.atof     0x0000000008010b5c        0x6 d:/stm32/programs/stm32_cube_ide/stm32cubeide_1.5.0/stm32cubeide/plugins/com.st.stm32cube.ide.mcu.externaltools.gnu-tools-for-stm32.9-2020-q2-update.win32_2.0.0.202105311346/tools/bin/../lib/gcc/arm-none-eabi/9.3.1/../../../../arm-none-eabi/lib/thumb/v7e-m+fp/hard\libc_nano.a(lib_a-atof.o)
                0x0000000008010b5c                atof
 .text.atoi     0x0000000008010b62        0x8 d:/stm32/programs/stm32_cube_ide/stm32cubeide_1.5.0/stm32cubeide/plugins/com.st.stm32cube.ide.mcu.externaltools.gnu-tools-for-stm32.9-2020-q2-update.win32_2.0.0.202105311346/tools/bin/../lib/gcc/arm-none-eabi/9.3.1/../../../../arm-none-eabi/lib/thumb/v7e-m+fp/hard\libc_nano.a(lib_a-atoi.o)
                0x0000000008010b62                atoi
 *fill*         0x0000000008010b6a        0x2 
 .text.__errno  0x0000000008010b6c        0xc d:/stm32/programs/stm32_cube_ide/stm32cubeide_1.5.0/stm32cubeide/plugins/com.st.stm32cube.ide.mcu.externaltools.gnu-tools-for-stm32.9-2020-q2-update.win32_2.0.0.202105311346/tools/bin/../lib/gcc/arm-none-eabi/9.3.1/../../../../arm-none-eabi/lib/thumb/v7e-m+fp/hard\libc_nano.a(lib_a-errno.o)
                0x0000000008010b6c                __errno
 .text.__libc_init_array
                0x0000000008010b78       0x48 d:/stm32/programs/stm32_cube_ide/stm32cubeide_1.5.0/stm32cubeide/plugins/com.st.stm32cube.ide.mcu.externaltools.gnu-tools-for-stm32.9-2020-q2-update.win32_2.0.0.202105311346/tools/bin/../lib/gcc/arm-none-eabi/9.3.1/../../../../arm-none-eabi/lib/thumb/v7e-m+fp/hard\libc_nano.a(lib_a-init.o)
                0x0000000008010b78                __libc_init_array
 .text.memset   0x0000000008010bc0       0x10 d:/stm32/programs/stm32_cube_ide/stm32cubeide_1.5.0/stm32cubeide/plugins/com.st.stm32cube.ide.mcu.externaltools.gnu-tools-for-stm32.9-2020-q2-update.win32_2.0.0.202105311346/tools/bin/../lib/gcc/arm-none-eabi/9.3.1/../../../../arm-none-eabi/lib/thumb/v7e-m+fp/hard\libc_nano.a(lib_a-memset.o)
                0x0000000008010bc0                memset
 .text.__cvt    0x0000000008010bd0       0xc4 d:/stm32/programs/stm32_cube_ide/stm32cubeide_1.5.0/stm32cubeide/plugins/com.st.stm32cube.ide.mcu.externaltools.gnu-tools-for-stm32.9-2020-q2-update.win32_2.0.0.202105311346/tools/bin/../lib/gcc/arm-none-eabi/9.3.1/../../../../arm-none-eabi/lib/thumb/v7e-m+fp/hard\libc_nano.a(lib_a-nano-vfprintf_float.o)
                0x0000000008010bd0                __cvt
 .text.__exponent
                0x0000000008010c94       0x7c d:/stm32/programs/stm32_cube_ide/stm32cubeide_1.5.0/stm32cubeide/plugins/com.st.stm32cube.ide.mcu.externaltools.gnu-tools-for-stm32.9-2020-q2-update.win32_2.0.0.202105311346/tools/bin/../lib/gcc/arm-none-eabi/9.3.1/../../../../arm-none-eabi/lib/thumb/v7e-m+fp/hard\libc_nano.a(lib_a-nano-vfprintf_float.o)
                0x0000000008010c94                __exponent
 .text._printf_float
                0x0000000008010d10      0x46c d:/stm32/programs/stm32_cube_ide/stm32cubeide_1.5.0/stm32cubeide/plugins/com.st.stm32cube.ide.mcu.externaltools.gnu-tools-for-stm32.9-2020-q2-update.win32_2.0.0.202105311346/tools/bin/../lib/gcc/arm-none-eabi/9.3.1/../../../../arm-none-eabi/lib/thumb/v7e-m+fp/hard\libc_nano.a(lib_a-nano-vfprintf_float.o)
                0x0000000008010d10                _printf_float
 .text._printf_common
                0x000000000801117c       0xda d:/stm32/programs/stm32_cube_ide/stm32cubeide_1.5.0/stm32cubeide/plugins/com.st.stm32cube.ide.mcu.externaltools.gnu-tools-for-stm32.9-2020-q2-update.win32_2.0.0.202105311346/tools/bin/../lib/gcc/arm-none-eabi/9.3.1/../../../../arm-none-eabi/lib/thumb/v7e-m+fp/hard\libc_nano.a(lib_a-nano-vfprintf_i.o)
                0x000000000801117c                _printf_common
 *fill*         0x0000000008011256        0x2 
 .text._printf_i
                0x0000000008011258      0x24c d:/stm32/programs/stm32_cube_ide/stm32cubeide_1.5.0/stm32cubeide/plugins/com.st.stm32cube.ide.mcu.externaltools.gnu-tools-for-stm32.9-2020-q2-update.win32_2.0.0.202105311346/tools/bin/../lib/gcc/arm-none-eabi/9.3.1/../../../../arm-none-eabi/lib/thumb/v7e-m+fp/hard\libc_nano.a(lib_a-nano-vfprintf_i.o)
                0x0000000008011258                _printf_i
 .text._scanf_float
                0x00000000080114a4      0x420 d:/stm32/programs/stm32_cube_ide/stm32cubeide_1.5.0/stm32cubeide/plugins/com.st.stm32cube.ide.mcu.externaltools.gnu-tools-for-stm32.9-2020-q2-update.win32_2.0.0.202105311346/tools/bin/../lib/gcc/arm-none-eabi/9.3.1/../../../../arm-none-eabi/lib/thumb/v7e-m+fp/hard\libc_nano.a(lib_a-nano-vfscanf_float.o)
                0x00000000080114a4                _scanf_float
 .text.nanf     0x00000000080118c4        0xc d:/stm32/programs/stm32_cube_ide/stm32cubeide_1.5.0/stm32cubeide/plugins/com.st.stm32cube.ide.mcu.externaltools.gnu-tools-for-stm32.9-2020-q2-update.win32_2.0.0.202105311346/tools/bin/../lib/gcc/arm-none-eabi/9.3.1/../../../../arm-none-eabi/lib/thumb/v7e-m+fp/hard\libc_nano.a(lib_a-sf_nan.o)
                0x00000000080118c4                nanf
 .text.sprintf  0x00000000080118d0       0x40 d:/stm32/programs/stm32_cube_ide/stm32cubeide_1.5.0/stm32cubeide/plugins/com.st.stm32cube.ide.mcu.externaltools.gnu-tools-for-stm32.9-2020-q2-update.win32_2.0.0.202105311346/tools/bin/../lib/gcc/arm-none-eabi/9.3.1/../../../../arm-none-eabi/lib/thumb/v7e-m+fp/hard\libc_nano.a(lib_a-sprintf.o)
                0x00000000080118d0                siprintf
                0x00000000080118d0                sprintf
 .text.sulp     0x0000000008011910       0x38 d:/stm32/programs/stm32_cube_ide/stm32cubeide_1.5.0/stm32cubeide/plugins/com.st.stm32cube.ide.mcu.externaltools.gnu-tools-for-stm32.9-2020-q2-update.win32_2.0.0.202105311346/tools/bin/../lib/gcc/arm-none-eabi/9.3.1/../../../../arm-none-eabi/lib/thumb/v7e-m+fp/hard\libc_nano.a(lib_a-strtod.o)
 .text._strtod_l
                0x0000000008011948      0xc14 d:/stm32/programs/stm32_cube_ide/stm32cubeide_1.5.0/stm32cubeide/plugins/com.st.stm32cube.ide.mcu.externaltools.gnu-tools-for-stm32.9-2020-q2-update.win32_2.0.0.202105311346/tools/bin/../lib/gcc/arm-none-eabi/9.3.1/../../../../arm-none-eabi/lib/thumb/v7e-m+fp/hard\libc_nano.a(lib_a-strtod.o)
                0x0000000008011948                _strtod_l
 .text._strtod_r
                0x000000000801255c        0xc d:/stm32/programs/stm32_cube_ide/stm32cubeide_1.5.0/stm32cubeide/plugins/com.st.stm32cube.ide.mcu.externaltools.gnu-tools-for-stm32.9-2020-q2-update.win32_2.0.0.202105311346/tools/bin/../lib/gcc/arm-none-eabi/9.3.1/../../../../arm-none-eabi/lib/thumb/v7e-m+fp/hard\libc_nano.a(lib_a-strtod.o)
                0x000000000801255c                _strtod_r
 .text.strtod   0x0000000008012568       0x18 d:/stm32/programs/stm32_cube_ide/stm32cubeide_1.5.0/stm32cubeide/plugins/com.st.stm32cube.ide.mcu.externaltools.gnu-tools-for-stm32.9-2020-q2-update.win32_2.0.0.202105311346/tools/bin/../lib/gcc/arm-none-eabi/9.3.1/../../../../arm-none-eabi/lib/thumb/v7e-m+fp/hard\libc_nano.a(lib_a-strtod.o)
                0x0000000008012568                strtod
 .text.strtok   0x0000000008012580       0x68 d:/stm32/programs/stm32_cube_ide/stm32cubeide_1.5.0/stm32cubeide/plugins/com.st.stm32cube.ide.mcu.externaltools.gnu-tools-for-stm32.9-2020-q2-update.win32_2.0.0.202105311346/tools/bin/../lib/gcc/arm-none-eabi/9.3.1/../../../../arm-none-eabi/lib/thumb/v7e-m+fp/hard\libc_nano.a(lib_a-strtok.o)
                0x0000000008012580                strtok
 .text.__strtok_r
                0x00000000080125e8       0x50 d:/stm32/programs/stm32_cube_ide/stm32cubeide_1.5.0/stm32cubeide/plugins/com.st.stm32cube.ide.mcu.externaltools.gnu-tools-for-stm32.9-2020-q2-update.win32_2.0.0.202105311346/tools/bin/../lib/gcc/arm-none-eabi/9.3.1/../../../../arm-none-eabi/lib/thumb/v7e-m+fp/hard\libc_nano.a(lib_a-strtok_r.o)
                0x00000000080125e8                __strtok_r
 .text._strtol_l.isra.0
                0x0000000008012638      0x108 d:/stm32/programs/stm32_cube_ide/stm32cubeide_1.5.0/stm32cubeide/plugins/com.st.stm32cube.ide.mcu.externaltools.gnu-tools-for-stm32.9-2020-q2-update.win32_2.0.0.202105311346/tools/bin/../lib/gcc/arm-none-eabi/9.3.1/../../../../arm-none-eabi/lib/thumb/v7e-m+fp/hard\libc_nano.a(lib_a-strtol.o)
 .text._strtol_r
                0x0000000008012740        0x4 d:/stm32/programs/stm32_cube_ide/stm32cubeide_1.5.0/stm32cubeide/plugins/com.st.stm32cube.ide.mcu.externaltools.gnu-tools-for-stm32.9-2020-q2-update.win32_2.0.0.202105311346/tools/bin/../lib/gcc/arm-none-eabi/9.3.1/../../../../arm-none-eabi/lib/thumb/v7e-m+fp/hard\libc_nano.a(lib_a-strtol.o)
                0x0000000008012740                _strtol_r
 .text.strtol   0x0000000008012744       0x14 d:/stm32/programs/stm32_cube_ide/stm32cubeide_1.5.0/stm32cubeide/plugins/com.st.stm32cube.ide.mcu.externaltools.gnu-tools-for-stm32.9-2020-q2-update.win32_2.0.0.202105311346/tools/bin/../lib/gcc/arm-none-eabi/9.3.1/../../../../arm-none-eabi/lib/thumb/v7e-m+fp/hard\libc_nano.a(lib_a-strtol.o)
                0x0000000008012744                strtol
 .text.__assert_func
                0x0000000008012758       0x3c d:/stm32/programs/stm32_cube_ide/stm32cubeide_1.5.0/stm32cubeide/plugins/com.st.stm32cube.ide.mcu.externaltools.gnu-tools-for-stm32.9-2020-q2-update.win32_2.0.0.202105311346/tools/bin/../lib/gcc/arm-none-eabi/9.3.1/../../../../arm-none-eabi/lib/thumb/v7e-m+fp/hard\libc_nano.a(lib_a-assert.o)
                0x0000000008012758                __assert_func
 .text.quorem   0x0000000008012794      0x116 d:/stm32/programs/stm32_cube_ide/stm32cubeide_1.5.0/stm32cubeide/plugins/com.st.stm32cube.ide.mcu.externaltools.gnu-tools-for-stm32.9-2020-q2-update.win32_2.0.0.202105311346/tools/bin/../lib/gcc/arm-none-eabi/9.3.1/../../../../arm-none-eabi/lib/thumb/v7e-m+fp/hard\libc_nano.a(lib_a-dtoa.o)
 *fill*         0x00000000080128aa        0x6 
 .text._dtoa_r  0x00000000080128b0      0xbd8 d:/stm32/programs/stm32_cube_ide/stm32cubeide_1.5.0/stm32cubeide/plugins/com.st.stm32cube.ide.mcu.externaltools.gnu-tools-for-stm32.9-2020-q2-update.win32_2.0.0.202105311346/tools/bin/../lib/gcc/arm-none-eabi/9.3.1/../../../../arm-none-eabi/lib/thumb/v7e-m+fp/hard\libc_nano.a(lib_a-dtoa.o)
                0x00000000080128b0                _dtoa_r
 .text.fprintf  0x0000000008013488       0x24 d:/stm32/programs/stm32_cube_ide/stm32cubeide_1.5.0/stm32cubeide/plugins/com.st.stm32cube.ide.mcu.externaltools.gnu-tools-for-stm32.9-2020-q2-update.win32_2.0.0.202105311346/tools/bin/../lib/gcc/arm-none-eabi/9.3.1/../../../../arm-none-eabi/lib/thumb/v7e-m+fp/hard\libc_nano.a(lib_a-fprintf.o)
                0x0000000008013488                fiprintf
                0x0000000008013488                fprintf
 .text.rshift   0x00000000080134ac       0xa4 d:/stm32/programs/stm32_cube_ide/stm32cubeide_1.5.0/stm32cubeide/plugins/com.st.stm32cube.ide.mcu.externaltools.gnu-tools-for-stm32.9-2020-q2-update.win32_2.0.0.202105311346/tools/bin/../lib/gcc/arm-none-eabi/9.3.1/../../../../arm-none-eabi/lib/thumb/v7e-m+fp/hard\libc_nano.a(lib_a-gdtoa-gethex.o)
 .text.__hexdig_fun
                0x0000000008013550       0x2a d:/stm32/programs/stm32_cube_ide/stm32cubeide_1.5.0/stm32cubeide/plugins/com.st.stm32cube.ide.mcu.externaltools.gnu-tools-for-stm32.9-2020-q2-update.win32_2.0.0.202105311346/tools/bin/../lib/gcc/arm-none-eabi/9.3.1/../../../../arm-none-eabi/lib/thumb/v7e-m+fp/hard\libc_nano.a(lib_a-gdtoa-gethex.o)
                0x0000000008013550                __hexdig_fun
 *fill*         0x000000000801357a        0x2 
 .text.__gethex
                0x000000000801357c      0x48c d:/stm32/programs/stm32_cube_ide/stm32cubeide_1.5.0/stm32cubeide/plugins/com.st.stm32cube.ide.mcu.externaltools.gnu-tools-for-stm32.9-2020-q2-update.win32_2.0.0.202105311346/tools/bin/../lib/gcc/arm-none-eabi/9.3.1/../../../../arm-none-eabi/lib/thumb/v7e-m+fp/hard\libc_nano.a(lib_a-gdtoa-gethex.o)
                0x000000000801357c                __gethex
 .text.L_shift  0x0000000008013a08       0x24 d:/stm32/programs/stm32_cube_ide/stm32cubeide_1.5.0/stm32cubeide/plugins/com.st.stm32cube.ide.mcu.externaltools.gnu-tools-for-stm32.9-2020-q2-update.win32_2.0.0.202105311346/tools/bin/../lib/gcc/arm-none-eabi/9.3.1/../../../../arm-none-eabi/lib/thumb/v7e-m+fp/hard\libc_nano.a(lib_a-gdtoa-hexnan.o)
 .text.__match  0x0000000008013a2c       0x28 d:/stm32/programs/stm32_cube_ide/stm32cubeide_1.5.0/stm32cubeide/plugins/com.st.stm32cube.ide.mcu.externaltools.gnu-tools-for-stm32.9-2020-q2-update.win32_2.0.0.202105311346/tools/bin/../lib/gcc/arm-none-eabi/9.3.1/../../../../arm-none-eabi/lib/thumb/v7e-m+fp/hard\libc_nano.a(lib_a-gdtoa-hexnan.o)
                0x0000000008013a2c                __match
 .text.__hexnan
                0x0000000008013a54      0x138 d:/stm32/programs/stm32_cube_ide/stm32cubeide_1.5.0/stm32cubeide/plugins/com.st.stm32cube.ide.mcu.externaltools.gnu-tools-for-stm32.9-2020-q2-update.win32_2.0.0.202105311346/tools/bin/../lib/gcc/arm-none-eabi/9.3.1/../../../../arm-none-eabi/lib/thumb/v7e-m+fp/hard\libc_nano.a(lib_a-gdtoa-hexnan.o)
                0x0000000008013a54                __hexnan
 .text._localeconv_r
                0x0000000008013b8c        0x8 d:/stm32/programs/stm32_cube_ide/stm32cubeide_1.5.0/stm32cubeide/plugins/com.st.stm32cube.ide.mcu.externaltools.gnu-tools-for-stm32.9-2020-q2-update.win32_2.0.0.202105311346/tools/bin/../lib/gcc/arm-none-eabi/9.3.1/../../../../arm-none-eabi/lib/thumb/v7e-m+fp/hard\libc_nano.a(lib_a-localeconv.o)
                0x0000000008013b8c                _localeconv_r
 .text.malloc   0x0000000008013b94       0x10 d:/stm32/programs/stm32_cube_ide/stm32cubeide_1.5.0/stm32cubeide/plugins/com.st.stm32cube.ide.mcu.externaltools.gnu-tools-for-stm32.9-2020-q2-update.win32_2.0.0.202105311346/tools/bin/../lib/gcc/arm-none-eabi/9.3.1/../../../../arm-none-eabi/lib/thumb/v7e-m+fp/hard\libc_nano.a(lib_a-malloc.o)
                0x0000000008013b94                malloc
 .text.__ascii_mbtowc
                0x0000000008013ba4       0x24 d:/stm32/programs/stm32_cube_ide/stm32cubeide_1.5.0/stm32cubeide/plugins/com.st.stm32cube.ide.mcu.externaltools.gnu-tools-for-stm32.9-2020-q2-update.win32_2.0.0.202105311346/tools/bin/../lib/gcc/arm-none-eabi/9.3.1/../../../../arm-none-eabi/lib/thumb/v7e-m+fp/hard\libc_nano.a(lib_a-mbtowc_r.o)
                0x0000000008013ba4                __ascii_mbtowc
 .text.memcpy   0x0000000008013bc8       0x1c d:/stm32/programs/stm32_cube_ide/stm32cubeide_1.5.0/stm32cubeide/plugins/com.st.stm32cube.ide.mcu.externaltools.gnu-tools-for-stm32.9-2020-q2-update.win32_2.0.0.202105311346/tools/bin/../lib/gcc/arm-none-eabi/9.3.1/../../../../arm-none-eabi/lib/thumb/v7e-m+fp/hard\libc_nano.a(lib_a-memcpy-stub.o)
                0x0000000008013bc8                memcpy
 .text._Balloc  0x0000000008013be4       0x80 d:/stm32/programs/stm32_cube_ide/stm32cubeide_1.5.0/stm32cubeide/plugins/com.st.stm32cube.ide.mcu.externaltools.gnu-tools-for-stm32.9-2020-q2-update.win32_2.0.0.202105311346/tools/bin/../lib/gcc/arm-none-eabi/9.3.1/../../../../arm-none-eabi/lib/thumb/v7e-m+fp/hard\libc_nano.a(lib_a-mprec.o)
                0x0000000008013be4                _Balloc
 .text._Bfree   0x0000000008013c64       0x44 d:/stm32/programs/stm32_cube_ide/stm32cubeide_1.5.0/stm32cubeide/plugins/com.st.stm32cube.ide.mcu.externaltools.gnu-tools-for-stm32.9-2020-q2-update.win32_2.0.0.202105311346/tools/bin/../lib/gcc/arm-none-eabi/9.3.1/../../../../arm-none-eabi/lib/thumb/v7e-m+fp/hard\libc_nano.a(lib_a-mprec.o)
                0x0000000008013c64                _Bfree
 .text.__multadd
                0x0000000008013ca8       0x94 d:/stm32/programs/stm32_cube_ide/stm32cubeide_1.5.0/stm32cubeide/plugins/com.st.stm32cube.ide.mcu.externaltools.gnu-tools-for-stm32.9-2020-q2-update.win32_2.0.0.202105311346/tools/bin/../lib/gcc/arm-none-eabi/9.3.1/../../../../arm-none-eabi/lib/thumb/v7e-m+fp/hard\libc_nano.a(lib_a-mprec.o)
                0x0000000008013ca8                __multadd
 .text.__s2b    0x0000000008013d3c       0x94 d:/stm32/programs/stm32_cube_ide/stm32cubeide_1.5.0/stm32cubeide/plugins/com.st.stm32cube.ide.mcu.externaltools.gnu-tools-for-stm32.9-2020-q2-update.win32_2.0.0.202105311346/tools/bin/../lib/gcc/arm-none-eabi/9.3.1/../../../../arm-none-eabi/lib/thumb/v7e-m+fp/hard\libc_nano.a(lib_a-mprec.o)
                0x0000000008013d3c                __s2b
 .text.__hi0bits
                0x0000000008013dd0       0x40 d:/stm32/programs/stm32_cube_ide/stm32cubeide_1.5.0/stm32cubeide/plugins/com.st.stm32cube.ide.mcu.externaltools.gnu-tools-for-stm32.9-2020-q2-update.win32_2.0.0.202105311346/tools/bin/../lib/gcc/arm-none-eabi/9.3.1/../../../../arm-none-eabi/lib/thumb/v7e-m+fp/hard\libc_nano.a(lib_a-mprec.o)
                0x0000000008013dd0                __hi0bits
 .text.__lo0bits
                0x0000000008013e10       0x60 d:/stm32/programs/stm32_cube_ide/stm32cubeide_1.5.0/stm32cubeide/plugins/com.st.stm32cube.ide.mcu.externaltools.gnu-tools-for-stm32.9-2020-q2-update.win32_2.0.0.202105311346/tools/bin/../lib/gcc/arm-none-eabi/9.3.1/../../../../arm-none-eabi/lib/thumb/v7e-m+fp/hard\libc_nano.a(lib_a-mprec.o)
                0x0000000008013e10                __lo0bits
 .text.__i2b    0x0000000008013e70       0x2c d:/stm32/programs/stm32_cube_ide/stm32cubeide_1.5.0/stm32cubeide/plugins/com.st.stm32cube.ide.mcu.externaltools.gnu-tools-for-stm32.9-2020-q2-update.win32_2.0.0.202105311346/tools/bin/../lib/gcc/arm-none-eabi/9.3.1/../../../../arm-none-eabi/lib/thumb/v7e-m+fp/hard\libc_nano.a(lib_a-mprec.o)
                0x0000000008013e70                __i2b
 .text.__multiply
                0x0000000008013e9c      0x14c d:/stm32/programs/stm32_cube_ide/stm32cubeide_1.5.0/stm32cubeide/plugins/com.st.stm32cube.ide.mcu.externaltools.gnu-tools-for-stm32.9-2020-q2-update.win32_2.0.0.202105311346/tools/bin/../lib/gcc/arm-none-eabi/9.3.1/../../../../arm-none-eabi/lib/thumb/v7e-m+fp/hard\libc_nano.a(lib_a-mprec.o)
                0x0000000008013e9c                __multiply
 .text.__pow5mult
                0x0000000008013fe8       0xb4 d:/stm32/programs/stm32_cube_ide/stm32cubeide_1.5.0/stm32cubeide/plugins/com.st.stm32cube.ide.mcu.externaltools.gnu-tools-for-stm32.9-2020-q2-update.win32_2.0.0.202105311346/tools/bin/../lib/gcc/arm-none-eabi/9.3.1/../../../../arm-none-eabi/lib/thumb/v7e-m+fp/hard\libc_nano.a(lib_a-mprec.o)
                0x0000000008013fe8                __pow5mult
 .text.__lshift
                0x000000000801409c       0xd8 d:/stm32/programs/stm32_cube_ide/stm32cubeide_1.5.0/stm32cubeide/plugins/com.st.stm32cube.ide.mcu.externaltools.gnu-tools-for-stm32.9-2020-q2-update.win32_2.0.0.202105311346/tools/bin/../lib/gcc/arm-none-eabi/9.3.1/../../../../arm-none-eabi/lib/thumb/v7e-m+fp/hard\libc_nano.a(lib_a-mprec.o)
                0x000000000801409c                __lshift
 .text.__mcmp   0x0000000008014174       0x38 d:/stm32/programs/stm32_cube_ide/stm32cubeide_1.5.0/stm32cubeide/plugins/com.st.stm32cube.ide.mcu.externaltools.gnu-tools-for-stm32.9-2020-q2-update.win32_2.0.0.202105311346/tools/bin/../lib/gcc/arm-none-eabi/9.3.1/../../../../arm-none-eabi/lib/thumb/v7e-m+fp/hard\libc_nano.a(lib_a-mprec.o)
                0x0000000008014174                __mcmp
 .text.__mdiff  0x00000000080141ac      0x110 d:/stm32/programs/stm32_cube_ide/stm32cubeide_1.5.0/stm32cubeide/plugins/com.st.stm32cube.ide.mcu.externaltools.gnu-tools-for-stm32.9-2020-q2-update.win32_2.0.0.202105311346/tools/bin/../lib/gcc/arm-none-eabi/9.3.1/../../../../arm-none-eabi/lib/thumb/v7e-m+fp/hard\libc_nano.a(lib_a-mprec.o)
                0x00000000080141ac                __mdiff
 .text.__ulp    0x00000000080142bc       0x58 d:/stm32/programs/stm32_cube_ide/stm32cubeide_1.5.0/stm32cubeide/plugins/com.st.stm32cube.ide.mcu.externaltools.gnu-tools-for-stm32.9-2020-q2-update.win32_2.0.0.202105311346/tools/bin/../lib/gcc/arm-none-eabi/9.3.1/../../../../arm-none-eabi/lib/thumb/v7e-m+fp/hard\libc_nano.a(lib_a-mprec.o)
                0x00000000080142bc                __ulp
 .text.__b2d    0x0000000008014314       0xa0 d:/stm32/programs/stm32_cube_ide/stm32cubeide_1.5.0/stm32cubeide/plugins/com.st.stm32cube.ide.mcu.externaltools.gnu-tools-for-stm32.9-2020-q2-update.win32_2.0.0.202105311346/tools/bin/../lib/gcc/arm-none-eabi/9.3.1/../../../../arm-none-eabi/lib/thumb/v7e-m+fp/hard\libc_nano.a(lib_a-mprec.o)
                0x0000000008014314                __b2d