Archive member included to satisfy reference by file (symbol)

d:/stm32/programs/stm32_cube_ide/stm32cubeide_1.5.0/stm32cubeide/plugins/com.st.stm32cube.ide.mcu.externaltools.gnu-tools-for-stm32.9-2020-q2-update.win32_2.0.0.202105311346/tools/bin/../lib/gcc/arm-none-eabi/9.3.1/../../../../arm-none-eabi/lib/thumb/v7e-m+fp/hard\libc_nano.a(lib_a-atof.o)
                              ./Core/Src/parser.o (atof)
d:/stm32/programs/stm32_cube_ide/stm32cubeide_1.5.0/stm32cubeide/plugins/com.st.stm32cube.ide.mcu.externaltools.gnu-tools-for-stm32.9-2020-q2-update.win32_2.0.0.202105311346/tools/bin/../lib/gcc/arm-none-eabi/9.3.1/../../../../arm-none-eabi/lib/thumb/v7e-m+fp/hard\libc_nano.a(lib_a-atoi.o)
                              ./Core/Src/parser.o (atoi)
d:/stm32/programs/stm32_cube_ide/stm32cubeide_1.5.0/stm32cubeide/plugins/com.st.stm32cube.ide.mcu.externaltools.gnu-tools-for-stm32.9-2020-q2-update.win32_2.0.0.202105311346/tools/bin/../lib/gcc/arm-none-eabi/9.3.1/../../../../arm-none-eabi/lib/thumb/v7e-m+fp/hard\libc_nano.a(lib_a-errno.o)
                              ./Core/Src/syscalls.o (__errno)
d:/stm32/programs/stm32_cube_ide/stm32cubeide_1.5.0/stm32cubeide/plugins/com.st.stm32cube.ide.mcu.externaltools.gnu-tools-for-stm32.9-2020-q2-update.win32_2.0.0.202105311346/tools/bin/../lib/gcc/arm-none-eabi/9.3.1/../../../../arm-none-eabi/lib/thumb/v7e-m+fp/hard\libc_nano.a(lib_a-exit.o)
                              d:/stm32/programs/stm32_cube_ide/stm32cubeide_1.5.0/stm32cubeide/plugins/com.st.stm32cube.ide.mcu.externaltools.gnu-tools-for-stm32.9-2020-q2-update.win32_2.0.0.202105311346/tools/bin/../lib/gcc/arm-none-eabi/9.3.1/../../../../arm-none-eabi/lib/thumb/v7e-m+fp/hard/crt0.o (exit)
d:/stm32/programs/stm32_cube_ide/stm32cubeide_1.5.0/stm32cubeide/plugins/com.st.stm32cube.ide.mcu.externaltools.gnu-tools-for-stm32.9-2020-q2-update.win32_2.0.0.202105311346/tools/bin/../lib/gcc/arm-none-eabi/9.3.1/../../../../arm-none-eabi/lib/thumb/v7e-m+fp/hard\libc_nano.a(lib_a-impure.o)
                              d:/stm32/programs/stm32_cube_ide/stm32cubeide_1.5.0/stm32cubeide/plugins/com.st.stm32cube.ide.mcu.externaltools.gnu-tools-for-stm32.9-2020-q2-update.win32_2.0.0.202105311346/tools/bin/../lib/gcc/arm-none-eabi/9.3.1/../../../../arm-none-eabi/lib/thumb/v7e-m+fp/hard\libc_nano.a(lib_a-exit.o) (_global_impure_ptr)
d:/stm32/programs/stm32_cube_ide/stm32cubeide_1.5.0/stm32cubeide/plugins/com.st.stm32cube.ide.mcu.externaltools.gnu-tools-for-stm32.9-2020-q2-update.win32_2.0.0.202105311346/tools/bin/../lib/gcc/arm-none-eabi/9.3.1/../../../../arm-none-eabi/lib/thumb/v7e-m+fp/hard\libc_nano.a(lib_a-init.o)
                              d:/stm32/programs/stm32_cube_ide/stm32cubeide_1.5.0/stm32cubeide/plugins/com.st.stm32cube.ide.mcu.externaltools.gnu-tools-for-stm32.9-2020-q2-update.win32_2.0.0.202105311346/tools/bin/../lib/gcc/arm-none-eabi/9.3.1/../../../../arm-none-eabi/lib/thumb/v7e-m+fp/hard/crt0.o (__libc_init_array)
d:/stm32/programs/stm32_cube_ide/stm32cubeide_1.5.0/stm32cubeide/plugins/com.st.stm32cube.ide.mcu.externaltools.gnu-tools-for-stm32.9-2020-q2-update.win32_2.0.0.202105311346/tools/bin/../lib/gcc/arm-none-eabi/9.3.1/../../../../arm-none-eabi/lib/thumb/v7e-m+fp/hard\libc_nano.a(lib_a-memset.o)
                              d:/stm32/programs/stm32_cube_ide/stm32cubeide_1.5.0/stm32cubeide/plugins/com.st.stm32cube.ide.mcu.externaltools.gnu-tools-for-stm32.9-2020-q2-update.win32_2.0.0.202105311346/tools/bin/../lib/gcc/arm-none-eabi/9.3.1/../../../../arm-none-eabi/lib/thumb/v7e-m+fp/hard/crt0.o (memset)
d:/stm32/programs/stm32_cube_ide/stm32cubeide_1.5.0/stm32cubeide/plugins/com.st.stm32cube.ide.mcu.externaltools.gnu-tools-for-stm32.9-2020-q2-update.win32_2.0.0.202105311346/tools/bin/../lib/gcc/arm-none-eabi/9.3.1/../../../../arm-none-eabi/lib/thumb/v7e-m+fp/hard\libc_nano.a(lib_a-nano-vfprintf_float.o)
                              (_printf_float)
d:/stm32/programs/stm32_cube_ide/stm32cubeide_1.5.0/stm32cubeide/plugins/com.st.stm32cube.ide.mcu.externaltools.gnu-tools-for-stm32.9-2020-q2-update.win32_2.0.0.202105311346/tools/bin/../lib/gcc/arm-none-eabi/9.3.1/../../../../arm-none-eabi/lib/thumb/v7e-m+fp/hard\libc_nano.a(lib_a-nano-vfprintf_i.o)
                              d:/stm32/programs/stm32_cube_ide/stm32cubeide_1.5.0/stm32cubeide/plugins/com.st.stm32cube.ide.mcu.externaltools.gnu-tools-for-stm32.9-2020-q2-update.win32_2.0.0.202105311346/tools/bin/../lib/gcc/arm-none-eabi/9.3.1/../../../../arm-none-eabi/lib/thumb/v7e-m+fp/hard\libc_nano.a(lib_a-nano-vfprintf_float.o) (_printf_common)
d:/stm32/programs/stm32_cube_ide/stm32cubeide_1.5.0/stm32cubeide/plugins/com.st.stm32cube.ide.mcu.externaltools.gnu-tools-for-stm32.9-2020-q2-update.win32_2.0.0.202105311346/tools/bin/../lib/gcc/arm-none-eabi/9.3.1/../../../../arm-none-eabi/lib/thumb/v7e-m+fp/hard\libc_nano.a(lib_a-nano-vfscanf_float.o)
                              (_scanf_float)
[...]
Memory Configuration

Name             Origin             Length             Attributes
RAM              0x0000000020000000 0x0000000000020000 xrw
FLASH            0x0000000008000000 0x0000000000080000 xr
*default*        0x0000000000000000 0xffffffffffffffff

Linker script and memory map

LOAD d:/stm32/programs/stm32_cube_ide/stm32cubeide_1.5.0/stm32cubeide/plugins/com.st.stm32cube.ide.mcu.externaltools.gnu-tools-for-stm32.9-2020-q2-update.win32_2.0.0.202105311346/tools/bin/../lib/gcc/arm-none-eabi/9.3.1/thumb/v7e-m+fp/hard/crti.o
LOAD d:/stm32/programs/stm32_cube_ide/stm32cubeide_1.5.0/stm32cubeide/plugins/com.st.stm32cube.ide.mcu.externaltools.gnu-tools-for-stm32.9-2020-q2-update.win32_2.0.0.202105311346/tools/bin/../lib/gcc/arm-none-eabi/9.3.1/thumb/v7e-m+fp/hard/crtbegin.o
LOAD d:/stm32/programs/stm32_cube_ide/stm32cubeide_1.5.0/stm32cubeide/plugins/com.st.stm32cube.ide.mcu.externaltools.gnu-tools-for-stm32.9-2020-q2-update.win32_2.0.0.202105311346/tools/bin/../lib/gcc/arm-none-eabi/9.3.1/../../../../arm-none-eabi/lib/thumb/v7e-m+fp/hard/crt0.o
LOAD ./Core/Src/EnhancedFonts/ArialBlack_28pts_bold.o
LOAD ./Core/Src/EnhancedFonts/arialBlack_20ptFontInfo.o
LOAD ./Core/Src/GFX_Color.o
LOAD ./Core/Src/GFX_EnhancedFonts.o
LOAD ./Core/Src/TFT_ILI9341.o
LOAD ./Core/Src/dma.o
LOAD ./Core/Src/functions.o
LOAD ./Core/Src/gpio.o
LOAD ./Core/Src/main.o
LOAD ./Core/Src/parser.o
LOAD ./Core/Src/ring_buffer.o
LOAD ./Core/Src/spi.o
LOAD ./Core/Src/stm32f4xx_hal_msp.o
LOAD ./Core/Src/stm32f4xx_it.o
LOAD ./Core/Src/syscalls.o
LOAD ./Core/Src/sysmem.o
LOAD ./Core/Src/system_stm32f4xx.o
LOAD ./Core/Src/uartdma.o
LOAD ./Core/Src/usart.o
LOAD ./Core/Startup/startup_stm32f411ceux.o
LOAD ./Drivers/STM32F4xx_HAL_Driver/Src/stm32f4xx_hal.o
LOAD ./Drivers/STM32F4xx_HAL_Driver/Src/stm32f4xx_hal_cortex.o
LOAD ./Drivers/STM32F4xx_HAL_Driver/Src/stm32f4xx_hal_dma.o
LOAD ./Drivers/STM32F4xx_HAL_Driver/Src/stm32f4xx_hal_dma_ex.o
LOAD ./Drivers/STM32F4xx_HAL_Driver/Src/stm32f4xx_hal_exti.o
LOAD ./Drivers/STM32F4xx_HAL_Driver/Src/stm32f4xx_hal_flash.o
LOAD ./Drivers/STM32F4xx_HAL_Driver/Src/stm32f4xx_hal_flash_ex.o
LOAD ./Drivers/STM32F4xx_HAL_Driver/Src/stm32f4xx_hal_flash_ramfunc.o
LOAD ./Drivers/STM32F4xx_HAL_Driver/Src/stm32f4xx_hal_gpio.o
LOAD ./Drivers/STM32F4xx_HAL_Driver/Src/stm32f4xx_hal_pwr.o
LOAD ./Drivers/STM32F4xx_HAL_Driver/Src/stm32f4xx_hal_pwr_ex.o
LOAD ./Drivers/STM32F4xx_HAL_Driver/Src/stm32f4xx_hal_rcc.o
LOAD ./Drivers/STM32F4xx_HAL_Driver/Src/stm32f4xx_hal_rcc_ex.o
LOAD ./Drivers/STM32F4xx_HAL_Driver/Src/stm32f4xx_hal_spi.o
LOAD ./Drivers/STM32F4xx_HAL_Driver/Src/stm32f4xx_hal_tim.o
LOAD ./Drivers/STM32F4xx_HAL_Driver/Src/stm32f4xx_hal_tim_ex.o
LOAD ./Drivers/STM32F4xx_HAL_Driver/Src/stm32f4xx_hal_uart.o
START GROUP
LOAD d:/stm32/programs/stm32_cube_ide/stm32cubeide_1.5.0/stm32cubeide/plugins/com.st.stm32cube.ide.mcu.externaltools.gnu-tools-for-stm32.9-2020-q2-update.win32_2.0.0.202105311346/tools/bin/../lib/gcc/arm-none-eabi/9.3.1/../../../../arm-none-eabi/lib/thumb/v7e-m+fp/hard\libc_nano.a
LOAD d:/stm32/programs/stm32_cube_ide/stm32cubeide_1.5.0/stm32cubeide/plugins/com.st.stm32cube.ide.mcu.externaltools.gnu-tools-for-stm32.9-2020-q2-update.win32_2.0.0.202105311346/tools/bin/../lib/gcc/arm-none-eabi/9.3.1/../../../../arm-none-eabi/lib/thumb/v7e-m+fp/hard\libm.a
END GROUP
START GROUP
LOAD d:/stm32/programs/stm32_cube_ide/stm32cubeide_1.5.0/stm32cubeide/plugins/com.st.stm32cube.ide.mcu.externaltools.gnu-tools-for-stm32.9-2020-q2-update.win32_2.0.0.202105311346/tools/bin/../lib/gcc/arm-none-eabi/9.3.1/thumb/v7e-m+fp/hard\libgcc.a
LOAD d:/stm32/programs/stm32_cube_ide/stm32cubeide_1.5.0/stm32cubeide/plugins/com.st.stm32cube.ide.mcu.externaltools.gnu-tools-for-stm32.9-2020-q2-update.win32_2.0.0.202105311346/tools/bin/../lib/gcc/arm-none-eabi/9.3.1/../../../../arm-none-eabi/lib/thumb/v7e-m+fp/hard\libc_nano.a
END GROUP
START GROUP
LOAD d:/stm32/programs/stm32_cube_ide/stm32cubeide_1.5.0/stm32cubeide/plugins/com.st.stm32cube.ide.mcu.externaltools.gnu-tools-for-stm32.9-2020-q2-update.win32_2.0.0.202105311346/tools/bin/../lib/gcc/arm-none-eabi/9.3.1/thumb/v7e-m+fp/hard\libgcc.a
LOAD d:/stm32/programs/stm32_cube_ide/stm32cubeide_1.5.0/stm32cubeide/plugins/com.st.stm32cube.ide.mcu.externaltools.gnu-tools-for-stm32.9-2020-q2-update.win32_2.0.0.202105311346/tools/bin/../lib/gcc/arm-none-eabi/9.3.1/../../../../arm-none-eabi/lib/thumb/v7e-m+fp/hard\libc_nano.a
LOAD d:/stm32/programs/stm32_cube_ide/stm32cubeide_1.5.0/stm32cubeide/plugins/com.st.stm32cube.ide.mcu.externaltools.gnu-tools-for-stm32.9-2020-q2-update.win32_2.0.0.202105311346/tools/bin/../lib/gcc/arm-none-eabi/9.3.1/../../../../arm-none-eabi/lib/thumb/v7e-m+fp/hard\libnosys.a
END GROUP
START GROUP
LOAD d:/stm32/programs/stm32_cube_ide/stm32cubeide_1.5.0/stm32cubeide/plugins/com.st.stm32cube.ide.mcu.externaltools.gnu-tools-for-stm32.9-2020-q2-update.win32_2.0.0.202105311346/tools/bin/../lib/gcc/arm-none-eabi/9.3.1/thumb/v7e-m+fp/hard\libgcc.a
LOAD d:/stm32/programs/stm32_cube_ide/stm32cubeide_1.5.0/stm32cubeide/plugins/com.st.stm32cube.ide.mcu.externaltools.gnu-tools-for-stm32.9-2020-q2-update.win32_2.0.0.202105311346/tools/bin/../lib/gcc/arm-none-eabi/9.3.1/../../../../arm-none-eabi/lib/thumb/v7e-m+fp/hard\libc_nano.a
LOAD d:/stm32/programs/stm32_cube_ide/stm32cubeide_1.5.0/stm32cubeide/plugins/com.st.stm32cube.ide.mcu.externaltools.gnu-tools-for-stm32.9-2020-q2-update.win32_2.0.0.202105311346/tools/bin/../lib/gcc/arm-none-eabi/9.3.1/../../../../arm-none-eabi/lib/thumb/v7e-m+fp/hard\libnosys.a
END GROUP
LOAD d:/stm32/programs/stm32_cube_ide/stm32cubeide_1.5.0/stm32cubeide/plugins/com.st.stm32cube.ide.mcu.externaltools.gnu-tools-for-stm32.9-2020-q2-update.win32_2.0.0.202105311346/tools/bin/../lib/gcc/arm-none-eabi/9.3.1/thumb/v7e-m+fp/hard/crtend.o
LOAD d:/stm32/programs/stm32_cube_ide/stm32cubeide_1.5.0/stm32cubeide/plugins/com.st.stm32cube.ide.mcu.externaltools.gnu-tools-for-stm32.9-2020-q2-update.win32_2.0.0.202105311346/tools/bin/../lib/gcc/arm-none-eabi/9.3.1/thumb/v7e-m+fp/hard/crtn.o
                0x0000000020020000                _estack = (ORIGIN (RAM) + LENGTH (RAM))
                0x0000000000000200                _Min_Heap_Size = 0x200
                0x0000000000000400                _Min_Stack_Size = 0x400

.isr_vector     0x0000000008000000      0x198
                0x0000000008000000                . = ALIGN (0x4)
 *(.isr_vector)
 .isr_vector    0x0000000008000000      0x198 ./Core/Startup/startup_stm32f411ceux.o
                0x0000000008000000                g_pfnVectors
                0x0000000008000198                . = ALIGN (0x4)

.text           0x00000000080001a0     0xa45c
                0x00000000080001a0                . = ALIGN (0x4)
 *(.text)
 .text          0x00000000080001a0       0x40 d:/stm32/programs/stm32_cube_ide/stm32cubeide_1.5.0/stm32cubeide/plugins/com.st.stm32cube.ide.mcu.externaltools.gnu-tools-for-stm32.9-2020-q2-update.win32_2.0.0.202105311346/tools/bin/../lib/gcc/arm-none-eabi/9.3.1/thumb/v7e-m+fp/hard/crtbegin.o
 .text          0x00000000080001e0       0x14 d:/stm32/programs/stm32_cube_ide/stm32cubeide_1.5.0/stm32cubeide/plugins/com.st.stm32cube.ide.mcu.externaltools.gnu-tools-for-stm32.9-2020-q2-update.win32_2.0.0.202105311346/tools/bin/../lib/gcc/arm-none-eabi/9.3.1/../../../../arm-none-eabi/lib/thumb/v7e-m+fp/hard\libc_nano.a(lib_a-strcmp.o)
                0x00000000080001e0                strcmp
 .text          0x00000000080001f4       0x10 d:/stm32/programs/stm32_cube_ide/stm32cubeide_1.5.0/stm32cubeide/plugins/com.st.stm32cube.ide.mcu.externaltools.gnu-tools-for-stm32.9-2020-q2-update.win32_2.0.0.202105311346/tools/bin/../lib/gcc/arm-none-eabi/9.3.1/../../../../arm-none-eabi/lib/thumb/v7e-m+fp/hard\libc_nano.a(lib_a-strlen.o)
                0x00000000080001f4                strlen
 *fill*         0x0000000008000204        0xc 
 .text          0x0000000008000210       0xa0 d:/stm32/programs/stm32_cube_ide/stm32cubeide_1.5.0/stm32cubeide/plugins/com.st.stm32cube.ide.mcu.externaltools.gnu-tools-for-stm32.9-2020-q2-update.win32_2.0.0.202105311346/tools/bin/../lib/gcc/arm-none-eabi/9.3.1/../../../../arm-none-eabi/lib/thumb/v7e-m+fp/hard\libc_nano.a(lib_a-memchr.o)
                0x0000000008000210                memchr
 .text          0x00000000080002b0      0x378 d:/stm32/programs/stm32_cube_ide/stm32cubeide_1.5.0/stm32cubeide/plugins/com.st.stm32cube.ide.mcu.externaltools.gnu-tools-for-stm32.9-2020-q2-update.win32_2.0.0.202105311346/tools/bin/../lib/gcc/arm-none-eabi/9.3.1/thumb/v7e-m+fp/hard\libgcc.a(_arm_addsubdf3.o)
                0x00000000080002b0                __aeabi_drsub
                0x00000000080002b8                __aeabi_dsub
                0x00000000080002b8                __subdf3
                0x00000000080002bc                __aeabi_dadd
                0x00000000080002bc                __adddf3
                0x0000000008000534                __floatunsidf
                0x0000000008000534                __aeabi_ui2d
                0x0000000008000554                __floatsidf
                0x0000000008000554                __aeabi_i2d
                0x0000000008000578                __aeabi_f2d
                0x0000000008000578                __extendsfdf2
                0x00000000080005bc                __floatundidf
                0x00000000080005bc                __aeabi_ul2d
                0x00000000080005cc                __floatdidf
                0x00000000080005cc                __aeabi_l2d
 .text          0x0000000008000628      0x424 d:/stm32/programs/stm32_cube_ide/stm32cubeide_1.5.0/stm32cubeide/plugins/com.st.stm32cube.ide.mcu.externaltools.gnu-tools-for-stm32.9-2020-q2-update.win32_2.0.0.202105311346/tools/bin/../lib/gcc/arm-none-eabi/9.3.1/thumb/v7e-m+fp/hard\libgcc.a(_arm_muldivdf3.o)
                0x0000000008000628                __aeabi_dmul
                0x0000000008000628                __muldf3
                0x000000000800087c                __divdf3
                0x000000000800087c                __aeabi_ddiv
 .text          0x0000000008000a4c      0x110 d:/stm32/programs/stm32_cube_ide/stm32cubeide_1.5.0/stm32cubeide/plugins/com.st.stm32cube.ide.mcu.externaltools.gnu-tools-for-stm32.9-2020-q2-update.win32_2.0.0.202105311346/tools/bin/../lib/gcc/arm-none-eabi/9.3.1/thumb/v7e-m+fp/hard\libgcc.a(_arm_cmpdf2.o)
                0x0000000008000a4c                __gtdf2
                0x0000000008000a4c                __gedf2
                0x0000000008000a54                __ltdf2
                0x0000000008000a54                __ledf2
                0x0000000008000a5c                __nedf2
                0x0000000008000a5c                __eqdf2
                0x0000000008000a5c                __cmpdf2
                0x0000000008000ad8                __aeabi_cdrcmple
                0x0000000008000ae8                __aeabi_cdcmpeq
                0x0000000008000ae8                __aeabi_cdcmple
                0x0000000008000af8                __aeabi_dcmpeq
                0x0000000008000b0c                __aeabi_dcmplt
                0x0000000008000b20                __aeabi_dcmple
                0x0000000008000b34                __aeabi_dcmpge
                0x0000000008000b48                __aeabi_dcmpgt
 .text          0x0000000008000b5c       0x2c d:/stm32/programs/stm32_cube_ide/stm32cubeide_1.5.0/stm32cubeide/plugins/com.st.stm32cube.ide.mcu.externaltools.gnu-tools-for-stm32.9-2020-q2-update.win32_2.0.0.202105311346/tools/bin/../lib/gcc/arm-none-eabi/9.3.1/thumb/v7e-m+fp/hard\libgcc.a(_arm_unorddf2.o)
                0x0000000008000b5c                __unorddf2
                0x0000000008000b5c                __aeabi_dcmpun
 .text          0x0000000008000b88       0x50 d:/stm32/programs/stm32_cube_ide/stm32cubeide_1.5.0/stm32cubeide/plugins/com.st.stm32cube.ide.mcu.externaltools.gnu-tools-for-stm32.9-2020-q2-update.win32_2.0.0.202105311346/tools/bin/../lib/gcc/arm-none-eabi/9.3.1/thumb/v7e-m+fp/hard\libgcc.a(_arm_fixdfsi.o)
                0x0000000008000b88                __aeabi_d2iz
                0x0000000008000b88                __fixdfsi
 .text          0x0000000008000bd8       0x40 d:/stm32/programs/stm32_cube_ide/stm32cubeide_1.5.0/stm32cubeide/plugins/com.st.stm32cube.ide.mcu.externaltools.gnu-tools-for-stm32.9-2020-q2-update.win32_2.0.0.202105311346/tools/bin/../lib/gcc/arm-none-eabi/9.3.1/thumb/v7e-m+fp/hard\libgcc.a(_arm_fixunsdfsi.o)
                0x0000000008000bd8                __aeabi_d2uiz
                0x0000000008000bd8                __fixunsdfsi
 .text          0x0000000008000c18       0xa0 d:/stm32/programs/stm32_cube_ide/stm32cubeide_1.5.0/stm32cubeide/plugins/com.st.stm32cube.ide.mcu.externaltools.gnu-tools-for-stm32.9-2020-q2-update.win32_2.0.0.202105311346/tools/bin/../lib/gcc/arm-none-eabi/9.3.1/thumb/v7e-m+fp/hard\libgcc.a(_arm_truncdfsf2.o)
                0x0000000008000c18                __truncdfsf2
                0x0000000008000c18                __aeabi_d2f
 .text          0x0000000008000cb8       0x30 d:/stm32/programs/stm32_cube_ide/stm32cubeide_1.5.0/stm32cubeide/plugins/com.st.stm32cube.ide.mcu.externaltools.gnu-tools-for-stm32.9-2020-q2-update.win32_2.0.0.202105311346/tools/bin/../lib/gcc/arm-none-eabi/9.3.1/thumb/v7e-m+fp/hard\libgcc.a(_aeabi_uldivmod.o)
                0x0000000008000cb8                __aeabi_uldivmod
 .text          0x0000000008000ce8       0x30 d:/stm32/programs/stm32_cube_ide/stm32cubeide_1.5.0/stm32cubeide/plugins/com.st.stm32cube.ide.mcu.externaltools.gnu-tools-for-stm32.9-2020-q2-update.win32_2.0.0.202105311346/tools/bin/../lib/gcc/arm-none-eabi/9.3.1/thumb/v7e-m+fp/hard\libgcc.a(_fixdfdi.o)
                0x0000000008000ce8                __fixdfdi
                0x0000000008000ce8                __aeabi_d2lz
 .text          0x0000000008000d18       0x3c d:/stm32/programs/stm32_cube_ide/stm32cubeide_1.5.0/stm32cubeide/plugins/com.st.stm32cube.ide.mcu.externaltools.gnu-tools-for-stm32.9-2020-q2-update.win32_2.0.0.202105311346/tools/bin/../lib/gcc/arm-none-eabi/9.3.1/thumb/v7e-m+fp/hard\libgcc.a(_fixunsdfdi.o)
                0x0000000008000d18                __fixunsdfdi
                0x0000000008000d18                __aeabi_d2ulz
 .text          0x0000000008000d54      0x2c4 d:/stm32/programs/stm32_cube_ide/stm32cubeide_1.5.0/stm32cubeide/plugins/com.st.stm32cube.ide.mcu.externaltools.gnu-tools-for-stm32.9-2020-q2-update.win32_2.0.0.202105311346/tools/bin/../lib/gcc/arm-none-eabi/9.3.1/thumb/v7e-m+fp/hard\libgcc.a(_udivmoddi4.o)
                0x0000000008000d54                __udivmoddi4
 .text          0x0000000008001018        0x4 d:/stm32/programs/stm32_cube_ide/stm32cubeide_1.5.0/stm32cubeide/plugins/com.st.stm32cube.ide.mcu.externaltools.gnu-tools-for-stm32.9-2020-q2-update.win32_2.0.0.202105311346/tools/bin/../lib/gcc/arm-none-eabi/9.3.1/thumb/v7e-m+fp/hard\libgcc.a(_dvmd_tls.o)
                0x0000000008001018                __aeabi_idiv0
                0x0000000008001018                __aeabi_ldiv0
 *(.text*)
 .text.GFX_WriteLine
                0x000000000800101c      0x11a ./Core/Src/GFX_Color.o
                0x000000000800101c                GFX_WriteLine
 .text.GFX_DrawFastVLine
                0x0000000008001136       0x2e ./Core/Src/GFX_Color.o
                0x0000000008001136                GFX_DrawFastVLine
 .text.GFX_DrawFastHLine
                0x0000000008001164       0x2c ./Core/Src/GFX_Color.o
                0x0000000008001164                GFX_DrawFastHLine
 .text.GFX_DrawFillRectangle
                0x0000000008001190       0x44 ./Core/Src/GFX_Color.o
                0x0000000008001190                GFX_DrawFillRectangle
 .text.GFX_DrawCircleHelper
                0x00000000080011d4      0x1c0 ./Core/Src/GFX_Color.o
                0x00000000080011d4                GFX_DrawCircleHelper
 .text.GFX_DrawFillCircleHelper
                0x0000000008001394      0x13a ./Core/Src/GFX_Color.o
                0x0000000008001394                GFX_DrawFillCircleHelper
 .text.GFX_DrawRoundRectangle
                0x00000000080014ce       0xfa ./Core/Src/GFX_Color.o
                0x00000000080014ce                GFX_DrawRoundRectangle
 .text.GFX_DrawFillRoundRectangle
                0x00000000080015c8       0xa0 ./Core/Src/GFX_Color.o
                0x00000000080015c8                GFX_DrawFillRoundRectangle
 .text.EF_SetFont
                0x0000000008001668       0x20 ./Core/Src/GFX_EnhancedFonts.o
                0x0000000008001668                EF_SetFont
 .text.EF_GetFontHeight
                0x0000000008001688       0x18 ./Core/Src/GFX_EnhancedFonts.o
                0x0000000008001688                EF_GetFontHeight
 .text.EF_GetFontStartChar
                0x00000000080016a0       0x18 ./Core/Src/GFX_EnhancedFonts.o
                0x00000000080016a0                EF_GetFontStartChar
 .text.EF_GetFontEndChar
                0x00000000080016b8       0x18 ./Core/Src/GFX_EnhancedFonts.o
                0x00000000080016b8                EF_GetFontEndChar
 .text.EF_GetFontSpaceWidth
                0x00000000080016d0       0x18 ./Core/Src/GFX_EnhancedFonts.o
                0x00000000080016d0                EF_GetFontSpaceWidth
 .text.EF_DecodePolish
                0x00000000080016e8      0x1f8 ./Core/Src/GFX_EnhancedFonts.o
                0x00000000080016e8                EF_DecodePolish
 .text.EF_PutChar
                0x00000000080018e0      0x1bc ./Core/Src/GFX_EnhancedFonts.o
                0x00000000080018e0                EF_PutChar
 .text.EF_PutString
                0x0000000008001a9c      0x102 ./Core/Src/GFX_EnhancedFonts.o
                0x0000000008001a9c                EF_PutString
 .text.ILI9341_Delay
                0x0000000008001b9e       0x16 ./Core/Src/TFT_ILI9341.o
 .text.ILI9341_SendToTFT
                0x0000000008001bb4       0x60 ./Core/Src/TFT_ILI9341.o
 .text.ILI9341_SendComand
                0x0000000008001c14       0x44 ./Core/Src/TFT_ILI9341.o
 .text.ILI9341_SendCommandAndData
                0x0000000008001c58       0x60 ./Core/Src/TFT_ILI9341.o
 .text.ILI9341_SetRotation
                0x0000000008001cb8       0x5c ./Core/Src/TFT_ILI9341.o
                0x0000000008001cb8                ILI9341_SetRotation
 .text.ILI9341_SetAddrWindow
                0x0000000008001d14       0xa0 ./Core/Src/TFT_ILI9341.o
                0x0000000008001d14                ILI9341_SetAddrWindow
 .text.ILI9341_WritePixel
                0x0000000008001db4       0x66 ./Core/Src/TFT_ILI9341.o
                0x0000000008001db4                ILI9341_WritePixel
 .text.ILI9341_DrawImage
                0x0000000008001e1a       0x54 ./Core/Src/TFT_ILI9341.o
                0x0000000008001e1a                ILI9341_DrawImage
 *fill*         0x0000000008001e6e        0x2 
 .text.ILI9341_ClearDisplay
                0x0000000008001e70       0xbc ./Core/Src/TFT_ILI9341.o
                0x0000000008001e70                ILI9341_ClearDisplay
 .text.ILI9341_Init
                0x0000000008001f2c       0xa8 ./Core/Src/TFT_ILI9341.o
                0x0000000008001f2c                ILI9341_Init
 .text.MX_DMA_Init
                0x0000000008001fd4       0x50 ./Core/Src/dma.o
                0x0000000008001fd4                MX_DMA_Init
 .text.system_init
                0x0000000008002024      0x1d0 ./Core/Src/functions.o
                0x0000000008002024                system_init
 .text.showCurrentParameters
                0x00000000080021f4      0x100 ./Core/Src/functions.o
                0x00000000080021f4                showCurrentParameters
 .text.MX_GPIO_Init
                0x00000000080022f4       0xf0 ./Core/Src/gpio.o
                0x00000000080022f4                MX_GPIO_Init
 .text.main     0x00000000080023e4       0x74 ./Core/Src/main.o
                0x00000000080023e4                main
 .text.SystemClock_Config
                0x0000000008002458       0xd0 ./Core/Src/main.o
                0x0000000008002458                SystemClock_Config
 .text.Error_Handler
                0x0000000008002528        0xa ./Core/Src/main.o
                0x0000000008002528                Error_Handler
 *fill*         0x0000000008002532        0x2 
 .text.UART_ParseLine
                0x0000000008002534       0xac ./Core/Src/parser.o
                0x0000000008002534                UART_ParseLine
 .text.UART_ParseLED
                0x00000000080025e0       0x9c ./Core/Src/parser.o
                0x00000000080025e0                UART_ParseLED
 .text.UART_ParseAnswStatus
                0x000000000800267c        0xe ./Core/Src/parser.o
                0x000000000800267c                UART_ParseAnswStatus
 *fill*         0x000000000800268a        0x2 
 .text.UART_ParseAnswTemp
                0x000000000800268c       0x90 ./Core/Src/parser.o
                0x000000000800268c                UART_ParseAnswTemp
 .text.UART_ParseAnswPres
                0x000000000800271c       0x90 ./Core/Src/parser.o
                0x000000000800271c                UART_ParseAnswPres
 .text.UART_ParseAnswChangeRelayState
                0x00000000080027ac        0xe ./Core/Src/parser.o
                0x00000000080027ac                UART_ParseAnswChangeRelayState
 *fill*         0x00000000080027ba        0x2 
 .text.RB_Read  0x00000000080027bc       0x5c ./Core/Src/ring_buffer.o
                0x00000000080027bc                RB_Read
 .text.RB_Write
                0x0000000008002818       0x60 ./Core/Src/ring_buffer.o
                0x0000000008002818                RB_Write
 .text.MX_SPI1_Init
                0x0000000008002878       0x6c ./Core/Src/spi.o
                0x0000000008002878                MX_SPI1_Init
 .text.HAL_SPI_MspInit
                0x00000000080028e4       0x90 ./Core/Src/spi.o
                0x00000000080028e4                HAL_SPI_MspInit
 .text.HAL_MspInit
                0x0000000008002974       0x50 ./Core/Src/stm32f4xx_hal_msp.o
                0x0000000008002974                HAL_MspInit
 .text.NMI_Handler
                0x00000000080029c4        0x6 ./Core/Src/stm32f4xx_it.o
                0x00000000080029c4                NMI_Handler
 .text.HardFault_Handler
                0x00000000080029ca        0x6 ./Core/Src/stm32f4xx_it.o
                0x00000000080029ca                HardFault_Handler
 .text.MemManage_Handler
                0x00000000080029d0        0x6 ./Core/Src/stm32f4xx_it.o
                0x00000000080029d0                MemManage_Handler
 .text.BusFault_Handler
                0x00000000080029d6        0x6 ./Core/Src/stm32f4xx_it.o
                0x00000000080029d6                BusFault_Handler
 .text.UsageFault_Handler
                0x00000000080029dc        0x6 ./Core/Src/stm32f4xx_it.o
                0x00000000080029dc                UsageFault_Handler
 .text.SVC_Handler
                0x00000000080029e2        0xe ./Core/Src/stm32f4xx_it.o
                0x00000000080029e2                SVC_Handler
 .text.DebugMon_Handler
                0x00000000080029f0        0xe ./Core/Src/stm32f4xx_it.o
                0x00000000080029f0                DebugMon_Handler
 .text.PendSV_Handler
                0x00000000080029fe        0xe ./Core/Src/stm32f4xx_it.o
                0x00000000080029fe                PendSV_Handler
 .text.SysTick_Handler
                0x0000000008002a0c        0xc ./Core/Src/stm32f4xx_it.o
                0x0000000008002a0c                SysTick_Handler
 .text.DMA1_Stream5_IRQHandler
                0x0000000008002a18       0x14 ./Core/Src/stm32f4xx_it.o
                0x0000000008002a18                DMA1_Stream5_IRQHandler
 .text.DMA1_Stream6_IRQHandler
                0x0000000008002a2c       0x14 ./Core/Src/stm32f4xx_it.o
                0x0000000008002a2c                DMA1_Stream6_IRQHandler
 .text.USART2_IRQHandler
                0x0000000008002a40       0x1c ./Core/Src/stm32f4xx_it.o
                0x0000000008002a40                USART2_IRQHandler
 .text._getpid  0x0000000008002a5c       0x10 ./Core/Src/syscalls.o
                0x0000000008002a5c                _getpid
 .text._kill    0x0000000008002a6c       0x20 ./Core/Src/syscalls.o
                0x0000000008002a6c                _kill
 .text._exit    0x0000000008002a8c       0x14 ./Core/Src/syscalls.o
                0x0000000008002a8c                _exit
 .text._read    0x0000000008002aa0       0x3a ./Core/Src/syscalls.o
                0x0000000008002aa0                _read
 .text._write   0x0000000008002ada       0x38 ./Core/Src/syscalls.o
                0x0000000008002ada                _write
 .text._close   0x0000000008002b12       0x18 ./Core/Src/syscalls.o
                0x0000000008002b12                _close
 .text._fstat   0x0000000008002b2a       0x20 ./Core/Src/syscalls.o
                0x0000000008002b2a                _fstat
 .text._isatty  0x0000000008002b4a       0x16 ./Core/Src/syscalls.o
                0x0000000008002b4a                _isatty
 .text._lseek   0x0000000008002b60       0x1a ./Core/Src/syscalls.o
                0x0000000008002b60                _lseek
 *fill*         0x0000000008002b7a        0x2 
 .text._sbrk    0x0000000008002b7c       0x6c ./Core/Src/sysmem.o
                0x0000000008002b7c                _sbrk
 .text.SystemInit
                0x0000000008002be8       0x24 ./Core/Src/system_stm32f4xx.o
                0x0000000008002be8                SystemInit
 .text.UARTDMA_UartIrqHandler
                0x0000000008002c0c       0x54 ./Core/Src/uartdma.o
                0x0000000008002c0c                UARTDMA_UartIrqHandler
 .text.UARTDMA_DmaReceiveIrqHandler
                0x0000000008002c60       0xda ./Core/Src/uartdma.o
                0x0000000008002c60                UARTDMA_DmaReceiveIrqHandler
 .text.UARTDMA_PutCharToTxBuffer
                0x0000000008002d3a       0x2e ./Core/Src/uartdma.o
                0x0000000008002d3a                UARTDMA_PutCharToTxBuffer
 .text.UARTDMA_GetLineFromReceiveBuffer
                0x0000000008002d68       0x62 ./Core/Src/uartdma.o
                0x0000000008002d68                UARTDMA_GetLineFromReceiveBuffer
 .text.UARTDMA_Print
                0x0000000008002dca       0x4c ./Core/Src/uartdma.o
                0x0000000008002dca                UARTDMA_Print
 .text.UARTDMA_IsDataReceivedReady
                0x0000000008002e16       0x24 ./Core/Src/uartdma.o
                0x0000000008002e16                UARTDMA_IsDataReceivedReady
 .text.UARTDMA_TransmitEvent
                0x0000000008002e3a       0x74 ./Core/Src/uartdma.o
                0x0000000008002e3a                UARTDMA_TransmitEvent
 .text.UARTDMA_Init
                0x0000000008002eae       0x9c ./Core/Src/uartdma.o
                0x0000000008002eae                UARTDMA_Init
 *fill*         0x0000000008002f4a        0x2 
 .text.MX_USART2_UART_Init
                0x0000000008002f4c       0x54 ./Core/Src/usart.o
                0x0000000008002f4c                MX_USART2_UART_Init
 .text.HAL_UART_MspInit
                0x0000000008002fa0      0x168 ./Core/Src/usart.o
                0x0000000008002fa0                HAL_UART_MspInit
 .text.Reset_Handler
                0x0000000008003108       0x50 ./Core/Startup/startup_stm32f411ceux.o
                0x0000000008003108                Reset_Handler
 .text.Default_Handler
                0x0000000008003158        0x2 ./Core/Startup/startup_stm32f411ceux.o
                0x0000000008003158                RTC_Alarm_IRQHandler
                0x0000000008003158                EXTI2_IRQHandler
                0x0000000008003158                SPI4_IRQHandler
                0x0000000008003158                TIM1_CC_IRQHandler
                0x0000000008003158                DMA2_Stream5_IRQHandler
                0x0000000008003158                PVD_IRQHandler
                0x0000000008003158                SDIO_IRQHandler
                0x0000000008003158                TAMP_STAMP_IRQHandler
                0x0000000008003158                EXTI3_IRQHandler
                0x0000000008003158                TIM1_UP_TIM10_IRQHandler
                0x0000000008003158                I2C3_ER_IRQHandler
                0x0000000008003158                EXTI0_IRQHandler
                0x0000000008003158                I2C2_EV_IRQHandler
                0x0000000008003158                DMA1_Stream2_IRQHandler
                0x0000000008003158                FPU_IRQHandler
                0x0000000008003158                DMA2_Stream2_IRQHandler
                0x0000000008003158                SPI1_IRQHandler
                0x0000000008003158                TIM1_BRK_TIM9_IRQHandler
                0x0000000008003158                DMA2_Stream3_IRQHandler
                0x0000000008003158                USART6_IRQHandler
                0x0000000008003158                DMA2_Stream0_IRQHandler
                0x0000000008003158                TIM4_IRQHandler
                0x0000000008003158                I2C1_EV_IRQHandler
                0x0000000008003158                DMA1_Stream1_IRQHandler
                0x0000000008003158                TIM3_IRQHandler
                0x0000000008003158                RCC_IRQHandler
                0x0000000008003158                Default_Handler
                0x0000000008003158                EXTI15_10_IRQHandler
                0x0000000008003158                ADC_IRQHandler
                0x0000000008003158                DMA1_Stream7_IRQHandler
                0x0000000008003158                SPI5_IRQHandler
                0x0000000008003158                TIM5_IRQHandler
                0x0000000008003158                DMA2_Stream7_IRQHandler
                0x0000000008003158                I2C3_EV_IRQHandler
                0x0000000008003158                EXTI9_5_IRQHandler
                0x0000000008003158                RTC_WKUP_IRQHandler
                0x0000000008003158                SPI2_IRQHandler
                0x0000000008003158                DMA1_Stream0_IRQHandler
                0x0000000008003158                EXTI4_IRQHandler
                0x0000000008003158                WWDG_IRQHandler
                0x0000000008003158                TIM2_IRQHandler
                0x0000000008003158                OTG_FS_WKUP_IRQHandler
                0x0000000008003158                TIM1_TRG_COM_TIM11_IRQHandler
                0x0000000008003158                EXTI1_IRQHandler
                0x0000000008003158                I2C2_ER_IRQHandler
                0x0000000008003158                DMA2_Stream1_IRQHandler
                0x0000000008003158                FLASH_IRQHandler
                0x0000000008003158                DMA2_Stream4_IRQHandler
                0x0000000008003158                USART1_IRQHandler
                0x0000000008003158                OTG_FS_IRQHandler
                0x0000000008003158                SPI3_IRQHandler
                0x0000000008003158                DMA1_Stream4_IRQHandler
                0x0000000008003158                I2C1_ER_IRQHandler
                0x0000000008003158                DMA2_Stream6_IRQHandler
                0x0000000008003158                DMA1_Stream3_IRQHandler
 *fill*         0x000000000800315a        0x2 
 .text.HAL_Init
                0x000000000800315c       0x44 ./Drivers/STM32F4xx_HAL_Driver/Src/stm32f4xx_hal.o
                0x000000000800315c                HAL_Init
 .text.HAL_InitTick
                0x00000000080031a0       0x60 ./Drivers/STM32F4xx_HAL_Driver/Src/stm32f4xx_hal.o
                0x00000000080031a0                HAL_InitTick
 .text.HAL_IncTick
                0x0000000008003200       0x28 ./Drivers/STM32F4xx_HAL_Driver/Src/stm32f4xx_hal.o
                0x0000000008003200                HAL_IncTick
 .text.HAL_GetTick
                0x0000000008003228       0x18 ./Drivers/STM32F4xx_HAL_Driver/Src/stm32f4xx_hal.o
                0x0000000008003228                HAL_GetTick
 .text.HAL_Delay
                0x0000000008003240       0x48 ./Drivers/STM32F4xx_HAL_Driver/Src/stm32f4xx_hal.o
                0x0000000008003240                HAL_Delay
 .text.__NVIC_SetPriorityGrouping
                0x0000000008003288       0x48 ./Drivers/STM32F4xx_HAL_Driver/Src/stm32f4xx_hal_cortex.o
 .text.__NVIC_GetPriorityGrouping
                0x00000000080032d0       0x1c ./Drivers/STM32F4xx_HAL_Driver/Src/stm32f4xx_hal_cortex.o
 .text.__NVIC_EnableIRQ
                0x00000000080032ec       0x3c ./Drivers/STM32F4xx_HAL_Driver/Src/stm32f4xx_hal_cortex.o
 .text.__NVIC_SetPriority
                0x0000000008003328       0x54 ./Drivers/STM32F4xx_HAL_Driver/Src/stm32f4xx_hal_cortex.o
 .text.NVIC_EncodePriority
                0x000000000800337c       0x66 ./Drivers/STM32F4xx_HAL_Driver/Src/stm32f4xx_hal_cortex.o
 *fill*         0x00000000080033e2        0x2 
 .text.SysTick_Config
                0x00000000080033e4       0x44 ./Drivers/STM32F4xx_HAL_Driver/Src/stm32f4xx_hal_cortex.o
 .text.HAL_NVIC_SetPriorityGrouping
                0x0000000008003428       0x16 ./Drivers/STM32F4xx_HAL_Driver/Src/stm32f4xx_hal_cortex.o
                0x0000000008003428                HAL_NVIC_SetPriorityGrouping
 .text.HAL_NVIC_SetPriority
                0x000000000800343e       0x38 ./Drivers/STM32F4xx_HAL_Driver/Src/stm32f4xx_hal_cortex.o
                0x000000000800343e                HAL_NVIC_SetPriority
 .text.HAL_NVIC_EnableIRQ
                0x0000000008003476       0x1c ./Drivers/STM32F4xx_HAL_Driver/Src/stm32f4xx_hal_cortex.o
                0x0000000008003476                HAL_NVIC_EnableIRQ
 .text.HAL_SYSTICK_Config
                0x0000000008003492       0x18 ./Drivers/STM32F4xx_HAL_Driver/Src/stm32f4xx_hal_cortex.o
                0x0000000008003492                HAL_SYSTICK_Config
 *fill*         0x00000000080034aa        0x2 
 .text.HAL_DMA_Init
                0x00000000080034ac      0x15c ./Drivers/STM32F4xx_HAL_Driver/Src/stm32f4xx_hal_dma.o
                0x00000000080034ac                HAL_DMA_Init
 .text.HAL_DMA_Start_IT
                0x0000000008003608       0xb0 ./Drivers/STM32F4xx_HAL_Driver/Src/stm32f4xx_hal_dma.o
                0x0000000008003608                HAL_DMA_Start_IT
 .text.HAL_DMA_Abort
                0x00000000080036b8       0xe0 ./Drivers/STM32F4xx_HAL_Driver/Src/stm32f4xx_hal_dma.o
                0x00000000080036b8                HAL_DMA_Abort
 .text.HAL_DMA_Abort_IT
                0x0000000008003798       0x44 ./Drivers/STM32F4xx_HAL_Driver/Src/stm32f4xx_hal_dma.o
                0x0000000008003798                HAL_DMA_Abort_IT
 .text.HAL_DMA_IRQHandler
                0x00000000080037dc      0x314 ./Drivers/STM32F4xx_HAL_Driver/Src/stm32f4xx_hal_dma.o
                0x00000000080037dc                HAL_DMA_IRQHandler
 .text.DMA_SetConfig
                0x0000000008003af0       0x5c ./Drivers/STM32F4xx_HAL_Driver/Src/stm32f4xx_hal_dma.o
 .text.DMA_CalcBaseAndBitshift
                0x0000000008003b4c       0x6c ./Drivers/STM32F4xx_HAL_Driver/Src/stm32f4xx_hal_dma.o
 .text.DMA_CheckFifoParam
                0x0000000008003bb8       0xf8 ./Drivers/STM32F4xx_HAL_Driver/Src/stm32f4xx_hal_dma.o
 .text.HAL_GPIO_Init
                0x0000000008003cb0      0x308 ./Drivers/STM32F4xx_HAL_Driver/Src/stm32f4xx_hal_gpio.o
                0x0000000008003cb0                HAL_GPIO_Init
 .text.HAL_GPIO_WritePin
                0x0000000008003fb8       0x32 ./Drivers/STM32F4xx_HAL_Driver/Src/stm32f4xx_hal_gpio.o
                0x0000000008003fb8                HAL_GPIO_WritePin
 .text.HAL_GPIO_TogglePin
                0x0000000008003fea       0x34 ./Drivers/STM32F4xx_HAL_Driver/Src/stm32f4xx_hal_gpio.o
                0x0000000008003fea                HAL_GPIO_TogglePin
 *fill*         0x000000000800401e        0x2 
 .text.HAL_RCC_OscConfig
                0x0000000008004020      0x4f0 ./Drivers/STM32F4xx_HAL_Driver/Src/stm32f4xx_hal_rcc.o
                0x0000000008004020                HAL_RCC_OscConfig
 .text.HAL_RCC_ClockConfig
                0x0000000008004510      0x1cc ./Drivers/STM32F4xx_HAL_Driver/Src/stm32f4xx_hal_rcc.o
                0x0000000008004510                HAL_RCC_ClockConfig
 .text.HAL_RCC_GetSysClockFreq
                0x00000000080046dc      0x16c ./Drivers/STM32F4xx_HAL_Driver/Src/stm32f4xx_hal_rcc.o
                0x00000000080046dc                HAL_RCC_GetSysClockFreq
 .text.HAL_RCC_GetHCLKFreq
                0x0000000008004848       0x18 ./Drivers/STM32F4xx_HAL_Driver/Src/stm32f4xx_hal_rcc.o
                0x0000000008004848                HAL_RCC_GetHCLKFreq
 .text.HAL_RCC_GetPCLK1Freq
                0x0000000008004860       0x28 ./Drivers/STM32F4xx_HAL_Driver/Src/stm32f4xx_hal_rcc.o
                0x0000000008004860                HAL_RCC_GetPCLK1Freq
 .text.HAL_RCC_GetPCLK2Freq
                0x0000000008004888       0x28 ./Drivers/STM32F4xx_HAL_Driver/Src/stm32f4xx_hal_rcc.o
                0x0000000008004888                HAL_RCC_GetPCLK2Freq
 .text.HAL_SPI_Init
                0x00000000080048b0      0x112 ./Drivers/STM32F4xx_HAL_Driver/Src/stm32f4xx_hal_spi.o
                0x00000000080048b0                HAL_SPI_Init
 .text.HAL_UART_Init
                0x00000000080049c2       0x9a ./Drivers/STM32F4xx_HAL_Driver/Src/stm32f4xx_hal_uart.o
                0x00000000080049c2                HAL_UART_Init
 .text.HAL_UART_Transmit_DMA
                0x0000000008004a5c       0xfc ./Drivers/STM32F4xx_HAL_Driver/Src/stm32f4xx_hal_uart.o
                0x0000000008004a5c                HAL_UART_Transmit_DMA
 .text.HAL_UART_Receive_DMA
                0x0000000008004b58       0x60 ./Drivers/STM32F4xx_HAL_Driver/Src/stm32f4xx_hal_uart.o
                0x0000000008004b58                HAL_UART_Receive_DMA
 .text.HAL_UART_IRQHandler
                0x0000000008004bb8      0x51c ./Drivers/STM32F4xx_HAL_Driver/Src/stm32f4xx_hal_uart.o
                0x0000000008004bb8                HAL_UART_IRQHandler
 .text.HAL_UART_TxCpltCallback
                0x00000000080050d4       0x14 ./Drivers/STM32F4xx_HAL_Driver/Src/stm32f4xx_hal_uart.o
                0x00000000080050d4                HAL_UART_TxCpltCallback
 .text.HAL_UART_TxHalfCpltCallback
                0x00000000080050e8       0x14 ./Drivers/STM32F4xx_HAL_Driver/Src/stm32f4xx_hal_uart.o
                0x00000000080050e8                HAL_UART_TxHalfCpltCallback
 .text.HAL_UART_RxCpltCallback
                0x00000000080050fc       0x14 ./Drivers/STM32F4xx_HAL_Driver/Src/stm32f4xx_hal_uart.o
                0x00000000080050fc                HAL_UART_RxCpltCallback
 .text.HAL_UART_RxHalfCpltCallback
                0x0000000008005110       0x14 ./Drivers/STM32F4xx_HAL_Driver/Src/stm32f4xx_hal_uart.o
                0x0000000008005110                HAL_UART_RxHalfCpltCallback
 .text.HAL_UART_ErrorCallback
                0x0000000008005124       0x14 ./Drivers/STM32F4xx_HAL_Driver/Src/stm32f4xx_hal_uart.o
                0x0000000008005124                HAL_UART_ErrorCallback
 .text.HAL_UARTEx_RxEventCallback
                0x0000000008005138       0x18 ./Drivers/STM32F4xx_HAL_Driver/Src/stm32f4xx_hal_uart.o
                0x0000000008005138                HAL_UARTEx_RxEventCallback
 .text.UART_DMATransmitCplt
                0x0000000008005150       0x9a ./Drivers/STM32F4xx_HAL_Driver/Src/stm32f4xx_hal_uart.o
 .text.UART_DMATxHalfCplt
                0x00000000080051ea       0x1c ./Drivers/STM32F4xx_HAL_Driver/Src/stm32f4xx_hal_uart.o
 .text.UART_DMAReceiveCplt
                0x0000000008005206      0x126 ./Drivers/STM32F4xx_HAL_Driver/Src/stm32f4xx_hal_uart.o
 .text.UART_DMARxHalfCplt
                0x000000000800532c       0x36 ./Drivers/STM32F4xx_HAL_Driver/Src/stm32f4xx_hal_uart.o
 .text.UART_DMAError
                0x0000000008005362       0x94 ./Drivers/STM32F4xx_HAL_Driver/Src/stm32f4xx_hal_uart.o
 *fill*         0x00000000080053f6        0x2 
 .text.UART_Start_Receive_DMA
                0x00000000080053f8      0x134 ./Drivers/STM32F4xx_HAL_Driver/Src/stm32f4xx_hal_uart.o
                0x00000000080053f8                UART_Start_Receive_DMA
 .text.UART_EndTxTransfer
                0x000000000800552c       0x50 ./Drivers/STM32F4xx_HAL_Driver/Src/stm32f4xx_hal_uart.o
 .text.UART_EndRxTransfer
                0x000000000800557c       0xc6 ./Drivers/STM32F4xx_HAL_Driver/Src/stm32f4xx_hal_uart.o
 .text.UART_DMAAbortOnError
                0x0000000008005642       0x28 ./Drivers/STM32F4xx_HAL_Driver/Src/stm32f4xx_hal_uart.o
 .text.UART_Transmit_IT
                0x000000000800566a       0xa0 ./Drivers/STM32F4xx_HAL_Driver/Src/stm32f4xx_hal_uart.o
 .text.UART_EndTransmit_IT
                0x000000000800570a       0x30 ./Drivers/STM32F4xx_HAL_Driver/Src/stm32f4xx_hal_uart.o
 .text.UART_Receive_IT
                0x000000000800573a      0x176 ./Drivers/STM32F4xx_HAL_Driver/Src/stm32f4xx_hal_uart.o
 .text.UART_SetConfig
                0x00000000080058b0      0x390 ./Drivers/STM32F4xx_HAL_Driver/Src/stm32f4xx_hal_uart.o
 .text.atof     0x0000000008005c40        0x6 d:/stm32/programs/stm32_cube_ide/stm32cubeide_1.5.0/stm32cubeide/plugins/com.st.stm32cube.ide.mcu.externaltools.gnu-tools-for-stm32.9-2020-q2-update.win32_2.0.0.202105311346/tools/bin/../lib/gcc/arm-none-eabi/9.3.1/../../../../arm-none-eabi/lib/thumb/v7e-m+fp/hard\libc_nano.a(lib_a-atof.o)
                0x0000000008005c40                atof
 .text.atoi     0x0000000008005c46        0x8 d:/stm32/programs/stm32_cube_ide/stm32cubeide_1.5.0/stm32cubeide/plugins/com.st.stm32cube.ide.mcu.externaltools.gnu-tools-for-stm32.9-2020-q2-update.win32_2.0.0.202105311346/tools/bin/../lib/gcc/arm-none-eabi/9.3.1/../../../../arm-none-eabi/lib/thumb/v7e-m+fp/hard\libc_nano.a(lib_a-atoi.o)
                0x0000000008005c46                atoi
 *fill*         0x0000000008005c4e        0x2 
 .text.__errno  0x0000000008005c50        0xc d:/stm32/programs/stm32_cube_ide/stm32cubeide_1.5.0/stm32cubeide/plugins/com.st.stm32cube.ide.mcu.externaltools.gnu-tools-for-stm32.9-2020-q2-update.win32_2.0.0.202105311346/tools/bin/../lib/gcc/arm-none-eabi/9.3.1/../../../../arm-none-eabi/lib/thumb/v7e-m+fp/hard\libc_nano.a(lib_a-errno.o)
                0x0000000008005c50                __errno
 .text.__libc_init_array
                0x0000000008005c5c       0x48 d:/stm32/programs/stm32_cube_ide/stm32cubeide_1.5.0/stm32cubeide/plugins/com.st.stm32cube.ide.mcu.externaltools.gnu-tools-for-stm32.9-2020-q2-update.win32_2.0.0.202105311346/tools/bin/../lib/gcc/arm-none-eabi/9.3.1/../../../../arm-none-eabi/lib/thumb/v7e-m+fp/hard\libc_nano.a(lib_a-init.o)
                0x0000000008005c5c                __libc_init_array
 .text.memset   0x0000000008005ca4       0x10 d:/stm32/programs/stm32_cube_ide/stm32cubeide_1.5.0/stm32cubeide/plugins/com.st.stm32cube.ide.mcu.externaltools.gnu-tools-for-stm32.9-2020-q2-update.win32_2.0.0.202105311346/tools/bin/../lib/gcc/arm-none-eabi/9.3.1/../../../../arm-none-eabi/lib/thumb/v7e-m+fp/hard\libc_nano.a(lib_a-memset.o)
                0x0000000008005ca4                memset
 .text.__cvt    0x0000000008005cb4       0xc4 d:/stm32/programs/stm32_cube_ide/stm32cubeide_1.5.0/stm32cubeide/plugins/com.st.stm32cube.ide.mcu.externaltools.gnu-tools-for-stm32.9-2020-q2-update.win32_2.0.0.202105311346/tools/bin/../lib/gcc/arm-none-eabi/9.3.1/../../../../arm-none-eabi/lib/thumb/v7e-m+fp/hard\libc_nano.a(lib_a-nano-vfprintf_float.o)
                0x0000000008005cb4                __cvt
 .text.__exponent
                0x0000000008005d78       0x7c d:/stm32/programs/stm32_cube_ide/stm32cubeide_1.5.0/stm32cubeide/plugins/com.st.stm32cube.ide.mcu.externaltools.gnu-tools-for-stm32.9-2020-q2-update.win32_2.0.0.202105311346/tools/bin/../lib/gcc/arm-none-eabi/9.3.1/../../../../arm-none-eabi/lib/thumb/v7e-m+fp/hard\libc_nano.a(lib_a-nano-vfprintf_float.o)
                0x0000000008005d78                __exponent
 .text._printf_float
                0x0000000008005df4      0x46c d:/stm32/programs/stm32_cube_ide/stm32cubeide_1.5.0/stm32cubeide/plugins/com.st.stm32cube.ide.mcu.externaltools.gnu-tools-for-stm32.9-2020-q2-update.win32_2.0.0.202105311346/tools/bin/../lib/gcc/arm-none-eabi/9.3.1/../../../../arm-none-eabi/lib/thumb/v7e-m+fp/hard\libc_nano.a(lib_a-nano-vfprintf_float.o)
                0x0000000008005df4                _printf_float
 .text._printf_common
                0x0000000008006260       0xda d:/stm32/programs/stm32_cube_ide/stm32cubeide_1.5.0/stm32cubeide/plugins/com.st.stm32cube.ide.mcu.externaltools.gnu-tools-for-stm32.9-2020-q2-update.win32_2.0.0.202105311346/tools/bin/../lib/gcc/arm-none-eabi/9.3.1/../../../../arm-none-eabi/lib/thumb/v7e-m+fp/hard\libc_nano.a(lib_a-nano-vfprintf_i.o)
                0x0000000008006260                _printf_common
 *fill*         0x000000000800633a        0x2 
 .text._printf_i
                0x000000000800633c      0x24c d:/stm32/programs/stm32_cube_ide/stm32cubeide_1.5.0/stm32cubeide/plugins/com.st.stm32cube.ide.mcu.externaltools.gnu-tools-for-stm32.9-2020-q2-update.win32_2.0.0.202105311346/tools/bin/../lib/gcc/arm-none-eabi/9.3.1/../../../../arm-none-eabi/lib/thumb/v7e-m+fp/hard\libc_nano.a(lib_a-nano-vfprintf_i.o)
                0x000000000800633c                _printf_i
 .text._scanf_float
                0x0000000008006588      0x420 d:/stm32/programs/stm32_cube_ide/stm32cubeide_1.5.0/stm32cubeide/plugins/com.st.stm32cube.ide.mcu.externaltools.gnu-tools-for-stm32.9-2020-q2-update.win32_2.0.0.202105311346/tools/bin/../lib/gcc/arm-none-eabi/9.3.1/../../../../arm-none-eabi/lib/thumb/v7e-m+fp/hard\libc_nano.a(lib_a-nano-vfscanf_float.o)
                0x0000000008006588                _scanf_float
 .text.nanf     0x00000000080069a8        0xc d:/stm32/programs/stm32_cube_ide/stm32cubeide_1.5.0/stm32cubeide/plugins/com.st.stm32cube.ide.mcu.externaltools.gnu-tools-for-stm32.9-2020-q2-update.win32_2.0.0.202105311346/tools/bin/../lib/gcc/arm-none-eabi/9.3.1/../../../../arm-none-eabi/lib/thumb/v7e-m+fp/hard\libc_nano.a(lib_a-sf_nan.o)
                0x00000000080069a8                nanf
 .text.sprintf  0x00000000080069b4       0x40 d:/stm32/programs/stm32_cube_ide/stm32cubeide_1.5.0/stm32cubeide/plugins/com.st.stm32cube.ide.mcu.externaltools.gnu-tools-for-stm32.9-2020-q2-update.win32_2.0.0.202105311346/tools/bin/../lib/gcc/arm-none-eabi/9.3.1/../../../../arm-none-eabi/lib/thumb/v7e-m+fp/hard\libc_nano.a(lib_a-sprintf.o)
                0x00000000080069b4                siprintf
                0x00000000080069b4                sprintf
 .text.sulp     0x00000000080069f4       0x38 d:/stm32/programs/stm32_cube_ide/stm32cubeide_1.5.0/stm32cubeide/plugins/com.st.stm32cube.ide.mcu.externaltools.gnu-tools-for-stm32.9-2020-q2-update.win32_2.0.0.202105311346/tools/bin/../lib/gcc/arm-none-eabi/9.3.1/../../../../arm-none-eabi/lib/thumb/v7e-m+fp/hard\libc_nano.a(lib_a-strtod.o)
 *fill*         0x0000000008006a2c        0x4 
 .text._strtod_l
                0x0000000008006a30      0xc14 d:/stm32/programs/stm32_cube_ide/stm32cubeide_1.5.0/stm32cubeide/plugins/com.st.stm32cube.ide.mcu.externaltools.gnu-tools-for-stm32.9-2020-q2-update.win32_2.0.0.202105311346/tools/bin/../lib/gcc/arm-none-eabi/9.3.1/../../../../arm-none-eabi/lib/thumb/v7e-m+fp/hard\libc_nano.a(lib_a-strtod.o)
                0x0000000008006a30                _strtod_l
 .text._strtod_r
                0x0000000008007644        0xc d:/stm32/programs/stm32_cube_ide/stm32cubeide_1.5.0/stm32cubeide/plugins/com.st.stm32cube.ide.mcu.externaltools.gnu-tools-for-stm32.9-2020-q2-update.win32_2.0.0.202105311346/tools/bin/../lib/gcc/arm-none-eabi/9.3.1/../../../../arm-none-eabi/lib/thumb/v7e-m+fp/hard\libc_nano.a(lib_a-strtod.o)
                0x0000000008007644                _strtod_r
 .text.strtod   0x0000000008007650       0x18 d:/stm32/programs/stm32_cube_ide/stm32cubeide_1.5.0/stm32cubeide/plugins/com.st.stm32cube.ide.mcu.externaltools.gnu-tools-for-stm32.9-2020-q2-update.win32_2.0.0.202105311346/tools/bin/../lib/gcc/arm-none-eabi/9.3.1/../../../../arm-none-eabi/lib/thumb/v7e-m+fp/hard\libc_nano.a(lib_a-strtod.o)
                0x0000000008007650                strtod
 .text.strtok   0x0000000008007668       0x68 d:/stm32/programs/stm32_cube_ide/stm32cubeide_1.5.0/stm32cubeide/plugins/com.st.stm32cube.ide.mcu.externaltools.gnu-tools-for-stm32.9-2020-q2-update.win32_2.0.0.202105311346/tools/bin/../lib/gcc/arm-none-eabi/9.3.1/../../../../arm-none-eabi/lib/thumb/v7e-m+fp/hard\libc_nano.a(lib_a-strtok.o)
                0x0000000008007668                strtok
 .text.__strtok_r
                0x00000000080076d0       0x50 d:/stm32/programs/stm32_cube_ide/stm32cubeide_1.5.0/stm32cubeide/plugins/com.st.stm32cube.ide.mcu.externaltools.gnu-tools-for-stm32.9-2020-q2-update.win32_2.0.0.202105311346/tools/bin/../lib/gcc/arm-none-eabi/9.3.1/../../../../arm-none-eabi/lib/thumb/v7e-m+fp/hard\libc_nano.a(lib_a-strtok_r.o)
                0x00000000080076d0                __strtok_r
 .text._strtol_l.isra.0
                0x0000000008007720      0x108 d:/stm32/programs/stm32_cube_ide/stm32cubeide_1.5.0/stm32cubeide/plugins/com.st.stm32cube.ide.mcu.externaltools.gnu-tools-for-stm32.9-2020-q2-update.win32_2.0.0.202105311346/tools/bin/../lib/gcc/arm-none-eabi/9.3.1/../../../../arm-none-eabi/lib/thumb/v7e-m+fp/hard\libc_nano.a(lib_a-strtol.o)
 .text._strtol_r
                0x0000000008007828        0x4 d:/stm32/programs/stm32_cube_ide/stm32cubeide_1.5.0/stm32cubeide/plugins/com.st.stm32cube.ide.mcu.externaltools.gnu-tools-for-stm32.9-2020-q2-update.win32_2.0.0.202105311346/tools/bin/../lib/gcc/arm-none-eabi/9.3.1/../../../../arm-none-eabi/lib/thumb/v7e-m+fp/hard\libc_nano.a(lib_a-strtol.o)
                0x0000000008007828                _strtol_r
 .text.strtol   0x000000000800782c       0x14 d:/stm32/programs/stm32_cube_ide/stm32cubeide_1.5.0/stm32cubeide/plugins/com.st.stm32cube.ide.mcu.externaltools.gnu-tools-for-stm32.9-2020-q2-update.win32_2.0.0.202105311346/tools/bin/../lib/gcc/arm-none-eabi/9.3.1/../../../../arm-none-eabi/lib/thumb/v7e-m+fp/hard\libc_nano.a(lib_a-strtol.o)
                0x000000000800782c                strtol
 .text.__assert_func
                0x0000000008007840       0x3c d:/stm32/programs/stm32_cube_ide/stm32cubeide_1.5.0/stm32cubeide/plugins/com.st.stm32cube.ide.mcu.externaltools.gnu-tools-for-stm32.9-2020-q2-update.win32_2.0.0.202105311346/tools/bin/../lib/gcc/arm-none-eabi/9.3.1/../../../../arm-none-eabi/lib/thumb/v7e-m+fp/hard\libc_nano.a(lib_a-assert.o)
                0x0000000008007840                __assert_func
 .text.quorem   0x000000000800787c      0x116 d:/stm32/programs/stm32_cube_ide/stm32cubeide_1.5.0/stm32cubeide/plugins/com.st.stm32cube.ide.mcu.externaltools.gnu-tools-for-stm32.9-2020-q2-update.win32_2.0.0.202105311346/tools/bin/../lib/gcc/arm-none-eabi/9.3.1/../../../../arm-none-eabi/lib/thumb/v7e-m+fp/hard\libc_nano.a(lib_a-dtoa.o)
 *fill*         0x0000000008007992        0x6 
 .text._dtoa_r  0x0000000008007998      0xbd8 d:/stm32/programs/stm32_cube_ide/stm32cubeide_1.5.0/stm32cubeide/plugins/com.st.stm32cube.ide.mcu.externaltools.gnu-tools-for-stm32.9-2020-q2-update.win32_2.0.0.202105311346/tools/bin/../lib/gcc/arm-none-eabi/9.3.1/../../../../arm-none-eabi/lib/thumb/v7e-m+fp/hard\libc_nano.a(lib_a-dtoa.o)
                0x0000000008007998                _dtoa_r
 .text.fprintf  0x0000000008008570       0x24 d:/stm32/programs/stm32_cube_ide/stm32cubeide_1.5.0/stm32cubeide/plugins/com.st.stm32cube.ide.mcu.externaltools.gnu-tools-for-stm32.9-2020-q2-update.win32_2.0.0.202105311346/tools/bin/../lib/gcc/arm-none-eabi/9.3.1/../../../../arm-none-eabi/lib/thumb/v7e-m+fp/hard\libc_nano.a(lib_a-fprintf.o)
                0x0000000008008570                fiprintf
                0x0000000008008570                fprintf
 .text.rshift   0x0000000008008594       0xa4 d:/stm32/programs/stm32_cube_ide/stm32cubeide_1.5.0/stm32cubeide/plugins/com.st.stm32cube.ide.mcu.externaltools.gnu-tools-for-stm32.9-2020-q2-update.win32_2.0.0.202105311346/tools/bin/../lib/gcc/arm-none-eabi/9.3.1/../../../../arm-none-eabi/lib/thumb/v7e-m+fp/hard\libc_nano.a(lib_a-gdtoa-gethex.o)
 .text.__hexdig_fun
                0x0000000008008638       0x2a d:/stm32/programs/stm32_cube_ide/stm32cubeide_1.5.0/stm32cubeide/plugins/com.st.stm32cube.ide.mcu.externaltools.gnu-tools-for-stm32.9-2020-q2-update.win32_2.0.0.202105311346/tools/bin/../lib/gcc/arm-none-eabi/9.3.1/../../../../arm-none-eabi/lib/thumb/v7e-m+fp/hard\libc_nano.a(lib_a-gdtoa-gethex.o)
                0x0000000008008638                __hexdig_fun
 *fill*         0x0000000008008662        0x2 
 .text.__gethex
                0x0000000008008664      0x48c d:/stm32/programs/stm32_cube_ide/stm32cubeide_1.5.0/stm32cubeide/plugins/com.st.stm32cube.ide.mcu.externaltools.gnu-tools-for-stm32.9-2020-q2-update.win32_2.0.0.202105311346/tools/bin/../lib/gcc/arm-none-eabi/9.3.1/../../../../arm-none-eabi/lib/thumb/v7e-m+fp/hard\libc_nano.a(lib_a-gdtoa-gethex.o)
                0x0000000008008664                __gethex
 .text.L_shift  0x0000000008008af0       0x24 d:/stm32/programs/stm32_cube_ide/stm32cubeide_1.5.0/stm32cubeide/plugins/com.st.stm32cube.ide.mcu.externaltools.gnu-tools-for-stm32.9-2020-q2-update.win32_2.0.0.202105311346/tools/bin/../lib/gcc/arm-none-eabi/9.3.1/../../../../arm-none-eabi/lib/thumb/v7e-m+fp/hard\libc_nano.a(lib_a-gdtoa-hexnan.o)
 .text.__match  0x0000000008008b14       0x28 d:/stm32/programs/stm32_cube_ide/stm32cubeide_1.5.0/stm32cubeide/plugins/com.st.stm32cube.ide.mcu.externaltools.gnu-tools-for-stm32.9-2020-q2-update.win32_2.0.0.202105311346/tools/bin/../lib/gcc/arm-none-eabi/9.3.1/../../../../arm-none-eabi/lib/thumb/v7e-m+fp/hard\libc_nano.a(lib_a-gdtoa-hexnan.o)
                0x0000000008008b14                __match
 .text.__hexnan
                0x0000000008008b3c      0x138 d:/stm32/programs/stm32_cube_ide/stm32cubeide_1.5.0/stm32cubeide/plugins/com.st.stm32cube.ide.mcu.externaltools.gnu-tools-for-stm32.9-2020-q2-update.win32_2.0.0.202105311346/tools/bin/../lib/gcc/arm-none-eabi/9.3.1/../../../../arm-none-eabi/lib/thumb/v7e-m+fp/hard\libc_nano.a(lib_a-gdtoa-hexnan.o)
                0x0000000008008b3c                __hexnan
 .text._localeconv_r
                0x0000000008008c74        0x8 d:/stm32/programs/stm32_cube_ide/stm32cubeide_1.5.0/stm32cubeide/plugins/com.st.stm32cube.ide.mcu.externaltools.gnu-tools-for-stm32.9-2020-q2-update.win32_2.0.0.202105311346/tools/bin/../lib/gcc/arm-none-eabi/9.3.1/../../../../arm-none-eabi/lib/thumb/v7e-m+fp/hard\libc_nano.a(lib_a-localeconv.o)
                0x0000000008008c74                _localeconv_r
 .text.malloc   0x0000000008008c7c       0x10 d:/stm32/programs/stm32_cube_ide/stm32cubeide_1.5.0/stm32cubeide/plugins/com.st.stm32cube.ide.mcu.externaltools.gnu-tools-for-stm32.9-2020-q2-update.win32_2.0.0.202105311346/tools/bin/../lib/gcc/arm-none-eabi/9.3.1/../../../../arm-none-eabi/lib/thumb/v7e-m+fp/hard\libc_nano.a(lib_a-malloc.o)
                0x0000000008008c7c                malloc
 .text.__ascii_mbtowc
                0x0000000008008c8c       0x24 d:/stm32/programs/stm32_cube_ide/stm32cubeide_1.5.0/stm32cubeide/plugins/com.st.stm32cube.ide.mcu.externaltools.gnu-tools-for-stm32.9-2020-q2-update.win32_2.0.0.202105311346/tools/bin/../lib/gcc/arm-none-eabi/9.3.1/../../../../arm-none-eabi/lib/thumb/v7e-m+fp/hard\libc_nano.a(lib_a-mbtowc_r.o)
                0x0000000008008c8c                __ascii_mbtowc
 .text.memcpy   0x0000000008008cb0       0x1c d:/stm32/programs/stm32_cube_ide/stm32cubeide_1.5.0/stm32cubeide/plugins/com.st.stm32cube.ide.mcu.externaltools.gnu-tools-for-stm32.9-2020-q2-update.win32_2.0.0.202105311346/tools/bin/../lib/gcc/arm-none-eabi/9.3.1/../../../../arm-none-eabi/lib/thumb/v7e-m+fp/hard\libc_nano.a(lib_a-memcpy-stub.o)
                0x0000000008008cb0                memcpy
 .text._Balloc  0x0000000008008ccc       0x80 d:/stm32/programs/stm32_cube_ide/stm32cubeide_1.5.0/stm32cubeide/plugins/com.st.stm32cube.ide.mcu.externaltools.gnu-tools-for-stm32.9-2020-q2-update.win32_2.0.0.202105311346/tools/bin/../lib/gcc/arm-none-eabi/9.3.1/../../../../arm-none-eabi/lib/thumb/v7e-m+fp/hard\libc_nano.a(lib_a-mprec.o)
                0x0000000008008ccc                _Balloc
 .text._Bfree   0x0000000008008d4c       0x44 d:/stm32/programs/stm32_cube_ide/stm32cubeide_1.5.0/stm32cubeide/plugins/com.st.stm32cube.ide.mcu.externaltools.gnu-tools-for-stm32.9-2020-q2-update.win32_2.0.0.202105311346/tools/bin/../lib/gcc/arm-none-eabi/9.3.1/../../../../arm-none-eabi/lib/thumb/v7e-m+fp/hard\libc_nano.a(lib_a-mprec.o)
                0x0000000008008d4c                _Bfree
 .text.__multadd
                0x0000000008008d90       0x94 d:/stm32/programs/stm32_cube_ide/stm32cubeide_1.5.0/stm32cubeide/plugins/com.st.stm32cube.ide.mcu.externaltools.gnu-tools-for-stm32.9-2020-q2-update.win32_2.0.0.202105311346/tools/bin/../lib/gcc/arm-none-eabi/9.3.1/../../../../arm-none-eabi/lib/thumb/v7e-m+fp/hard\libc_nano.a(lib_a-mprec.o)
                0x0000000008008d90                __multadd
 .text.__s2b    0x0000000008008e24       0x94 d:/stm32/programs/stm32_cube_ide/stm32cubeide_1.5.0/stm32cubeide/plugins/com.st.stm32cube.ide.mcu.externaltools.gnu-tools-for-stm32.9-2020-q2-update.win32_2.0.0.202105311346/tools/bin/../lib/gcc/arm-none-eabi/9.3.1/../../../../arm-none-eabi/lib/thumb/v7e-m+fp/hard\libc_nano.a(lib_a-mprec.o)
                0x0000000008008e24                __s2b
 .text.__hi0bits
                0x0000000008008eb8       0x40 d:/stm32/programs/stm32_cube_ide/stm32cubeide_1.5.0/stm32cubeide/plugins/com.st.stm32cube.ide.mcu.externaltools.gnu-tools-for-stm32.9-2020-q2-update.win32_2.0.0.202105311346/tools/bin/../lib/gcc/arm-none-eabi/9.3.1/../../../../arm-none-eabi/lib/thumb/v7e-m+fp/hard\libc_nano.a(lib_a-mprec.o)
                0x0000000008008eb8                __hi0bits
 .text.__lo0bits
                0x0000000008008ef8       0x60 d:/stm32/programs/stm32_cube_ide/stm32cubeide_1.5.0/stm32cubeide/plugins/com.st.stm32cube.ide.mcu.externaltools.gnu-tools-for-stm32.9-2020-q2-update.win32_2.0.0.202105311346/tools/bin/../lib/gcc/arm-none-eabi/9.3.1/../../../../arm-none-eabi/lib/thumb/v7e-m+fp/hard\libc_nano.a(lib_a-mprec.o)
                0x0000000008008ef8                __lo0bits
 .text.__i2b    0x0000000008008f58       0x2c d:/stm32/programs/stm32_cube_ide/stm32cubeide_1.5.0/stm32cubeide/plugins/com.st.stm32cube.ide.mcu.externaltools.gnu-tools-for-stm32.9-2020-q2-update.win32_2.0.0.202105311346/tools/bin/../lib/gcc/arm-none-eabi/9.3.1/../../../../arm-none-eabi/lib/thumb/v7e-m+fp/hard\libc_nano.a(lib_a-mprec.o)
                0x0000000008008f58                __i2b
 .text.__multiply
                0x0000000008008f84      0x14c d:/stm32/programs/stm32_cube_ide/stm32cubeide_1.5.0/stm32cubeide/plugins/com.st.stm32cube.ide.mcu.externaltools.gnu-tools-for-stm32.9-2020-q2-update.win32_2.0.0.202105311346/tools/bin/../lib/gcc/arm-none-eabi/9.3.1/../../../../arm-none-eabi/lib/thumb/v7e-m+fp/hard\libc_nano.a(lib_a-mprec.o)
                0x0000000008008f84                __multiply
 .text.__pow5mult
                0x00000000080090d0       0xb4 d:/stm32/programs/stm32_cube_ide/stm32cubeide_1.5.0/stm32cubeide/plugins/com.st.stm32cube.ide.mcu.externaltools.gnu-tools-for-stm32.9-2020-q2-update.win32_2.0.0.202105311346/tools/bin/../lib/gcc/arm-none-eabi/9.3.1/../../../../arm-none-eabi/lib/thumb/v7e-m+fp/hard\libc_nano.a(lib_a-mprec.o)
                0x00000000080090d0                __pow5mult
 .text.__lshift
                0x0000000008009184       0xd8 d:/stm32/programs/stm32_cube_ide/stm32cubeide_1.5.0/stm32cubeide/plugins/com.st.stm32cube.ide.mcu.externaltools.gnu-tools-for-stm32.9-2020-q2-update.win32_2.0.0.202105311346/tools/bin/../lib/gcc/arm-none-eabi/9.3.1/../../../../arm-none-eabi/lib/thumb/v7e-m+fp/hard\libc_nano.a(lib_a-mprec.o)
                0x0000000008009184                __lshift
 .text.__mcmp   0x000000000800925c       0x38 d:/stm32/programs/stm32_cube_ide/stm32cubeide_1.5.0/stm32cubeide/plugins/com.st.stm32cube.ide.mcu.externaltools.gnu-tools-for-stm32.9-2020-q2-update.win32_2.0.0.202105311346/tools/bin/../lib/gcc/arm-none-eabi/9.3.1/../../../../arm-none-eabi/lib/thumb/v7e-m+fp/hard\libc_nano.a(lib_a-mprec.o)
                0x000000000800925c                __mcmp
 .text.__mdiff  0x0000000008009294      0x110 d:/stm32/programs/stm32_cube_ide/stm32cubeide_1.5.0/stm32cubeide/plugins/com.st.stm32cube.ide.mcu.externaltools.gnu-tools-for-stm32.9-2020-q2-update.win32_2.0.0.202105311346/tools/bin/../lib/gcc/arm-none-eabi/9.3.1/../../../../arm-none-eabi/lib/thumb/v7e-m+fp/hard\libc_nano.a(lib_a-mprec.o)
                0x0000000008009294                __mdiff
 .text.__ulp    0x00000000080093a4       0x58 d:/stm32/programs/stm32_cube_ide/stm32cubeide_1.5.0/stm32cubeide/plugins/com.st.stm32cube.ide.mcu.externaltools.gnu-tools-for-stm32.9-2020-q2-update.win32_2.0.0.202105311346/tools/bin/../lib/gcc/arm-none-eabi/9.3.1/../../../../arm-none-eabi/lib/thumb/v7e-m+fp/hard\libc_nano.a(lib_a-mprec.o)
                0x00000000080093a4                __ulp
 .text.__b2d    0x00000000080093fc       0xa0 d:/stm32/programs/stm32_cube_ide/stm32cubeide_1.5.0/stm32cubeide/plugins/com.st.stm32cube.ide.mcu.externaltools.gnu-tools-for-stm32.9-2020-q2-update.win32_2.0.0.202105311346/tools/bin/../lib/gcc/arm-none-eabi/9.3.1/../../../../arm-none-eabi/lib/thumb/v7e-m+fp/hard\libc_nano.a(lib_a-mprec.o)
                0x00000000080093fc                __b2d
 .text.__d2b    0x000000000800949c       0xb8 d:/stm32/programs/stm32_cube_ide/stm32cubeide_1.5.0/stm32cubeide/plugins/com.st.stm32cube.ide.mcu.externaltools.gnu-tools-for-stm32.9-2020-q2-update.win32_2.0.0.202105311346/tools/bin/../lib/gcc/arm-none-eabi/9.3.1/../../../../arm-none-eabi/lib/thumb/v7e-m+fp/hard\libc_nano.a(lib_a-mprec.o)
                0x000000000800949c                __d2b
 .text.__ratio  0x0000000008009554       0x66 d:/stm32/programs/stm32_cube_ide/stm32cubeide_1.5.0/stm32cubeide/plugins/com.st.stm32cube.ide.mcu.externaltools.gnu-tools-for-stm32.9-2020-q2-update.win32_2.0.0.202105311346/tools/bin/../lib/gcc/arm-none-eabi/9.3.1/../../../../arm-none-eabi/lib/thumb/v7e-m+fp/hard\libc_nano.a(lib_a-mprec.o)
                0x0000000008009554                __ratio
 .text.__copybits
                0x00000000080095ba       0x46 d:/stm32/programs/stm32_cube_ide/stm32cubeide_1.5.0/stm32cubeide/plugins/com.st.stm32cube.ide.mcu.externaltools.gnu-tools-for-stm32.9-2020-q2-update.win32_2.0.0.202105311346/tools/bin/../lib/gcc/arm-none-eabi/9.3.1/../../../../arm-none-eabi/lib/thumb/v7e-m+fp/hard\libc_nano.a(lib_a-mprec.o)
                0x00000000080095ba                __copybits
 .text.__any_on
                0x0000000008009600       0x42 d:/stm32/programs/stm32_cube_ide/stm32cubeide_1.5.0/stm32cubeide/plugins/com.st.stm32cube.ide.mcu.externaltools.gnu-tools-for-stm32.9-2020-q2-update.win32_2.0.0.202105311346/tools/bin/../lib/gcc/arm-none-eabi/9.3.1/../../../../arm-none-eabi/lib/thumb/v7e-m+fp/hard\libc_nano.a(lib_a-mprec.o)
                0x0000000008009600                __any_on
 .text._calloc_r
                0x0000000008009642       0x1e d:/stm32/programs/stm32_cube_ide/stm32cubeide_1.5.0/stm32cubeide/plugins/com.st.stm32cube.ide.mcu.externaltools.gnu-tools-for-stm32.9-2020-q2-update.win32_2.0.0.202105311346/tools/bin/../lib/gcc/arm-none-eabi/9.3.1/../../../../arm-none-eabi/lib/thumb/v7e-m+fp/hard\libc_nano.a(lib_a-nano-callocr.o)
                0x0000000008009642                _calloc_r
 .text._free_r  0x0000000008009660       0xa0 d:/stm32/programs/stm32_cube_ide/stm32cubeide_1.5.0/stm32cubeide/plugins/com.st.stm32cube.ide.mcu.externaltools.gnu-tools-for-stm32.9-2020-q2-update.win32_2.0.0.202105311346/tools/bin/../lib/gcc/arm-none-eabi/9.3.1/../../../../arm-none-eabi/lib/thumb/v7e-m+fp/hard\libc_nano.a(lib_a-nano-freer.o)
                0x0000000008009660                _free_r
 .text._malloc_r
                0x0000000008009700       0xb4 d:/stm32/programs/stm32_cube_ide/stm32cubeide_1.5.0/stm32cubeide/plugins/com.st.stm32cube.ide.mcu.externaltools.gnu-tools-for-stm32.9-2020-q2-update.win32_2.0.0.202105311346/tools/bin/../lib/gcc/arm-none-eabi/9.3.1/../../../../arm-none-eabi/lib/thumb/v7e-m+fp/hard\libc_nano.a(lib_a-nano-mallocr.o)
                0x0000000008009700                _malloc_r
 .text.__ssputs_r
                0x00000000080097b4       0xb6 d:/stm32/programs/stm32_cube_ide/stm32cubeide_1.5.0/stm32cubeide/plugins/com.st.stm32cube.ide.mcu.externaltools.gnu-tools-for-stm32.9-2020-q2-update.win32_2.0.0.202105311346/tools/bin/../lib/gcc/arm-none-eabi/9.3.1/../../../../arm-none-eabi/lib/thumb/v7e-m+fp/hard\libc_nano.a(lib_a-nano-svfprintf.o)
                0x00000000080097b4                __ssputs_r
 *fill*         0x000000000800986a        0x2 
 .text._svfprintf_r
                0x000000000800986c      0x200 d:/stm32/programs/stm32_cube_ide/stm32cubeide_1.5.0/stm32cubeide/plugins/com.st.stm32cube.ide.mcu.externaltools.gnu-tools-for-stm32.9-2020-q2-update.win32_2.0.0.202105311346/tools/bin/../lib/gcc/arm-none-eabi/9.3.1/../../../../arm-none-eabi/lib/thumb/v7e-m+fp/hard\libc_nano.a(lib_a-nano-svfprintf.o)
                0x000000000800986c                _svfiprintf_r
                0x000000000800986c                _svfprintf_r
 .text.__sfputc_r
                0x0000000008009a6c       0x2e d:/stm32/programs/stm32_cube_ide/stm32cubeide_1.5.0/stm32cubeide/plugins/com.st.stm32cube.ide.mcu.externaltools.gnu-tools-for-stm32.9-2020-q2-update.win32_2.0.0.202105311346/tools/bin/../lib/gcc/arm-none-eabi/9.3.1/../../../../arm-none-eabi/lib/thumb/v7e-m+fp/hard\libc_nano.a(lib_a-nano-vfprintf.o)
 .text.__sfputs_r
                0x0000000008009a9a       0x24 d:/stm32/programs/stm32_cube_ide/stm32cubeide_1.5.0/stm32cubeide/plugins/com.st.stm32cube.ide.mcu.externaltools.gnu-tools-for-stm32.9-2020-q2-update.win32_2.0.0.202105311346/tools/bin/../lib/gcc/arm-none-eabi/9.3.1/../../../../arm-none-eabi/lib/thumb/v7e-m+fp/hard\libc_nano.a(lib_a-nano-vfprintf.o)
                0x0000000008009a9a                __sfputs_r
 *fill*         0x0000000008009abe        0x2 
 .text._vfprintf_r
                0x0000000008009ac0      0x260 d:/stm32/programs/stm32_cube_ide/stm32cubeide_1.5.0/stm32cubeide/plugins/com.st.stm32cube.ide.mcu.externaltools.gnu-tools-for-stm32.9-2020-q2-update.win32_2.0.0.202105311346/tools/bin/../lib/gcc/arm-none-eabi/9.3.1/../../../../arm-none-eabi/lib/thumb/v7e-m+fp/hard\libc_nano.a(lib_a-nano-vfprintf.o)
                0x0000000008009ac0                _vfprintf_r
                0x0000000008009ac0                _vfiprintf_r
 .text.nan      0x0000000008009d20       0x10 d:/stm32/programs/stm32_cube_ide/stm32cubeide_1.5.0/stm32cubeide/plugins/com.st.stm32cube.ide.mcu.externaltools.gnu-tools-for-stm32.9-2020-q2-update.win32_2.0.0.202105311346/tools/bin/../lib/gcc/arm-none-eabi/9.3.1/../../../../arm-none-eabi/lib/thumb/v7e-m+fp/hard\libc_nano.a(lib_a-s_nan.o)
                0x0000000008009d20                nan
 .text._sbrk_r  0x0000000008009d30       0x20 d:/stm32/programs/stm32_cube_ide/stm32cubeide_1.5.0/stm32cubeide/plugins/com.st.stm32cube.ide.mcu.externaltools.gnu-tools-for-stm32.9-2020-q2-update.win32_2.0.0.202105311346/tools/bin/../lib/gcc/arm-none-eabi/9.3.1/../../../../arm-none-eabi/lib/thumb/v7e-m+fp/hard\libc_nano.a(lib_a-sbrkr.o)
                0x0000000008009d30                _sbrk_r
 .text.strncmp  0x0000000008009d50       0x24 d:/stm32/programs/stm32_cube_ide/stm32cubeide_1.5.0/stm32cubeide/plugins/com.st.stm32cube.ide.mcu.externaltools.gnu-tools-for-stm32.9-2020-q2-update.win32_2.0.0.202105311346/tools/bin/../lib/gcc/arm-none-eabi/9.3.1/../../../../arm-none-eabi/lib/thumb/v7e-m+fp/hard\libc_nano.a(lib_a-strncmp.o)
                0x0000000008009d50                strncmp
 .text.__swbuf_r
                0x0000000008009d74       0xa4 d:/stm32/programs/stm32_cube_ide/stm32cubeide_1.5.0/stm32cubeide/plugins/com.st.stm32cube.ide.mcu.externaltools.gnu-tools-for-stm32.9-2020-q2-update.win32_2.0.0.202105311346/tools/bin/../lib/gcc/arm-none-eabi/9.3.1/../../../../arm-none-eabi/lib/thumb/v7e-m+fp/hard\libc_nano.a(lib_a-wbuf.o)
                0x0000000008009d74                __swbuf_r
 .text.__ascii_wctomb
                0x0000000008009e18       0x1a d:/stm32/programs/stm32_cube_ide/stm32cubeide_1.5.0/stm32cubeide/plugins/com.st.stm32cube.ide.mcu.externaltools.gnu-tools-for-stm32.9-2020-q2-update.win32_2.0.0.202105311346/tools/bin/../lib/gcc/arm-none-eabi/9.3.1/../../../../arm-none-eabi/lib/thumb/v7e-m+fp/hard\libc_nano.a(lib_a-wctomb_r.o)
                0x0000000008009e18                __ascii_wctomb
 *fill*         0x0000000008009e32        0x2 
 .text.__swsetup_r
                0x0000000008009e34       0xdc d:/stm32/programs/stm32_cube_ide/stm32cubeide_1.5.0/stm32cubeide/plugins/com.st.stm32cube.ide.mcu.externaltools.gnu-tools-for-stm32.9-2020-q2-update.win32_2.0.0.202105311346/tools/bin/../lib/gcc/arm-none-eabi/9.3.1/../../../../arm-none-eabi/lib/thumb/v7e-m+fp/hard\libc_nano.a(lib_a-wsetup.o)
                0x0000000008009e34                __swsetup_r
 .text.abort    0x0000000008009f10        0xe d:/stm32/programs/stm32_cube_ide/stm32cubeide_1.5.0/stm32cubeide/plugins/com.st.stm32cube.ide.mcu.externaltools.gnu-tools-for-stm32.9-2020-q2-update.win32_2.0.0.202105311346/tools/bin/../lib/gcc/arm-none-eabi/9.3.1/../../../../arm-none-eabi/lib/thumb/v7e-m+fp/hard\libc_nano.a(lib_a-abort.o)
                0x0000000008009f10                abort
 *fill*         0x0000000008009f1e        0x2 
 .text.__sflush_r
                0x0000000008009f20      0x10c d:/stm32/programs/stm32_cube_ide/stm32cubeide_1.5.0/stm32cubeide/plugins/com.st.stm32cube.ide.mcu.externaltools.gnu-tools-for-stm32.9-2020-q2-update.win32_2.0.0.202105311346/tools/bin/../lib/gcc/arm-none-eabi/9.3.1/../../../../arm-none-eabi/lib/thumb/v7e-m+fp/hard\libc_nano.a(lib_a-fflush.o)
                0x0000000008009f20                __sflush_r
 .text._fflush_r
                0x000000000800a02c       0x78 d:/stm32/programs/stm32_cube_ide/stm32cubeide_1.5.0/stm32cubeide/plugins/com.st.stm32cube.ide.mcu.externaltools.gnu-tools-for-stm32.9-2020-q2-update.win32_2.0.0.202105311346/tools/bin/../lib/gcc/arm-none-eabi/9.3.1/../../../../arm-none-eabi/lib/thumb/v7e-m+fp/hard\libc_nano.a(lib_a-fflush.o)
                0x000000000800a02c                _fflush_r
 .text.std      0x000000000800a0a4       0x48 d:/stm32/programs/stm32_cube_ide/stm32cubeide_1.5.0/stm32cubeide/plugins/com.st.stm32cube.ide.mcu.externaltools.gnu-tools-for-stm32.9-2020-q2-update.win32_2.0.0.202105311346/tools/bin/../lib/gcc/arm-none-eabi/9.3.1/../../../../arm-none-eabi/lib/thumb/v7e-m+fp/hard\libc_nano.a(lib_a-findfp.o)
 .text._cleanup_r
                0x000000000800a0ec        0xc d:/stm32/programs/stm32_cube_ide/stm32cubeide_1.5.0/stm32cubeide/plugins/com.st.stm32cube.ide.mcu.externaltools.gnu-tools-for-stm32.9-2020-q2-update.win32_2.0.0.202105311346/tools/bin/../lib/gcc/arm-none-eabi/9.3.1/../../../../arm-none-eabi/lib/thumb/v7e-m+fp/hard\libc_nano.a(lib_a-findfp.o)
                0x000000000800a0ec                _cleanup_r
 .text.__sfmoreglue
                0x000000000800a0f8       0x2c d:/stm32/programs/stm32_cube_ide/stm32cubeide_1.5.0/stm32cubeide/plugins/com.st.stm32cube.ide.mcu.externaltools.gnu-tools-for-stm32.9-2020-q2-update.win32_2.0.0.202105311346/tools/bin/../lib/gcc/arm-none-eabi/9.3.1/../../../../arm-none-eabi/lib/thumb/v7e-m+fp/hard\libc_nano.a(lib_a-findfp.o)
                0x000000000800a0f8                __sfmoreglue
 .text.__sfp_lock_acquire
                0x000000000800a124        0xc d:/stm32/programs/stm32_cube_ide/stm32cubeide_1.5.0/stm32cubeide/plugins/com.st.stm32cube.ide.mcu.externaltools.gnu-tools-for-stm32.9-2020-q2-update.win32_2.0.0.202105311346/tools/bin/../lib/gcc/arm-none-eabi/9.3.1/../../../../arm-none-eabi/lib/thumb/v7e-m+fp/hard\libc_nano.a(lib_a-findfp.o)
                0x000000000800a124                __sfp_lock_acquire
 .text.__sfp_lock_release
                0x000000000800a130        0xc d:/stm32/programs/stm32_cube_ide/stm32cubeide_1.5.0/stm32cubeide/plugins/com.st.stm32cube.ide.mcu.externaltools.gnu-tools-for-stm32.9-2020-q2-update.win32_2.0.0.202105311346/tools/bin/../lib/gcc/arm-none-eabi/9.3.1/../../../../arm-none-eabi/lib/thumb/v7e-m+fp/hard\libc_nano.a(lib_a-findfp.o)
                0x000000000800a130                __sfp_lock_release
 .text.__sinit_lock_acquire
                0x000000000800a13c        0xc d:/stm32/programs/stm32_cube_ide/stm32cubeide_1.5.0/stm32cubeide/plugins/com.st.stm32cube.ide.mcu.externaltools.gnu-tools-for-stm32.9-2020-q2-update.win32_2.0.0.202105311346/tools/bin/../lib/gcc/arm-none-eabi/9.3.1/../../../../arm-none-eabi/lib/thumb/v7e-m+fp/hard\libc_nano.a(lib_a-findfp.o)
                0x000000000800a13c                __sinit_lock_acquire
 .text.__sinit_lock_release
                0x000000000800a148        0xc d:/stm32/programs/stm32_cube_ide/stm32cubeide_1.5.0/stm32cubeide/plugins/com.st.stm32cube.ide.mcu.externaltools.gnu-tools-for-stm32.9-2020-q2-update.win32_2.0.0.202105311346/tools/bin/../lib/gcc/arm-none-eabi/9.3.1/../../../../arm-none-eabi/lib/thumb/v7e-m+fp/hard\libc_nano.a(lib_a-findfp.o)
                0x000000000800a148                __sinit_lock_release
 .text.__sinit  0x000000000800a154       0x70 d:/stm32/programs/stm32_cube_ide/stm32cubeide_1.5.0/stm32cubeide/plugins/com.st.stm32cube.ide.mcu.externaltools.gnu-tools-for-stm32.9-2020-q2-update.win32_2.0.0.202105311346/tools/bin/../lib/gcc/arm-none-eabi/9.3.1/../../../../arm-none-eabi/lib/thumb/v7e-m+fp/hard\libc_nano.a(lib_a-findfp.o)
                0x000000000800a154                __sinit
 .text.__sfp    0x000000000800a1c4       0x8c d:/stm32/programs/stm32_cube_ide/stm32cubeide_1.5.0/stm32cubeide/plugins/com.st.stm32cube.ide.mcu.externaltools.gnu-tools-for-stm32.9-2020-q2-update.win32_2.0.0.202105311346/tools/bin/../lib/gcc/arm-none-eabi/9.3.1/../../../../arm-none-eabi/lib/thumb/v7e-m+fp/hard\libc_nano.a(lib_a-findfp.o)
                0x000000000800a1c4                __sfp
 .text._fwalk_reent
                0x000000000800a250       0x3e d:/stm32/programs/stm32_cube_ide/stm32cubeide_1.5.0/stm32cubeide/plugins/com.st.stm32cube.ide.mcu.externaltools.gnu-tools-for-stm32.9-2020-q2-update.win32_2.0.0.202105311346/tools/bin/../lib/gcc/arm-none-eabi/9.3.1/../../../../arm-none-eabi/lib/thumb/v7e-m+fp/hard\libc_nano.a(lib_a-fwalk.o)
                0x000000000800a250                _fwalk_reent
 .text.__retarget_lock_init_recursive
                0x000000000800a28e        0x2 d:/stm32/programs/stm32_cube_ide/stm32cubeide_1.5.0/stm32cubeide/plugins/com.st.stm32cube.ide.mcu.externaltools.gnu-tools-for-stm32.9-2020-q2-update.win32_2.0.0.202105311346/tools/bin/../lib/gcc/arm-none-eabi/9.3.1/../../../../arm-none-eabi/lib/thumb/v7e-m+fp/hard\libc_nano.a(lib_a-lock.o)
                0x000000000800a28e                __retarget_lock_init_recursive
 .text.__retarget_lock_acquire_recursive
                0x000000000800a290        0x2 d:/stm32/programs/stm32_cube_ide/stm32cubeide_1.5.0/stm32cubeide/plugins/com.st.stm32cube.ide.mcu.externaltools.gnu-tools-for-stm32.9-2020-q2-update.win32_2.0.0.202105311346/tools/bin/../lib/gcc/arm-none-eabi/9.3.1/../../../../arm-none-eabi/lib/thumb/v7e-m+fp/hard\libc_nano.a(lib_a-lock.o)
                0x000000000800a290                __retarget_lock_acquire_recursive
 .text.__retarget_lock_release_recursive
                0x000000000800a292        0x2 d:/stm32/programs/stm32_cube_ide/stm32cubeide_1.5.0/stm32cubeide/plugins/com.st.stm32cube.ide.mcu.externaltools.gnu-tools-for-stm32.9-2020-q2-update.win32_2.0.0.202105311346/tools/bin/../lib/gcc/arm-none-eabi/9.3.1/../../../../arm-none-eabi/lib/thumb/v7e-m+fp/hard\libc_nano.a(lib_a-lock.o)
                0x000000000800a292                __retarget_lock_release_recursive
 .text.__swhatbuf_r
                0x000000000800a294       0x48 d:/stm32/programs/stm32_cube_ide/stm32cubeide_1.5.0/stm32cubeide/plugins/com.st.stm32cube.ide.mcu.externaltools.gnu-tools-for-stm32.9-2020-q2-update.win32_2.0.0.202105311346/tools/bin/../lib/gcc/arm-none-eabi/9.3.1/../../../../arm-none-eabi/lib/thumb/v7e-m+fp/hard\libc_nano.a(lib_a-makebuf.o)
                0x000000000800a294                __swhatbuf_r
 .text.__smakebuf_r
                0x000000000800a2dc       0x80 d:/stm32/programs/stm32_cube_ide/stm32cubeide_1.5.0/stm32cubeide/plugins/com.st.stm32cube.ide.mcu.externaltools.gnu-tools-for-stm32.9-2020-q2-update.win32_2.0.0.202105311346/tools/bin/../lib/gcc/arm-none-eabi/9.3.1/../../../../arm-none-eabi/lib/thumb/v7e-m+fp/hard\libc_nano.a(lib_a-makebuf.o)
                0x000000000800a2dc                __smakebuf_r
 .text.memmove  0x000000000800a35c       0x34 d:/stm32/programs/stm32_cube_ide/stm32cubeide_1.5.0/stm32cubeide/plugins/com.st.stm32cube.ide.mcu.externaltools.gnu-tools-for-stm32.9-2020-q2-update.win32_2.0.0.202105311346/tools/bin/../lib/gcc/arm-none-eabi/9.3.1/../../../../arm-none-eabi/lib/thumb/v7e-m+fp/hard\libc_nano.a(lib_a-memmove.o)
                0x000000000800a35c                memmove
 .text.__malloc_lock
                0x000000000800a390        0xc d:/stm32/programs/stm32_cube_ide/stm32cubeide_1.5.0/stm32cubeide/plugins/com.st.stm32cube.ide.mcu.externaltools.gnu-tools-for-stm32.9-2020-q2-update.win32_2.0.0.202105311346/tools/bin/../lib/gcc/arm-none-eabi/9.3.1/../../../../arm-none-eabi/lib/thumb/v7e-m+fp/hard\libc_nano.a(lib_a-mlock.o)
                0x000000000800a390                __malloc_lock
 .text.__malloc_unlock
                0x000000000800a39c        0xc d:/stm32/programs/stm32_cube_ide/stm32cubeide_1.5.0/stm32cubeide/plugins/com.st.stm32cube.ide.mcu.externaltools.gnu-tools-for-stm32.9-2020-q2-update.win32_2.0.0.202105311346/tools/bin/../lib/gcc/arm-none-eabi/9.3.1/../../../../arm-none-eabi/lib/thumb/v7e-m+fp/hard\libc_nano.a(lib_a-mlock.o)
                0x000000000800a39c                __malloc_unlock
 .text._realloc_r
                0x000000000800a3a8       0x4c d:/stm32/programs/stm32_cube_ide/stm32cubeide_1.5.0/stm32cubeide/plugins/com.st.stm32cube.ide.mcu.externaltools.gnu-tools-for-stm32.9-2020-q2-update.win32_2.0.0.202105311346/tools/bin/../lib/gcc/arm-none-eabi/9.3.1/../../../../arm-none-eabi/lib/thumb/v7e-m+fp/hard\libc_nano.a(lib_a-nano-reallocr.o)
                0x000000000800a3a8                _realloc_r
 .text._raise_r
                0x000000000800a3f4       0x50 d:/stm32/programs/stm32_cube_ide/stm32cubeide_1.5.0/stm32cubeide/plugins/com.st.stm32cube.ide.mcu.externaltools.gnu-tools-for-stm32.9-2020-q2-update.win32_2.0.0.202105311346/tools/bin/../lib/gcc/arm-none-eabi/9.3.1/../../../../arm-none-eabi/lib/thumb/v7e-m+fp/hard\libc_nano.a(lib_a-signal.o)
                0x000000000800a3f4                _raise_r
 .text.raise    0x000000000800a444       0x10 d:/stm32/programs/stm32_cube_ide/stm32cubeide_1.5.0/stm32cubeide/plugins/com.st.stm32cube.ide.mcu.externaltools.gnu-tools-for-stm32.9-2020-q2-update.win32_2.0.0.202105311346/tools/bin/../lib/gcc/arm-none-eabi/9.3.1/../../../../arm-none-eabi/lib/thumb/v7e-m+fp/hard\libc_nano.a(lib_a-signal.o)
                0x000000000800a444                raise
 .text._kill_r  0x000000000800a454       0x24 d:/stm32/programs/stm32_cube_ide/stm32cubeide_1.5.0/stm32cubeide/plugins/com.st.stm32cube.ide.mcu.externaltools.gnu-tools-for-stm32.9-2020-q2-update.win32_2.0.0.202105311346/tools/bin/../lib/gcc/arm-none-eabi/9.3.1/../../../../arm-none-eabi/lib/thumb/v7e-m+fp/hard\libc_nano.a(lib_a-signalr.o)
                0x000000000800a454                _kill_r
 .text._getpid_r
                0x000000000800a478        0x4 d:/stm32/programs/stm32_cube_ide/stm32cubeide_1.5.0/stm32cubeide/plugins/com.st.stm32cube.ide.mcu.externaltools.gnu-tools-for-stm32.9-2020-q2-update.win32_2.0.0.202105311346/tools/bin/../lib/gcc/arm-none-eabi/9.3.1/../../../../arm-none-eabi/lib/thumb/v7e-m+fp/hard\libc_nano.a(lib_a-signalr.o)
                0x000000000800a478                _getpid_r
 .text.__sread  0x000000000800a47c       0x22 d:/stm32/programs/stm32_cube_ide/stm32cubeide_1.5.0/stm32cubeide/plugins/com.st.stm32cube.ide.mcu.externaltools.gnu-tools-for-stm32.9-2020-q2-update.win32_2.0.0.202105311346/tools/bin/../lib/gcc/arm-none-eabi/9.3.1/../../../../arm-none-eabi/lib/thumb/v7e-m+fp/hard\libc_nano.a(lib_a-stdio.o)
                0x000000000800a47c                __sread
 .text.__swrite
                0x000000000800a49e       0x38 d:/stm32/programs/stm32_cube_ide/stm32cubeide_1.5.0/stm32cubeide/plugins/com.st.stm32cube.ide.mcu.externaltools.gnu-tools-for-stm32.9-2020-q2-update.win32_2.0.0.202105311346/tools/bin/../lib/gcc/arm-none-eabi/9.3.1/../../../../arm-none-eabi/lib/thumb/v7e-m+fp/hard\libc_nano.a(lib_a-stdio.o)
                0x000000000800a49e                __swrite
 .text.__sseek  0x000000000800a4d6       0x24 d:/stm32/programs/stm32_cube_ide/stm32cubeide_1.5.0/stm32cubeide/plugins/com.st.stm32cube.ide.mcu.externaltools.gnu-tools-for-stm32.9-2020-q2-update.win32_2.0.0.202105311346/tools/bin/../lib/gcc/arm-none-eabi/9.3.1/../../../../arm-none-eabi/lib/thumb/v7e-m+fp/hard\libc_nano.a(lib_a-stdio.o)
                0x000000000800a4d6                __sseek
 .text.__sclose
                0x000000000800a4fa        0x8 d:/stm32/programs/stm32_cube_ide/stm32cubeide_1.5.0/stm32cubeide/plugins/com.st.stm32cube.ide.mcu.externaltools.gnu-tools-for-stm32.9-2020-q2-update.win32_2.0.0.202105311346/tools/bin/../lib/gcc/arm-none-eabi/9.3.1/../../../../arm-none-eabi/lib/thumb/v7e-m+fp/hard\libc_nano.a(lib_a-stdio.o)
                0x000000000800a4fa                __sclose
 *fill*         0x000000000800a502        0x2 
 .text._write_r
                0x000000000800a504       0x24 d:/stm32/programs/stm32_cube_ide/stm32cubeide_1.5.0/stm32cubeide/plugins/com.st.stm32cube.ide.mcu.externaltools.gnu-tools-for-stm32.9-2020-q2-update.win32_2.0.0.202105311346/tools/bin/../lib/gcc/arm-none-eabi/9.3.1/../../../../arm-none-eabi/lib/thumb/v7e-m+fp/hard\libc_nano.a(lib_a-writer.o)
                0x000000000800a504                _write_r
 .text._close_r
                0x000000000800a528       0x20 d:/stm32/programs/stm32_cube_ide/stm32cubeide_1.5.0/stm32cubeide/plugins/com.st.stm32cube.ide.mcu.externaltools.gnu-tools-for-stm32.9-2020-q2-update.win32_2.0.0.202105311346/tools/bin/../lib/gcc/arm-none-eabi/9.3.1/../../../../arm-none-eabi/lib/thumb/v7e-m+fp/hard\libc_nano.a(lib_a-closer.o)
                0x000000000800a528                _close_r
 .text._fstat_r
                0x000000000800a548       0x24 d:/stm32/programs/stm32_cube_ide/stm32cubeide_1.5.0/stm32cubeide/plugins/com.st.stm32cube.ide.mcu.externaltools.gnu-tools-for-stm32.9-2020-q2-update.win32_2.0.0.202105311346/tools/bin/../lib/gcc/arm-none-eabi/9.3.1/../../../../arm-none-eabi/lib/thumb/v7e-m+fp/hard\libc_nano.a(lib_a-fstatr.o)
                0x000000000800a548                _fstat_r
 .text._isatty_r
                0x000000000800a56c       0x20 d:/stm32/programs/stm32_cube_ide/stm32cubeide_1.5.0/stm32cubeide/plugins/com.st.stm32cube.ide.mcu.externaltools.gnu-tools-for-stm32.9-2020-q2-update.win32_2.0.0.202105311346/tools/bin/../lib/gcc/arm-none-eabi/9.3.1/../../../../arm-none-eabi/lib/thumb/v7e-m+fp/hard\libc_nano.a(lib_a-isattyr.o)
                0x000000000800a56c                _isatty_r
 .text._lseek_r
                0x000000000800a58c       0x24 d:/stm32/programs/stm32_cube_ide/stm32cubeide_1.5.0/stm32cubeide/plugins/com.st.stm32cube.ide.mcu.externaltools.gnu-tools-for-stm32.9-2020-q2-update.win32_2.0.0.202105311346/tools/bin/../lib/gcc/arm-none-eabi/9.3.1/../../../../arm-none-eabi/lib/thumb/v7e-m+fp/hard\libc_nano.a(lib_a-lseekr.o)
                0x000000000800a58c                _lseek_r
 .text._malloc_usable_size_r
                0x000000000800a5b0       0x10 d:/stm32/programs/stm32_cube_ide/stm32cubeide_1.5.0/stm32cubeide/plugins/com.st.stm32cube.ide.mcu.externaltools.gnu-tools-for-stm32.9-2020-q2-update.win32_2.0.0.202105311346/tools/bin/../lib/gcc/arm-none-eabi/9.3.1/../../../../arm-none-eabi/lib/thumb/v7e-m+fp/hard\libc_nano.a(lib_a-nano-msizer.o)
                0x000000000800a5b0                _malloc_usable_size_r
 .text._read_r  0x000000000800a5c0       0x24 d:/stm32/programs/stm32_cube_ide/stm32cubeide_1.5.0/stm32cubeide/plugins/com.st.stm32cube.ide.mcu.externaltools.gnu-tools-for-stm32.9-2020-q2-update.win32_2.0.0.202105311346/tools/bin/../lib/gcc/arm-none-eabi/9.3.1/../../../../arm-none-eabi/lib/thumb/v7e-m+fp/hard\libc_nano.a(lib_a-readr.o)
                0x000000000800a5c0                _read_r
 *(.glue_7)
 .glue_7        0x000000000800a5e4        0x0 linker stubs
 *(.glue_7t)
 .glue_7t       0x000000000800a5e4        0x0 linker stubs
 *(.eh_frame)
 .eh_frame      0x000000000800a5e4        0x0 d:/stm32/programs/stm32_cube_ide/stm32cubeide_1.5.0/stm32cubeide/plugins/com.st.stm32cube.ide.mcu.externaltools.gnu-tools-for-stm32.9-2020-q2-update.win32_2.0.0.202105311346/tools/bin/../lib/gcc/arm-none-eabi/9.3.1/thumb/v7e-m+fp/hard/crtbegin.o
 *(.init)
 .init          0x000000000800a5e4        0x4 d:/stm32/programs/stm32_cube_ide/stm32cubeide_1.5.0/stm32cubeide/plugins/com.st.stm32cube.ide.mcu.externaltools.gnu-tools-for-stm32.9-2020-q2-update.win32_2.0.0.202105311346/tools/bin/../lib/gcc/arm-none-eabi/9.3.1/thumb/v7e-m+fp/hard/crti.o
                0x000000000800a5e4                _init
 .init          0x000000000800a5e8        0x8 d:/stm32/programs/stm32_cube_ide/stm32cubeide_1.5.0/stm32cubeide/plugins/com.st.stm32cube.ide.mcu.externaltools.gnu-tools-for-stm32.9-2020-q2-update.win32_2.0.0.202105311346/tools/bin/../lib/gcc/arm-none-eabi/9.3.1/thumb/v7e-m+fp/hard/crtn.o
 *(.fini)
 .fini          0x000000000800a5f0        0x4 d:/stm32/programs/stm32_cube_ide/stm32cubeide_1.5.0/stm32cubeide/plugins/com.st.stm32cube.ide.mcu.externaltools.gnu-tools-for-stm32.9-2020-q2-update.win32_2.0.0.202105311346/tools/bin/../lib/gcc/arm-none-eabi/9.3.1/thumb/v7e-m+fp/hard/crti.o
                0x000000000800a5f0                _fini
 .fini          0x000000000800a5f4        0x8 d:/stm32/programs/stm32_cube_ide/stm32cubeide_1.5.0/stm32cubeide/plugins/com.st.stm32cube.ide.mcu.externaltools.gnu-tools-for-stm32.9-2020-q2-update.win32_2.0.0.202105311346/tools/bin/../lib/gcc/arm-none-eabi/9.3.1/thumb/v7e-m+fp/hard/crtn.o
                0x000000000800a5fc                . = ALIGN (0x4)
                0x000000000800a5fc                _etext = .

.vfp11_veneer   0x000000000800a5fc        0x0
 .vfp11_veneer  0x000000000800a5fc        0x0 linker stubs

.v4_bx          0x000000000800a5fc        0x0
 .v4_bx         0x000000000800a5fc        0x0 linker stubs

.iplt           0x000000000800a5fc        0x0
 .iplt          0x000000000800a5fc        0x0 d:/stm32/programs/stm32_cube_ide/stm32cubeide_1.5.0/stm32cubeide/plugins/com.st.stm32cube.ide.mcu.externaltools.gnu-tools-for-stm32.9-2020-q2-update.win32_2.0.0.202105311346/tools/bin/../lib/gcc/arm-none-eabi/9.3.1/thumb/v7e-m+fp/hard/crtbegin.o

.rodata         0x000000000800a600    0x12ca0
                0x000000000800a600                . = ALIGN (0x4)
 *(.rodata)
 .rodata        0x000000000800a600       0x6e ./Core/Src/functions.o
 *fill*         0x000000000800a66e        0x2 
 .rodata        0x000000000800a670       0x97 ./Core/Src/parser.o
 *(.rodata*)
 *fill*         0x000000000800a707        0x1 
 .rodata.arialBlack_20ptBitmaps
                0x000000000800a708     0x1dab ./Core/Src/EnhancedFonts/arialBlack_20ptFontInfo.o
                0x000000000800a708                arialBlack_20ptBitmaps
 *fill*         0x000000000800c4b3        0x1 
 .rodata.arialBlack_20ptDescriptors
                0x000000000800c4b4      0x1c0 ./Core/Src/EnhancedFonts/arialBlack_20ptFontInfo.o
                0x000000000800c4b4                arialBlack_20ptDescriptors
 .rodata.arialBlack_20ptFontInfo
                0x000000000800c674        0xc ./Core/Src/EnhancedFonts/arialBlack_20ptFontInfo.o
                0x000000000800c674                arialBlack_20ptFontInfo
 .rodata.initcmd
                0x000000000800c680       0x6f ./Core/Src/TFT_ILI9341.o
 *fill*         0x000000000800c6ef        0x1 
 .rodata.logo   0x000000000800c6f0    0x10680 ./Core/Src/functions.o
                0x000000000800c6f0                logo
 .rodata.AHBPrescTable
                0x000000000801cd70       0x10 ./Core/Src/system_stm32f4xx.o
                0x000000000801cd70                AHBPrescTable
 .rodata.APBPrescTable
                0x000000000801cd80        0x8 ./Core/Src/system_stm32f4xx.o
                0x000000000801cd80                APBPrescTable
 .rodata.flagBitshiftOffset.7747
                0x000000000801cd88        0x8 ./Drivers/STM32F4xx_HAL_Driver/Src/stm32f4xx_hal_dma.o
 .rodata._global_impure_ptr
                0x000000000801cd90        0x4 d:/stm32/programs/stm32_cube_ide/stm32cubeide_1.5.0/stm32cubeide/plugins/com.st.stm32cube.ide.mcu.externaltools.gnu-tools-for-stm32.9-2020-q2-update.win32_2.0.0.202105311346/tools/bin/../lib/gcc/arm-none-eabi/9.3.1/../../../../arm-none-eabi/lib/thumb/v7e-m+fp/hard\libc_nano.a(lib_a-impure.o)
                0x000000000801cd90                _global_impure_ptr
 .rodata._printf_float.str1.1
                0x000000000801cd94       0x12 d:/stm32/programs/stm32_cube_ide/stm32cubeide_1.5.0/stm32cubeide/plugins/com.st.stm32cube.ide.mcu.externaltools.gnu-tools-for-stm32.9-2020-q2-update.win32_2.0.0.202105311346/tools/bin/../lib/gcc/arm-none-eabi/9.3.1/../../../../arm-none-eabi/lib/thumb/v7e-m+fp/hard\libc_nano.a(lib_a-nano-vfprintf_float.o)
 .rodata._printf_i.str1.1
                0x000000000801cda6       0x22 d:/stm32/programs/stm32_cube_ide/stm32cubeide_1.5.0/stm32cubeide/plugins/com.st.stm32cube.ide.mcu.externaltools.gnu-tools-for-stm32.9-2020-q2-update.win32_2.0.0.202105311346/tools/bin/../lib/gcc/arm-none-eabi/9.3.1/../../../../arm-none-eabi/lib/thumb/v7e-m+fp/hard\libc_nano.a(lib_a-nano-vfprintf_i.o)
 .rodata._scanf_float.str1.1
                0x000000000801cdc8        0x5 d:/stm32/programs/stm32_cube_ide/stm32cubeide_1.5.0/stm32cubeide/plugins/com.st.stm32cube.ide.mcu.externaltools.gnu-tools-for-stm32.9-2020-q2-update.win32_2.0.0.202105311346/tools/bin/../lib/gcc/arm-none-eabi/9.3.1/../../../../arm-none-eabi/lib/thumb/v7e-m+fp/hard\libc_nano.a(lib_a-nano-vfscanf_float.o)
                                          0x6 (size before relaxing)
 .rodata._strtod_l.str1.1
                0x000000000801cdcd        0x5 d:/stm32/programs/stm32_cube_ide/stm32cubeide_1.5.0/stm32cubeide/plugins/com.st.stm32cube.ide.mcu.externaltools.gnu-tools-for-stm32.9-2020-q2-update.win32_2.0.0.202105311346/tools/bin/../lib/gcc/arm-none-eabi/9.3.1/../../../../arm-none-eabi/lib/thumb/v7e-m+fp/hard\libc_nano.a(lib_a-strtod.o)
                                          0xd (size before relaxing)
 *fill*         0x000000000801cdcd        0x3 
 .rodata.fpi.7583
                0x000000000801cdd0       0x14 d:/stm32/programs/stm32_cube_ide/stm32cubeide_1.5.0/stm32cubeide/plugins/com.st.stm32cube.ide.mcu.externaltools.gnu-tools-for-stm32.9-2020-q2-update.win32_2.0.0.202105311346/tools/bin/../lib/gcc/arm-none-eabi/9.3.1/../../../../arm-none-eabi/lib/thumb/v7e-m+fp/hard\libc_nano.a(lib_a-strtod.o)
 .rodata.fpinan.7619
                0x000000000801cde4       0x14 d:/stm32/programs/stm32_cube_ide/stm32cubeide_1.5.0/stm32cubeide/plugins/com.st.stm32cube.ide.mcu.externaltools.gnu-tools-for-stm32.9-2020-q2-update.win32_2.0.0.202105311346/tools/bin/../lib/gcc/arm-none-eabi/9.3.1/../../../../arm-none-eabi/lib/thumb/v7e-m+fp/hard\libc_nano.a(lib_a-strtod.o)
 .rodata.tinytens
                0x000000000801cdf8       0x28 d:/stm32/programs/stm32_cube_ide/stm32cubeide_1.5.0/stm32cubeide/plugins/com.st.stm32cube.ide.mcu.externaltools.gnu-tools-for-stm32.9-2020-q2-update.win32_2.0.0.202105311346/tools/bin/../lib/gcc/arm-none-eabi/9.3.1/../../../../arm-none-eabi/lib/thumb/v7e-m+fp/hard\libc_nano.a(lib_a-strtod.o)
 .rodata.strtok.str1.1
                0x000000000801ce20       0x78 d:/stm32/programs/stm32_cube_ide/stm32cubeide_1.5.0/stm32cubeide/plugins/com.st.stm32cube.ide.mcu.externaltools.gnu-tools-for-stm32.9-2020-q2-update.win32_2.0.0.202105311346/tools/bin/../lib/gcc/arm-none-eabi/9.3.1/../../../../arm-none-eabi/lib/thumb/v7e-m+fp/hard\libc_nano.a(lib_a-strtok.o)
 .rodata.__assert_func.str1.1
                0x000000000801ce98       0x3c d:/stm32/programs/stm32_cube_ide/stm32cubeide_1.5.0/stm32cubeide/plugins/com.st.stm32cube.ide.mcu.externaltools.gnu-tools-for-stm32.9-2020-q2-update.win32_2.0.0.202105311346/tools/bin/../lib/gcc/arm-none-eabi/9.3.1/../../../../arm-none-eabi/lib/thumb/v7e-m+fp/hard\libc_nano.a(lib_a-assert.o)
                                         0x3d (size before relaxing)
 .rodata._ctype_
                0x000000000801ced4      0x101 d:/stm32/programs/stm32_cube_ide/stm32cubeide_1.5.0/stm32cubeide/plugins/com.st.stm32cube.ide.mcu.externaltools.gnu-tools-for-stm32.9-2020-q2-update.win32_2.0.0.202105311346/tools/bin/../lib/gcc/arm-none-eabi/9.3.1/../../../../arm-none-eabi/lib/thumb/v7e-m+fp/hard\libc_nano.a(lib_a-ctype_.o)
                0x000000000801ced4                _ctype_
 .rodata._dtoa_r.str1.1
                0x000000000801cfd5       0x7d d:/stm32/programs/stm32_cube_ide/stm32cubeide_1.5.0/stm32cubeide/plugins/com.st.stm32cube.ide.mcu.externaltools.gnu-tools-for-stm32.9-2020-q2-update.win32_2.0.0.202105311346/tools/bin/../lib/gcc/arm-none-eabi/9.3.1/../../../../arm-none-eabi/lib/thumb/v7e-m+fp/hard\libc_nano.a(lib_a-dtoa.o)
                                         0x96 (size before relaxing)
 .rodata.__gethex.str1.1
                0x000000000801d052       0x67 d:/stm32/programs/stm32_cube_ide/stm32cubeide_1.5.0/stm32cubeide/plugins/com.st.stm32cube.ide.mcu.externaltools.gnu-tools-for-stm32.9-2020-q2-update.win32_2.0.0.202105311346/tools/bin/../lib/gcc/arm-none-eabi/9.3.1/../../../../arm-none-eabi/lib/thumb/v7e-m+fp/hard\libc_nano.a(lib_a-gdtoa-gethex.o)
                                         0x78 (size before relaxing)
 .rodata.str1.1
                0x000000000801d0b9        0x2 d:/stm32/programs/stm32_cube_ide/stm32cubeide_1.5.0/stm32cubeide/plugins/com.st.stm32cube.ide.mcu.externaltools.gnu-tools-for-stm32.9-2020-q2-update.win32_2.0.0.202105311346/tools/bin/../lib/gcc/arm-none-eabi/9.3.1/../../../../arm-none-eabi/lib/thumb/v7e-m+fp/hard\libc_nano.a(lib_a-lnumeric.o)
                                          0x3 (size before relaxing)
 *fill*         0x000000000801d0bb        0x1 
 .rodata._C_numeric_locale